Archive member included to satisfy reference by file (symbol)

C:/ST/STM32CubeCLT_1.19.0/GNU-tools-for-STM32/bin/../lib/gcc/arm-none-eabi/13.3.1/../../../../arm-none-eabi/lib/thumb/v7-m/nofp\libm.a(libm_a-w_atan2.o)
                              CMakeFiles/Cmake_2D_Gimbal.dir/Hardware/OLED.c.obj (atan2)
C:/ST/STM32CubeCLT_1.19.0/GNU-tools-for-STM32/bin/../lib/gcc/arm-none-eabi/13.3.1/../../../../arm-none-eabi/lib/thumb/v7-m/nofp\libm.a(libm_a-s_round.o)
                              CMakeFiles/Cmake_2D_Gimbal.dir/Hardware/OLED.c.obj (round)
C:/ST/STM32CubeCLT_1.19.0/GNU-tools-for-STM32/bin/../lib/gcc/arm-none-eabi/13.3.1/../../../../arm-none-eabi/lib/thumb/v7-m/nofp\libm.a(libm_a-e_atan2.o)
                              C:/ST/STM32CubeCLT_1.19.0/GNU-tools-for-STM32/bin/../lib/gcc/arm-none-eabi/13.3.1/../../../../arm-none-eabi/lib/thumb/v7-m/nofp\libm.a(libm_a-w_atan2.o) (__ieee754_atan2)
C:/ST/STM32CubeCLT_1.19.0/GNU-tools-for-STM32/bin/../lib/gcc/arm-none-eabi/13.3.1/../../../../arm-none-eabi/lib/thumb/v7-m/nofp\libm.a(libm_a-s_atan.o)
                              C:/ST/STM32CubeCLT_1.19.0/GNU-tools-for-STM32/bin/../lib/gcc/arm-none-eabi/13.3.1/../../../../arm-none-eabi/lib/thumb/v7-m/nofp\libm.a(libm_a-e_atan2.o) (atan)
C:/ST/STM32CubeCLT_1.19.0/GNU-tools-for-STM32/bin/../lib/gcc/arm-none-eabi/13.3.1/../../../../arm-none-eabi/lib/thumb/v7-m/nofp\libm.a(libm_a-s_fabs.o)
                              C:/ST/STM32CubeCLT_1.19.0/GNU-tools-for-STM32/bin/../lib/gcc/arm-none-eabi/13.3.1/../../../../arm-none-eabi/lib/thumb/v7-m/nofp\libm.a(libm_a-e_atan2.o) (fabs)
C:/ST/STM32CubeCLT_1.19.0/GNU-tools-for-STM32/bin/../lib/gcc/arm-none-eabi/13.3.1/thumb/v7-m/nofp\libgcc.a(_arm_muldf3.o)
                              CMakeFiles/Cmake_2D_Gimbal.dir/Hardware/OLED.c.obj (__aeabi_dmul)
C:/ST/STM32CubeCLT_1.19.0/GNU-tools-for-STM32/bin/../lib/gcc/arm-none-eabi/13.3.1/thumb/v7-m/nofp\libgcc.a(_arm_addsubdf3.o)
                              CMakeFiles/Cmake_2D_Gimbal.dir/Hardware/OLED.c.obj (__aeabi_dsub)
C:/ST/STM32CubeCLT_1.19.0/GNU-tools-for-STM32/bin/../lib/gcc/arm-none-eabi/13.3.1/thumb/v7-m/nofp\libgcc.a(_arm_muldivdf3.o)
                              CMakeFiles/Cmake_2D_Gimbal.dir/Hardware/OLED.c.obj (__aeabi_ddiv)
C:/ST/STM32CubeCLT_1.19.0/GNU-tools-for-STM32/bin/../lib/gcc/arm-none-eabi/13.3.1/thumb/v7-m/nofp\libgcc.a(_arm_cmpdf2.o)
                              CMakeFiles/Cmake_2D_Gimbal.dir/Hardware/OLED.c.obj (__aeabi_dcmplt)
C:/ST/STM32CubeCLT_1.19.0/GNU-tools-for-STM32/bin/../lib/gcc/arm-none-eabi/13.3.1/thumb/v7-m/nofp\libgcc.a(_arm_fixdfsi.o)
                              CMakeFiles/Cmake_2D_Gimbal.dir/Hardware/OLED.c.obj (__aeabi_d2iz)
C:/ST/STM32CubeCLT_1.19.0/GNU-tools-for-STM32/bin/../lib/gcc/arm-none-eabi/13.3.1/thumb/v7-m/nofp\libgcc.a(_arm_fixunsdfsi.o)
                              CMakeFiles/Cmake_2D_Gimbal.dir/Hardware/OLED.c.obj (__aeabi_d2uiz)
C:/ST/STM32CubeCLT_1.19.0/GNU-tools-for-STM32/bin/../lib/gcc/arm-none-eabi/13.3.1/thumb/v7-m/nofp\libgcc.a(_arm_truncdfsf2.o)
                              CMakeFiles/Cmake_2D_Gimbal.dir/Hardware/OLED.c.obj (__aeabi_d2f)
C:/ST/STM32CubeCLT_1.19.0/GNU-tools-for-STM32/bin/../lib/gcc/arm-none-eabi/13.3.1/thumb/v7-m/nofp\libgcc.a(_arm_addsubsf3.o)
                              CMakeFiles/Cmake_2D_Gimbal.dir/Hardware/OLED.c.obj (__aeabi_fadd)
C:/ST/STM32CubeCLT_1.19.0/GNU-tools-for-STM32/bin/../lib/gcc/arm-none-eabi/13.3.1/thumb/v7-m/nofp\libgcc.a(_arm_muldivsf3.o)
                              CMakeFiles/Cmake_2D_Gimbal.dir/Core/Src/main.c.obj (__aeabi_fdiv)
C:/ST/STM32CubeCLT_1.19.0/GNU-tools-for-STM32/bin/../lib/gcc/arm-none-eabi/13.3.1/thumb/v7-m/nofp\libgcc.a(_arm_cmpsf2.o)
                              CMakeFiles/Cmake_2D_Gimbal.dir/Core/Src/main.c.obj (__aeabi_fcmplt)
C:/ST/STM32CubeCLT_1.19.0/GNU-tools-for-STM32/bin/../lib/gcc/arm-none-eabi/13.3.1/../../../../arm-none-eabi/lib/thumb/v7-m/nofp\libg_nano.a(libc_a-exit.o)
                              C:/ST/STM32CubeCLT_1.19.0/GNU-tools-for-STM32/bin/../lib/gcc/arm-none-eabi/13.3.1/../../../../arm-none-eabi/lib/thumb/v7-m/nofp/crt0.o (exit)
C:/ST/STM32CubeCLT_1.19.0/GNU-tools-for-STM32/bin/../lib/gcc/arm-none-eabi/13.3.1/../../../../arm-none-eabi/lib/thumb/v7-m/nofp\libg_nano.a(libc_a-nano-vfprintf_float.o)
                              (_printf_float)
C:/ST/STM32CubeCLT_1.19.0/GNU-tools-for-STM32/bin/../lib/gcc/arm-none-eabi/13.3.1/../../../../arm-none-eabi/lib/thumb/v7-m/nofp\libg_nano.a(libc_a-nano-vfprintf_i.o)
                              C:/ST/STM32CubeCLT_1.19.0/GNU-tools-for-STM32/bin/../lib/gcc/arm-none-eabi/13.3.1/../../../../arm-none-eabi/lib/thumb/v7-m/nofp\libg_nano.a(libc_a-nano-vfprintf_float.o) (_printf_common)
C:/ST/STM32CubeCLT_1.19.0/GNU-tools-for-STM32/bin/../lib/gcc/arm-none-eabi/13.3.1/../../../../arm-none-eabi/lib/thumb/v7-m/nofp\libg_nano.a(libc_a-findfp.o)
[...]
Memory Configuration

Name             Origin             Length             Attributes
RAM              0x20000000         0x00005000         xrw
FLASH            0x08000000         0x00010000         xr
*default*        0x00000000         0xffffffff

Linker script and memory map

LOAD C:/ST/STM32CubeCLT_1.19.0/GNU-tools-for-STM32/bin/../lib/gcc/arm-none-eabi/13.3.1/thumb/v7-m/nofp/crti.o
LOAD C:/ST/STM32CubeCLT_1.19.0/GNU-tools-for-STM32/bin/../lib/gcc/arm-none-eabi/13.3.1/thumb/v7-m/nofp/crtbegin.o
LOAD C:/ST/STM32CubeCLT_1.19.0/GNU-tools-for-STM32/bin/../lib/gcc/arm-none-eabi/13.3.1/../../../../arm-none-eabi/lib/thumb/v7-m/nofp/crt0.o
LOAD cmake/stm32cubemx/CMakeFiles/STM32_Drivers.dir/__/__/Core/Src/system_stm32f1xx.c.obj
LOAD cmake/stm32cubemx/CMakeFiles/STM32_Drivers.dir/__/__/Drivers/STM32F1xx_HAL_Driver/Src/stm32f1xx_hal_gpio_ex.c.obj
LOAD cmake/stm32cubemx/CMakeFiles/STM32_Drivers.dir/__/__/Drivers/STM32F1xx_HAL_Driver/Src/stm32f1xx_hal_tim.c.obj
LOAD cmake/stm32cubemx/CMakeFiles/STM32_Drivers.dir/__/__/Drivers/STM32F1xx_HAL_Driver/Src/stm32f1xx_hal_tim_ex.c.obj
LOAD cmake/stm32cubemx/CMakeFiles/STM32_Drivers.dir/__/__/Drivers/STM32F1xx_HAL_Driver/Src/stm32f1xx_ll_rcc.c.obj
LOAD cmake/stm32cubemx/CMakeFiles/STM32_Drivers.dir/__/__/Drivers/STM32F1xx_HAL_Driver/Src/stm32f1xx_ll_utils.c.obj
LOAD cmake/stm32cubemx/CMakeFiles/STM32_Drivers.dir/__/__/Drivers/STM32F1xx_HAL_Driver/Src/stm32f1xx_ll_exti.c.obj
LOAD cmake/stm32cubemx/CMakeFiles/STM32_Drivers.dir/__/__/Drivers/STM32F1xx_HAL_Driver/Src/stm32f1xx_hal.c.obj
LOAD cmake/stm32cubemx/CMakeFiles/STM32_Drivers.dir/__/__/Drivers/STM32F1xx_HAL_Driver/Src/stm32f1xx_hal_rcc.c.obj
LOAD cmake/stm32cubemx/CMakeFiles/STM32_Drivers.dir/__/__/Drivers/STM32F1xx_HAL_Driver/Src/stm32f1xx_hal_rcc_ex.c.obj
LOAD cmake/stm32cubemx/CMakeFiles/STM32_Drivers.dir/__/__/Drivers/STM32F1xx_HAL_Driver/Src/stm32f1xx_hal_gpio.c.obj
LOAD cmake/stm32cubemx/CMakeFiles/STM32_Drivers.dir/__/__/Drivers/STM32F1xx_HAL_Driver/Src/stm32f1xx_hal_dma.c.obj
LOAD cmake/stm32cubemx/CMakeFiles/STM32_Drivers.dir/__/__/Drivers/STM32F1xx_HAL_Driver/Src/stm32f1xx_hal_cortex.c.obj
LOAD cmake/stm32cubemx/CMakeFiles/STM32_Drivers.dir/__/__/Drivers/STM32F1xx_HAL_Driver/Src/stm32f1xx_hal_pwr.c.obj
LOAD cmake/stm32cubemx/CMakeFiles/STM32_Drivers.dir/__/__/Drivers/STM32F1xx_HAL_Driver/Src/stm32f1xx_hal_flash.c.obj
LOAD cmake/stm32cubemx/CMakeFiles/STM32_Drivers.dir/__/__/Drivers/STM32F1xx_HAL_Driver/Src/stm32f1xx_hal_flash_ex.c.obj
LOAD cmake/stm32cubemx/CMakeFiles/STM32_Drivers.dir/__/__/Drivers/STM32F1xx_HAL_Driver/Src/stm32f1xx_hal_exti.c.obj
LOAD cmake/stm32cubemx/CMakeFiles/STM32_Drivers.dir/__/__/Drivers/STM32F1xx_HAL_Driver/Src/stm32f1xx_ll_usart.c.obj
LOAD cmake/stm32cubemx/CMakeFiles/STM32_Drivers.dir/__/__/Drivers/STM32F1xx_HAL_Driver/Src/stm32f1xx_ll_gpio.c.obj
LOAD cmake/stm32cubemx/CMakeFiles/STM32_Drivers.dir/__/__/Drivers/STM32F1xx_HAL_Driver/Src/stm32f1xx_ll_dma.c.obj
LOAD CMakeFiles/Cmake_2D_Gimbal.dir/Hardware/Serial.c.obj
LOAD CMakeFiles/Cmake_2D_Gimbal.dir/Hardware/Motor.c.obj
LOAD CMakeFiles/Cmake_2D_Gimbal.dir/Hardware/OLED_Data.c.obj
LOAD CMakeFiles/Cmake_2D_Gimbal.dir/Hardware/OLED.c.obj
LOAD CMakeFiles/Cmake_2D_Gimbal.dir/Hardware/Timer.c.obj
LOAD CMakeFiles/Cmake_2D_Gimbal.dir/Core/Src/main.c.obj
LOAD CMakeFiles/Cmake_2D_Gimbal.dir/Core/Src/gpio.c.obj
LOAD CMakeFiles/Cmake_2D_Gimbal.dir/Core/Src/tim.c.obj
LOAD CMakeFiles/Cmake_2D_Gimbal.dir/Core/Src/usart.c.obj
LOAD CMakeFiles/Cmake_2D_Gimbal.dir/Core/Src/stm32f1xx_it.c.obj
LOAD CMakeFiles/Cmake_2D_Gimbal.dir/Core/Src/stm32f1xx_hal_msp.c.obj
LOAD CMakeFiles/Cmake_2D_Gimbal.dir/Core/Src/sysmem.c.obj
LOAD CMakeFiles/Cmake_2D_Gimbal.dir/Core/Src/syscalls.c.obj
LOAD CMakeFiles/Cmake_2D_Gimbal.dir/startup_stm32f103xb.s.obj
LOAD C:/ST/STM32CubeCLT_1.19.0/GNU-tools-for-STM32/bin/../lib/gcc/arm-none-eabi/13.3.1/../../../../arm-none-eabi/lib/thumb/v7-m/nofp\libm.a
START GROUP
LOAD C:/ST/STM32CubeCLT_1.19.0/GNU-tools-for-STM32/bin/../lib/gcc/arm-none-eabi/13.3.1/thumb/v7-m/nofp\libgcc.a
LOAD C:/ST/STM32CubeCLT_1.19.0/GNU-tools-for-STM32/bin/../lib/gcc/arm-none-eabi/13.3.1/../../../../arm-none-eabi/lib/thumb/v7-m/nofp\libg_nano.a
LOAD C:/ST/STM32CubeCLT_1.19.0/GNU-tools-for-STM32/bin/../lib/gcc/arm-none-eabi/13.3.1/../../../../arm-none-eabi/lib/thumb/v7-m/nofp\libc_nano.a
END GROUP
START GROUP
LOAD C:/ST/STM32CubeCLT_1.19.0/GNU-tools-for-STM32/bin/../lib/gcc/arm-none-eabi/13.3.1/thumb/v7-m/nofp\libgcc.a
LOAD C:/ST/STM32CubeCLT_1.19.0/GNU-tools-for-STM32/bin/../lib/gcc/arm-none-eabi/13.3.1/../../../../arm-none-eabi/lib/thumb/v7-m/nofp\libc_nano.a
END GROUP
LOAD C:/ST/STM32CubeCLT_1.19.0/GNU-tools-for-STM32/bin/../lib/gcc/arm-none-eabi/13.3.1/thumb/v7-m/nofp/crtend.o
LOAD C:/ST/STM32CubeCLT_1.19.0/GNU-tools-for-STM32/bin/../lib/gcc/arm-none-eabi/13.3.1/thumb/v7-m/nofp/crtn.o
                0x20005000                        _estack = (ORIGIN (RAM) + LENGTH (RAM))
                0x00000200                        _Min_Heap_Size = 0x200
                0x00000400                        _Min_Stack_Size = 0x400

.isr_vector     0x08000000      0x10c
                0x08000000                        . = ALIGN (0x4)
 *(.isr_vector)
 .isr_vector    0x08000000      0x10c CMakeFiles/Cmake_2D_Gimbal.dir/startup_stm32f103xb.s.obj
                0x08000000                g_pfnVectors
                0x0800010c                        . = ALIGN (0x4)

.text           0x08000110     0x6f04
                0x08000110                        . = ALIGN (0x4)
 *(.text)
 .text          0x08000110       0x40 C:/ST/STM32CubeCLT_1.19.0/GNU-tools-for-STM32/bin/../lib/gcc/arm-none-eabi/13.3.1/thumb/v7-m/nofp/crtbegin.o
 .text          0x08000150      0x378 C:/ST/STM32CubeCLT_1.19.0/GNU-tools-for-STM32/bin/../lib/gcc/arm-none-eabi/13.3.1/thumb/v7-m/nofp\libgcc.a(_arm_addsubdf3.o)
                0x08000150                __aeabi_drsub
                0x08000158                __aeabi_dsub
                0x08000158                __subdf3
                0x0800015c                __aeabi_dadd
                0x0800015c                __adddf3
                0x080003d4                __floatunsidf
                0x080003d4                __aeabi_ui2d
                0x080003f4                __floatsidf
                0x080003f4                __aeabi_i2d
                0x08000418                __aeabi_f2d
                0x08000418                __extendsfdf2
                0x0800045c                __floatundidf
                0x0800045c                __aeabi_ul2d
                0x0800046c                __floatdidf
                0x0800046c                __aeabi_l2d
 .text          0x080004c8      0x424 C:/ST/STM32CubeCLT_1.19.0/GNU-tools-for-STM32/bin/../lib/gcc/arm-none-eabi/13.3.1/thumb/v7-m/nofp\libgcc.a(_arm_muldivdf3.o)
                0x080004c8                __aeabi_dmul
                0x080004c8                __muldf3
                0x0800071c                __divdf3
                0x0800071c                __aeabi_ddiv
 .text          0x080008ec      0x110 C:/ST/STM32CubeCLT_1.19.0/GNU-tools-for-STM32/bin/../lib/gcc/arm-none-eabi/13.3.1/thumb/v7-m/nofp\libgcc.a(_arm_cmpdf2.o)
                0x080008ec                __gtdf2
                0x080008ec                __gedf2
                0x080008f4                __ltdf2
                0x080008f4                __ledf2
                0x080008fc                __nedf2
                0x080008fc                __eqdf2
                0x080008fc                __cmpdf2
                0x08000978                __aeabi_cdrcmple
                0x08000988                __aeabi_cdcmpeq
                0x08000988                __aeabi_cdcmple
                0x08000998                __aeabi_dcmpeq
                0x080009ac                __aeabi_dcmplt
                0x080009c0                __aeabi_dcmple
                0x080009d4                __aeabi_dcmpge
                0x080009e8                __aeabi_dcmpgt
 .text          0x080009fc       0x50 C:/ST/STM32CubeCLT_1.19.0/GNU-tools-for-STM32/bin/../lib/gcc/arm-none-eabi/13.3.1/thumb/v7-m/nofp\libgcc.a(_arm_fixdfsi.o)
                0x080009fc                __aeabi_d2iz
                0x080009fc                __fixdfsi
 .text          0x08000a4c       0x40 C:/ST/STM32CubeCLT_1.19.0/GNU-tools-for-STM32/bin/../lib/gcc/arm-none-eabi/13.3.1/thumb/v7-m/nofp\libgcc.a(_arm_fixunsdfsi.o)
                0x08000a4c                __aeabi_d2uiz
                0x08000a4c                __fixunsdfsi
 .text          0x08000a8c      0x21c C:/ST/STM32CubeCLT_1.19.0/GNU-tools-for-STM32/bin/../lib/gcc/arm-none-eabi/13.3.1/thumb/v7-m/nofp\libgcc.a(_arm_addsubsf3.o)
                0x08000a8c                __aeabi_frsub
                0x08000a94                __subsf3
                0x08000a94                __aeabi_fsub
                0x08000a98                __aeabi_fadd
                0x08000a98                __addsf3
                0x08000bf8                __aeabi_ui2f
                0x08000bf8                __floatunsisf
                0x08000c00                __aeabi_i2f
                0x08000c00                __floatsisf
                0x08000c1c                __aeabi_ul2f
                0x08000c1c                __floatundisf
                0x08000c2c                __aeabi_l2f
                0x08000c2c                __floatdisf
 .text          0x08000ca8      0x2a0 C:/ST/STM32CubeCLT_1.19.0/GNU-tools-for-STM32/bin/../lib/gcc/arm-none-eabi/13.3.1/thumb/v7-m/nofp\libgcc.a(_arm_muldivsf3.o)
                0x08000ca8                __mulsf3
                0x08000ca8                __aeabi_fmul
                0x08000e10                __aeabi_fdiv
                0x08000e10                __divsf3
 .text          0x08000f48       0xec C:/ST/STM32CubeCLT_1.19.0/GNU-tools-for-STM32/bin/../lib/gcc/arm-none-eabi/13.3.1/thumb/v7-m/nofp\libgcc.a(_arm_cmpsf2.o)
                0x08000f48                __gesf2
                0x08000f48                __gtsf2
                0x08000f50                __lesf2
                0x08000f50                __ltsf2
                0x08000f58                __nesf2
                0x08000f58                __eqsf2
                0x08000f58                __cmpsf2
                0x08000fb8                __aeabi_cfrcmple
                0x08000fc0                __aeabi_cfcmpeq
                0x08000fc0                __aeabi_cfcmple
                0x08000fd0                __aeabi_fcmpeq
                0x08000fe4                __aeabi_fcmplt
                0x08000ff8                __aeabi_fcmple
                0x0800100c                __aeabi_fcmpge
                0x08001020                __aeabi_fcmpgt
 .text          0x08001034       0x14 C:/ST/STM32CubeCLT_1.19.0/GNU-tools-for-STM32/bin/../lib/gcc/arm-none-eabi/13.3.1/../../../../arm-none-eabi/lib/thumb/v7-m/nofp\libg_nano.a(libc_a-strcmp.o)
                0x08001034                strcmp
 .text          0x08001048       0x10 C:/ST/STM32CubeCLT_1.19.0/GNU-tools-for-STM32/bin/../lib/gcc/arm-none-eabi/13.3.1/../../../../arm-none-eabi/lib/thumb/v7-m/nofp\libg_nano.a(libc_a-strlen.o)
                0x08001048                strlen
 .text          0x08001058       0x2c C:/ST/STM32CubeCLT_1.19.0/GNU-tools-for-STM32/bin/../lib/gcc/arm-none-eabi/13.3.1/thumb/v7-m/nofp\libgcc.a(_arm_unorddf2.o)
                0x08001058                __unorddf2
                0x08001058                __aeabi_dcmpun
 *(.text*)
 .text.SystemInit
                0x08001084        0xc cmake/stm32cubemx/CMakeFiles/STM32_Drivers.dir/__/__/Core/Src/system_stm32f1xx.c.obj
                0x08001084                SystemInit
 .text.HAL_TIM_Base_Init
                0x08001090       0x9e cmake/stm32cubemx/CMakeFiles/STM32_Drivers.dir/__/__/Drivers/STM32F1xx_HAL_Driver/Src/stm32f1xx_hal_tim.c.obj
                0x08001090                HAL_TIM_Base_Init
 *fill*         0x0800112e        0x2 
 .text.HAL_TIM_Base_Start_IT
                0x08001130       0xa4 cmake/stm32cubemx/CMakeFiles/STM32_Drivers.dir/__/__/Drivers/STM32F1xx_HAL_Driver/Src/stm32f1xx_hal_tim.c.obj
                0x08001130                HAL_TIM_Base_Start_IT
 .text.HAL_TIM_IRQHandler
                0x080011d4      0x1e0 cmake/stm32cubemx/CMakeFiles/STM32_Drivers.dir/__/__/Drivers/STM32F1xx_HAL_Driver/Src/stm32f1xx_hal_tim.c.obj
                0x080011d4                HAL_TIM_IRQHandler
 .text.HAL_TIM_ConfigClockSource
                0x080013b4      0x18e cmake/stm32cubemx/CMakeFiles/STM32_Drivers.dir/__/__/Drivers/STM32F1xx_HAL_Driver/Src/stm32f1xx_hal_tim.c.obj
                0x080013b4                HAL_TIM_ConfigClockSource
 .text.HAL_TIM_OC_DelayElapsedCallback
                0x08001542       0x12 cmake/stm32cubemx/CMakeFiles/STM32_Drivers.dir/__/__/Drivers/STM32F1xx_HAL_Driver/Src/stm32f1xx_hal_tim.c.obj
                0x08001542                HAL_TIM_OC_DelayElapsedCallback
 .text.HAL_TIM_IC_CaptureCallback
                0x08001554       0x12 cmake/stm32cubemx/CMakeFiles/STM32_Drivers.dir/__/__/Drivers/STM32F1xx_HAL_Driver/Src/stm32f1xx_hal_tim.c.obj
                0x08001554                HAL_TIM_IC_CaptureCallback
 .text.HAL_TIM_PWM_PulseFinishedCallback
                0x08001566       0x12 cmake/stm32cubemx/CMakeFiles/STM32_Drivers.dir/__/__/Drivers/STM32F1xx_HAL_Driver/Src/stm32f1xx_hal_tim.c.obj
                0x08001566                HAL_TIM_PWM_PulseFinishedCallback
 .text.HAL_TIM_TriggerCallback
                0x08001578       0x12 cmake/stm32cubemx/CMakeFiles/STM32_Drivers.dir/__/__/Drivers/STM32F1xx_HAL_Driver/Src/stm32f1xx_hal_tim.c.obj
                0x08001578                HAL_TIM_TriggerCallback
 *fill*         0x0800158a        0x2 
 .text.TIM_Base_SetConfig
                0x0800158c       0xdc cmake/stm32cubemx/CMakeFiles/STM32_Drivers.dir/__/__/Drivers/STM32F1xx_HAL_Driver/Src/stm32f1xx_hal_tim.c.obj
                0x0800158c                TIM_Base_SetConfig
 .text.TIM_TI1_ConfigInputStage
                0x08001668       0x5c cmake/stm32cubemx/CMakeFiles/STM32_Drivers.dir/__/__/Drivers/STM32F1xx_HAL_Driver/Src/stm32f1xx_hal_tim.c.obj
 .text.TIM_TI2_ConfigInputStage
                0x080016c4       0x5e cmake/stm32cubemx/CMakeFiles/STM32_Drivers.dir/__/__/Drivers/STM32F1xx_HAL_Driver/Src/stm32f1xx_hal_tim.c.obj
 .text.TIM_ITRx_SetConfig
                0x08001722       0x34 cmake/stm32cubemx/CMakeFiles/STM32_Drivers.dir/__/__/Drivers/STM32F1xx_HAL_Driver/Src/stm32f1xx_hal_tim.c.obj
 .text.TIM_ETR_SetConfig
                0x08001756       0x3e cmake/stm32cubemx/CMakeFiles/STM32_Drivers.dir/__/__/Drivers/STM32F1xx_HAL_Driver/Src/stm32f1xx_hal_tim.c.obj
                0x08001756                TIM_ETR_SetConfig
 .text.HAL_TIMEx_MasterConfigSynchronization
                0x08001794       0xbc cmake/stm32cubemx/CMakeFiles/STM32_Drivers.dir/__/__/Drivers/STM32F1xx_HAL_Driver/Src/stm32f1xx_hal_tim_ex.c.obj
                0x08001794                HAL_TIMEx_MasterConfigSynchronization
 .text.HAL_TIMEx_CommutCallback
                0x08001850       0x12 cmake/stm32cubemx/CMakeFiles/STM32_Drivers.dir/__/__/Drivers/STM32F1xx_HAL_Driver/Src/stm32f1xx_hal_tim_ex.c.obj
                0x08001850                HAL_TIMEx_CommutCallback
 .text.HAL_TIMEx_BreakCallback
                0x08001862       0x12 cmake/stm32cubemx/CMakeFiles/STM32_Drivers.dir/__/__/Drivers/STM32F1xx_HAL_Driver/Src/stm32f1xx_hal_tim_ex.c.obj
                0x08001862                HAL_TIMEx_BreakCallback
 .text.LL_RCC_GetSysClkSource
                0x08001874       0x18 cmake/stm32cubemx/CMakeFiles/STM32_Drivers.dir/__/__/Drivers/STM32F1xx_HAL_Driver/Src/stm32f1xx_ll_rcc.c.obj
 .text.LL_RCC_GetAHBPrescaler
                0x0800188c       0x18 cmake/stm32cubemx/CMakeFiles/STM32_Drivers.dir/__/__/Drivers/STM32F1xx_HAL_Driver/Src/stm32f1xx_ll_rcc.c.obj
 .text.LL_RCC_GetAPB1Prescaler
                0x080018a4       0x18 cmake/stm32cubemx/CMakeFiles/STM32_Drivers.dir/__/__/Drivers/STM32F1xx_HAL_Driver/Src/stm32f1xx_ll_rcc.c.obj
 .text.LL_RCC_GetAPB2Prescaler
                0x080018bc       0x18 cmake/stm32cubemx/CMakeFiles/STM32_Drivers.dir/__/__/Drivers/STM32F1xx_HAL_Driver/Src/stm32f1xx_ll_rcc.c.obj
 .text.LL_RCC_PLL_GetMainSource
                0x080018d4       0x18 cmake/stm32cubemx/CMakeFiles/STM32_Drivers.dir/__/__/Drivers/STM32F1xx_HAL_Driver/Src/stm32f1xx_ll_rcc.c.obj
 .text.LL_RCC_PLL_GetMultiplicator
                0x080018ec       0x18 cmake/stm32cubemx/CMakeFiles/STM32_Drivers.dir/__/__/Drivers/STM32F1xx_HAL_Driver/Src/stm32f1xx_ll_rcc.c.obj
 .text.LL_RCC_PLL_GetPrediv
                0x08001904       0x1c cmake/stm32cubemx/CMakeFiles/STM32_Drivers.dir/__/__/Drivers/STM32F1xx_HAL_Driver/Src/stm32f1xx_ll_rcc.c.obj
 .text.LL_RCC_GetSystemClocksFreq
                0x08001920       0x4a cmake/stm32cubemx/CMakeFiles/STM32_Drivers.dir/__/__/Drivers/STM32F1xx_HAL_Driver/Src/stm32f1xx_ll_rcc.c.obj
                0x08001920                LL_RCC_GetSystemClocksFreq
 *fill*         0x0800196a        0x2 
 .text.RCC_GetSystemClockFreq
                0x0800196c       0x4c cmake/stm32cubemx/CMakeFiles/STM32_Drivers.dir/__/__/Drivers/STM32F1xx_HAL_Driver/Src/stm32f1xx_ll_rcc.c.obj
                0x0800196c                RCC_GetSystemClockFreq
 .text.RCC_GetHCLKClockFreq
                0x080019b8       0x2c cmake/stm32cubemx/CMakeFiles/STM32_Drivers.dir/__/__/Drivers/STM32F1xx_HAL_Driver/Src/stm32f1xx_ll_rcc.c.obj
                0x080019b8                RCC_GetHCLKClockFreq
 .text.RCC_GetPCLK1ClockFreq
                0x080019e4       0x28 cmake/stm32cubemx/CMakeFiles/STM32_Drivers.dir/__/__/Drivers/STM32F1xx_HAL_Driver/Src/stm32f1xx_ll_rcc.c.obj
                0x080019e4                RCC_GetPCLK1ClockFreq
 .text.RCC_GetPCLK2ClockFreq
                0x08001a0c       0x28 cmake/stm32cubemx/CMakeFiles/STM32_Drivers.dir/__/__/Drivers/STM32F1xx_HAL_Driver/Src/stm32f1xx_ll_rcc.c.obj
                0x08001a0c                RCC_GetPCLK2ClockFreq
 .text.RCC_PLL_GetFreqDomain_SYS
                0x08001a34       0x64 cmake/stm32cubemx/CMakeFiles/STM32_Drivers.dir/__/__/Drivers/STM32F1xx_HAL_Driver/Src/stm32f1xx_ll_rcc.c.obj
                0x08001a34                RCC_PLL_GetFreqDomain_SYS
 .text.LL_SetSystemCoreClock
                0x08001a98       0x1c cmake/stm32cubemx/CMakeFiles/STM32_Drivers.dir/__/__/Drivers/STM32F1xx_HAL_Driver/Src/stm32f1xx_ll_utils.c.obj
                0x08001a98                LL_SetSystemCoreClock
 .text.HAL_Init
                0x08001ab4       0x2c cmake/stm32cubemx/CMakeFiles/STM32_Drivers.dir/__/__/Drivers/STM32F1xx_HAL_Driver/Src/stm32f1xx_hal.c.obj
                0x08001ab4                HAL_Init
 .text.HAL_InitTick
                0x08001ae0       0x60 cmake/stm32cubemx/CMakeFiles/STM32_Drivers.dir/__/__/Drivers/STM32F1xx_HAL_Driver/Src/stm32f1xx_hal.c.obj
                0x08001ae0                HAL_InitTick
 .text.HAL_IncTick
                0x08001b40       0x24 cmake/stm32cubemx/CMakeFiles/STM32_Drivers.dir/__/__/Drivers/STM32F1xx_HAL_Driver/Src/stm32f1xx_hal.c.obj
                0x08001b40                HAL_IncTick
 .text.HAL_GetTick
                0x08001b64       0x14 cmake/stm32cubemx/CMakeFiles/STM32_Drivers.dir/__/__/Drivers/STM32F1xx_HAL_Driver/Src/stm32f1xx_hal.c.obj
                0x08001b64                HAL_GetTick
 .text.HAL_Delay
                0x08001b78       0x48 cmake/stm32cubemx/CMakeFiles/STM32_Drivers.dir/__/__/Drivers/STM32F1xx_HAL_Driver/Src/stm32f1xx_hal.c.obj
                0x08001b78                HAL_Delay
 .text.HAL_GPIO_Init
                0x08001bc0      0x308 cmake/stm32cubemx/CMakeFiles/STM32_Drivers.dir/__/__/Drivers/STM32F1xx_HAL_Driver/Src/stm32f1xx_hal_gpio.c.obj
                0x08001bc0                HAL_GPIO_Init
 .text.HAL_GPIO_WritePin
                0x08001ec8       0x30 cmake/stm32cubemx/CMakeFiles/STM32_Drivers.dir/__/__/Drivers/STM32F1xx_HAL_Driver/Src/stm32f1xx_hal_gpio.c.obj
                0x08001ec8                HAL_GPIO_WritePin
 .text.__NVIC_SetPriorityGrouping
                0x08001ef8       0x48 cmake/stm32cubemx/CMakeFiles/STM32_Drivers.dir/__/__/Drivers/STM32F1xx_HAL_Driver/Src/stm32f1xx_hal_cortex.c.obj
 .text.__NVIC_GetPriorityGrouping
                0x08001f40       0x1c cmake/stm32cubemx/CMakeFiles/STM32_Drivers.dir/__/__/Drivers/STM32F1xx_HAL_Driver/Src/stm32f1xx_hal_cortex.c.obj
 .text.__NVIC_EnableIRQ
                0x08001f5c       0x38 cmake/stm32cubemx/CMakeFiles/STM32_Drivers.dir/__/__/Drivers/STM32F1xx_HAL_Driver/Src/stm32f1xx_hal_cortex.c.obj
 .text.__NVIC_SetPriority
                0x08001f94       0x54 cmake/stm32cubemx/CMakeFiles/STM32_Drivers.dir/__/__/Drivers/STM32F1xx_HAL_Driver/Src/stm32f1xx_hal_cortex.c.obj
 .text.NVIC_EncodePriority
                0x08001fe8       0x64 cmake/stm32cubemx/CMakeFiles/STM32_Drivers.dir/__/__/Drivers/STM32F1xx_HAL_Driver/Src/stm32f1xx_hal_cortex.c.obj
 .text.SysTick_Config
                0x0800204c       0x44 cmake/stm32cubemx/CMakeFiles/STM32_Drivers.dir/__/__/Drivers/STM32F1xx_HAL_Driver/Src/stm32f1xx_hal_cortex.c.obj
 .text.HAL_NVIC_SetPriorityGrouping
                0x08002090       0x16 cmake/stm32cubemx/CMakeFiles/STM32_Drivers.dir/__/__/Drivers/STM32F1xx_HAL_Driver/Src/stm32f1xx_hal_cortex.c.obj
                0x08002090                HAL_NVIC_SetPriorityGrouping
 .text.HAL_NVIC_SetPriority
                0x080020a6       0x38 cmake/stm32cubemx/CMakeFiles/STM32_Drivers.dir/__/__/Drivers/STM32F1xx_HAL_Driver/Src/stm32f1xx_hal_cortex.c.obj
                0x080020a6                HAL_NVIC_SetPriority
 .text.HAL_NVIC_EnableIRQ
                0x080020de       0x1c cmake/stm32cubemx/CMakeFiles/STM32_Drivers.dir/__/__/Drivers/STM32F1xx_HAL_Driver/Src/stm32f1xx_hal_cortex.c.obj
                0x080020de                HAL_NVIC_EnableIRQ
 .text.HAL_SYSTICK_Config
                0x080020fa       0x18 cmake/stm32cubemx/CMakeFiles/STM32_Drivers.dir/__/__/Drivers/STM32F1xx_HAL_Driver/Src/stm32f1xx_hal_cortex.c.obj
                0x080020fa                HAL_SYSTICK_Config
 .text.LL_USART_IsEnabled
                0x08002112       0x26 cmake/stm32cubemx/CMakeFiles/STM32_Drivers.dir/__/__/Drivers/STM32F1xx_HAL_Driver/Src/stm32f1xx_ll_usart.c.obj
 .text.LL_USART_SetStopBitsLength
                0x08002138       0x24 cmake/stm32cubemx/CMakeFiles/STM32_Drivers.dir/__/__/Drivers/STM32F1xx_HAL_Driver/Src/stm32f1xx_ll_usart.c.obj
 .text.LL_USART_SetHWFlowCtrl
                0x0800215c       0x24 cmake/stm32cubemx/CMakeFiles/STM32_Drivers.dir/__/__/Drivers/STM32F1xx_HAL_Driver/Src/stm32f1xx_ll_usart.c.obj
 .text.LL_USART_SetBaudRate
                0x08002180       0xbc cmake/stm32cubemx/CMakeFiles/STM32_Drivers.dir/__/__/Drivers/STM32F1xx_HAL_Driver/Src/stm32f1xx_ll_usart.c.obj
 .text.LL_USART_Init
                0x0800223c       0xc0 cmake/stm32cubemx/CMakeFiles/STM32_Drivers.dir/__/__/Drivers/STM32F1xx_HAL_Driver/Src/stm32f1xx_ll_usart.c.obj
                0x0800223c                LL_USART_Init
 .text.LL_GPIO_SetPinMode
                0x080022fc       0x64 cmake/stm32cubemx/CMakeFiles/STM32_Drivers.dir/__/__/Drivers/STM32F1xx_HAL_Driver/Src/stm32f1xx_ll_gpio.c.obj
 .text.LL_GPIO_SetPinSpeed
                0x08002360       0x64 cmake/stm32cubemx/CMakeFiles/STM32_Drivers.dir/__/__/Drivers/STM32F1xx_HAL_Driver/Src/stm32f1xx_ll_gpio.c.obj
 .text.LL_GPIO_SetPinOutputType
                0x080023c4       0x64 cmake/stm32cubemx/CMakeFiles/STM32_Drivers.dir/__/__/Drivers/STM32F1xx_HAL_Driver/Src/stm32f1xx_ll_gpio.c.obj
 .text.LL_GPIO_SetPinPull
                0x08002428       0x44 cmake/stm32cubemx/CMakeFiles/STM32_Drivers.dir/__/__/Drivers/STM32F1xx_HAL_Driver/Src/stm32f1xx_ll_gpio.c.obj
 .text.LL_GPIO_Init
                0x0800246c       0xcc cmake/stm32cubemx/CMakeFiles/STM32_Drivers.dir/__/__/Drivers/STM32F1xx_HAL_Driver/Src/stm32f1xx_ll_gpio.c.obj
                0x0800246c                LL_GPIO_Init
 .text.LL_USART_IsActiveFlag_RXNE
                0x08002538       0x24 CMakeFiles/Cmake_2D_Gimbal.dir/Hardware/Serial.c.obj
 .text.LL_USART_IsActiveFlag_TXE
                0x0800255c       0x24 CMakeFiles/Cmake_2D_Gimbal.dir/Hardware/Serial.c.obj
 .text.LL_USART_ReceiveData8
                0x08002580       0x18 CMakeFiles/Cmake_2D_Gimbal.dir/Hardware/Serial.c.obj
 .text.LL_USART_TransmitData8
                0x08002598       0x1c CMakeFiles/Cmake_2D_Gimbal.dir/Hardware/Serial.c.obj
 .text.Serial_Registration
                0x080025b4       0x1a CMakeFiles/Cmake_2D_Gimbal.dir/Hardware/Serial.c.obj
                0x080025b4                Serial_Registration
 .text.Serial_SendByte
                0x080025ce       0x34 CMakeFiles/Cmake_2D_Gimbal.dir/Hardware/Serial.c.obj
                0x080025ce                Serial_SendByte
 .text.Serial_SendArray
                0x08002602       0x3c CMakeFiles/Cmake_2D_Gimbal.dir/Hardware/Serial.c.obj
                0x08002602                Serial_SendArray
 .text.Serial_SetLogLevel
                0x0800263e       0x1a CMakeFiles/Cmake_2D_Gimbal.dir/Hardware/Serial.c.obj
                0x0800263e                Serial_SetLogLevel
 .text.USART1_IRQHandler
                0x08002658      0x1c8 CMakeFiles/Cmake_2D_Gimbal.dir/Hardware/Serial.c.obj
                0x08002658                USART1_IRQHandler
 .text.LL_USART_IsActiveFlag_RXNE
                0x08002820       0x24 CMakeFiles/Cmake_2D_Gimbal.dir/Hardware/Motor.c.obj
 .text.LL_USART_ReceiveData8
                0x08002844       0x18 CMakeFiles/Cmake_2D_Gimbal.dir/Hardware/Motor.c.obj
 .text.Emm_V5_Pos_DownControl
                0x0800285c       0x62 CMakeFiles/Cmake_2D_Gimbal.dir/Hardware/Motor.c.obj
                0x0800285c                Emm_V5_Pos_DownControl
 .text.Emm_V5_Send2
                0x080028be       0x24 CMakeFiles/Cmake_2D_Gimbal.dir/Hardware/Motor.c.obj
                0x080028be                Emm_V5_Send2
 .text.Emm_V5_GetCurrentLocation
                0x080028e2       0x2e CMakeFiles/Cmake_2D_Gimbal.dir/Hardware/Motor.c.obj
                0x080028e2                Emm_V5_GetCurrentLocation
 .text.TurnDownAngle
                0x08002910       0x44 CMakeFiles/Cmake_2D_Gimbal.dir/Hardware/Motor.c.obj
                0x08002910                TurnDownAngle
 .text.USART2_IRQHandler
                0x08002954       0xd4 CMakeFiles/Cmake_2D_Gimbal.dir/Hardware/Motor.c.obj
                0x08002954                USART2_IRQHandler
 .text.USART3_IRQHandler
                0x08002a28       0xd4 CMakeFiles/Cmake_2D_Gimbal.dir/Hardware/Motor.c.obj
                0x08002a28                USART3_IRQHandler
 .text.OLED_W_SCL
                0x08002afc       0x24 CMakeFiles/Cmake_2D_Gimbal.dir/Hardware/OLED.c.obj
                0x08002afc                OLED_W_SCL
 .text.OLED_W_SDA
                0x08002b20       0x24 CMakeFiles/Cmake_2D_Gimbal.dir/Hardware/OLED.c.obj
                0x08002b20                OLED_W_SDA
 .text.OLED_GPIO_Init
                0x08002b44       0x42 CMakeFiles/Cmake_2D_Gimbal.dir/Hardware/OLED.c.obj
                0x08002b44                OLED_GPIO_Init
 .text.OLED_I2C_Start
                0x08002b86       0x20 CMakeFiles/Cmake_2D_Gimbal.dir/Hardware/OLED.c.obj
                0x08002b86                OLED_I2C_Start
 .text.OLED_I2C_Stop
                0x08002ba6       0x1a CMakeFiles/Cmake_2D_Gimbal.dir/Hardware/OLED.c.obj
                0x08002ba6                OLED_I2C_Stop
 .text.OLED_I2C_SendByte
                0x08002bc0       0x58 CMakeFiles/Cmake_2D_Gimbal.dir/Hardware/OLED.c.obj
                0x08002bc0                OLED_I2C_SendByte
 .text.OLED_WriteCommand
                0x08002c18       0x2e CMakeFiles/Cmake_2D_Gimbal.dir/Hardware/OLED.c.obj
                0x08002c18                OLED_WriteCommand
 .text.OLED_WriteData
                0x08002c46       0x4a CMakeFiles/Cmake_2D_Gimbal.dir/Hardware/OLED.c.obj
                0x08002c46                OLED_WriteData
 .text.OLED_Init
                0x08002c90       0x9e CMakeFiles/Cmake_2D_Gimbal.dir/Hardware/OLED.c.obj
                0x08002c90                OLED_Init
 .text.OLED_SetCursor
                0x08002d2e       0x46 CMakeFiles/Cmake_2D_Gimbal.dir/Hardware/OLED.c.obj
                0x08002d2e                OLED_SetCursor
 .text.OLED_Pow
                0x08002d74       0x30 CMakeFiles/Cmake_2D_Gimbal.dir/Hardware/OLED.c.obj
                0x08002d74                OLED_Pow
 .text.OLED_Update
                0x08002da4       0x40 CMakeFiles/Cmake_2D_Gimbal.dir/Hardware/OLED.c.obj
                0x08002da4                OLED_Update
 .text.OLED_Clear
                0x08002de4       0x4c CMakeFiles/Cmake_2D_Gimbal.dir/Hardware/OLED.c.obj
                0x08002de4                OLED_Clear
 .text.OLED_ClearArea
                0x08002e30       0xec CMakeFiles/Cmake_2D_Gimbal.dir/Hardware/OLED.c.obj
                0x08002e30                OLED_ClearArea
 .text.OLED_ShowChar
                0x08002f1c       0x7c CMakeFiles/Cmake_2D_Gimbal.dir/Hardware/OLED.c.obj
                0x08002f1c                OLED_ShowChar
 .text.OLED_ShowString
                0x08002f98      0x284 CMakeFiles/Cmake_2D_Gimbal.dir/Hardware/OLED.c.obj
                0x08002f98                OLED_ShowString
 .text.OLED_ShowNum
                0x0800321c       0x90 CMakeFiles/Cmake_2D_Gimbal.dir/Hardware/OLED.c.obj
                0x0800321c                OLED_ShowNum
 .text.OLED_ShowHexNum
                0x080032ac       0xb0 CMakeFiles/Cmake_2D_Gimbal.dir/Hardware/OLED.c.obj
                0x080032ac                OLED_ShowHexNum
 .text.OLED_ShowFloatNum
                0x0800335c      0x14e CMakeFiles/Cmake_2D_Gimbal.dir/Hardware/OLED.c.obj
                0x0800335c                OLED_ShowFloatNum
 *fill*         0x080034aa        0x2 
 .text.OLED_ShowImage
                0x080034ac      0x1c8 CMakeFiles/Cmake_2D_Gimbal.dir/Hardware/OLED.c.obj
                0x080034ac                OLED_ShowImage
 .text.HAL_TIM_PeriodElapsedCallback
                0x08003674       0x88 CMakeFiles/Cmake_2D_Gimbal.dir/Hardware/Timer.c.obj
                0x08003674                HAL_TIM_PeriodElapsedCallback
 .text.LL_RCC_HSE_Enable
                0x080036fc       0x1c CMakeFiles/Cmake_2D_Gimbal.dir/Core/Src/main.c.obj
 .text.LL_RCC_HSE_IsReady
                0x08003718       0x24 CMakeFiles/Cmake_2D_Gimbal.dir/Core/Src/main.c.obj
 .text.LL_RCC_SetSysClkSource
                0x0800373c       0x28 CMakeFiles/Cmake_2D_Gimbal.dir/Core/Src/main.c.obj
 .text.LL_RCC_GetSysClkSource
                0x08003764       0x18 CMakeFiles/Cmake_2D_Gimbal.dir/Core/Src/main.c.obj
 .text.LL_RCC_SetAHBPrescaler
                0x0800377c       0x28 CMakeFiles/Cmake_2D_Gimbal.dir/Core/Src/main.c.obj
 .text.LL_RCC_SetAPB1Prescaler
                0x080037a4       0x28 CMakeFiles/Cmake_2D_Gimbal.dir/Core/Src/main.c.obj
 .text.LL_RCC_SetAPB2Prescaler
                0x080037cc       0x28 CMakeFiles/Cmake_2D_Gimbal.dir/Core/Src/main.c.obj
 .text.LL_RCC_PLL_Enable
                0x080037f4       0x1c CMakeFiles/Cmake_2D_Gimbal.dir/Core/Src/main.c.obj
 .text.LL_RCC_PLL_IsReady
                0x08003810       0x24 CMakeFiles/Cmake_2D_Gimbal.dir/Core/Src/main.c.obj
 .text.LL_RCC_PLL_ConfigDomain_SYS
                0x08003834       0x30 CMakeFiles/Cmake_2D_Gimbal.dir/Core/Src/main.c.obj
 .text.LL_FLASH_SetLatency
                0x08003864       0x28 CMakeFiles/Cmake_2D_Gimbal.dir/Core/Src/main.c.obj
 .text.LL_FLASH_GetLatency
                0x0800388c       0x18 CMakeFiles/Cmake_2D_Gimbal.dir/Core/Src/main.c.obj
 .text.LL_USART_EnableIT_RXNE
                0x080038a4       0x44 CMakeFiles/Cmake_2D_Gimbal.dir/Core/Src/main.c.obj
 .text.main     0x080038e8      0x450 CMakeFiles/Cmake_2D_Gimbal.dir/Core/Src/main.c.obj
                0x080038e8                main
 .text.SystemClock_Config
                0x08003d38       0x88 CMakeFiles/Cmake_2D_Gimbal.dir/Core/Src/main.c.obj
                0x08003d38                SystemClock_Config
 .text.Error_Handler
                0x08003dc0        0xc CMakeFiles/Cmake_2D_Gimbal.dir/Core/Src/main.c.obj
                0x08003dc0                Error_Handler
 .text.MX_GPIO_Init
                0x08003dcc       0xdc CMakeFiles/Cmake_2D_Gimbal.dir/Core/Src/gpio.c.obj
                0x08003dcc                MX_GPIO_Init
 .text.MX_TIM3_Init
                0x08003ea8       0x9c CMakeFiles/Cmake_2D_Gimbal.dir/Core/Src/tim.c.obj
                0x08003ea8                MX_TIM3_Init
 .text.HAL_TIM_Base_MspInit
                0x08003f44       0x4c CMakeFiles/Cmake_2D_Gimbal.dir/Core/Src/tim.c.obj
                0x08003f44                HAL_TIM_Base_MspInit
 .text.__NVIC_GetPriorityGrouping
                0x08003f90       0x1c CMakeFiles/Cmake_2D_Gimbal.dir/Core/Src/usart.c.obj
 .text.__NVIC_EnableIRQ
                0x08003fac       0x38 CMakeFiles/Cmake_2D_Gimbal.dir/Core/Src/usart.c.obj
 .text.__NVIC_SetPriority
                0x08003fe4       0x54 CMakeFiles/Cmake_2D_Gimbal.dir/Core/Src/usart.c.obj
 .text.NVIC_EncodePriority
                0x08004038       0x64 CMakeFiles/Cmake_2D_Gimbal.dir/Core/Src/usart.c.obj
 .text.LL_APB1_GRP1_EnableClock
                0x0800409c       0x30 CMakeFiles/Cmake_2D_Gimbal.dir/Core/Src/usart.c.obj
 .text.LL_APB2_GRP1_EnableClock
                0x080040cc       0x30 CMakeFiles/Cmake_2D_Gimbal.dir/Core/Src/usart.c.obj
 .text.LL_USART_Enable
                0x080040fc       0x1e CMakeFiles/Cmake_2D_Gimbal.dir/Core/Src/usart.c.obj
 .text.LL_USART_ConfigAsyncMode
                0x0800411a       0x2a CMakeFiles/Cmake_2D_Gimbal.dir/Core/Src/usart.c.obj
 .text.MX_USART1_UART_Init
                0x08004144       0xd0 CMakeFiles/Cmake_2D_Gimbal.dir/Core/Src/usart.c.obj
                0x08004144                MX_USART1_UART_Init
 .text.MX_USART2_UART_Init
                0x08004214       0xcc CMakeFiles/Cmake_2D_Gimbal.dir/Core/Src/usart.c.obj
                0x08004214                MX_USART2_UART_Init
 .text.MX_USART3_UART_Init
                0x080042e0       0xd0 CMakeFiles/Cmake_2D_Gimbal.dir/Core/Src/usart.c.obj
                0x080042e0                MX_USART3_UART_Init
 .text.NMI_Handler
                0x080043b0        0x8 CMakeFiles/Cmake_2D_Gimbal.dir/Core/Src/stm32f1xx_it.c.obj
                0x080043b0                NMI_Handler
 .text.HardFault_Handler
                0x080043b8        0x8 CMakeFiles/Cmake_2D_Gimbal.dir/Core/Src/stm32f1xx_it.c.obj
                0x080043b8                HardFault_Handler
 .text.MemManage_Handler
                0x080043c0        0x8 CMakeFiles/Cmake_2D_Gimbal.dir/Core/Src/stm32f1xx_it.c.obj
                0x080043c0                MemManage_Handler
 .text.BusFault_Handler
                0x080043c8        0x8 CMakeFiles/Cmake_2D_Gimbal.dir/Core/Src/stm32f1xx_it.c.obj
                0x080043c8                BusFault_Handler
 .text.UsageFault_Handler
                0x080043d0        0x8 CMakeFiles/Cmake_2D_Gimbal.dir/Core/Src/stm32f1xx_it.c.obj
                0x080043d0                UsageFault_Handler
 .text.SVC_Handler
                0x080043d8        0xc CMakeFiles/Cmake_2D_Gimbal.dir/Core/Src/stm32f1xx_it.c.obj
                0x080043d8                SVC_Handler
 .text.DebugMon_Handler
                0x080043e4        0xc CMakeFiles/Cmake_2D_Gimbal.dir/Core/Src/stm32f1xx_it.c.obj
                0x080043e4                DebugMon_Handler
 .text.PendSV_Handler
                0x080043f0        0xc CMakeFiles/Cmake_2D_Gimbal.dir/Core/Src/stm32f1xx_it.c.obj
                0x080043f0                PendSV_Handler
 .text.SysTick_Handler
                0x080043fc        0xc CMakeFiles/Cmake_2D_Gimbal.dir/Core/Src/stm32f1xx_it.c.obj
                0x080043fc                SysTick_Handler
 .text.TIM3_IRQHandler
                0x08004408       0x14 CMakeFiles/Cmake_2D_Gimbal.dir/Core/Src/stm32f1xx_it.c.obj
                0x08004408                TIM3_IRQHandler
 .text.HAL_MspInit
                0x0800441c       0x64 CMakeFiles/Cmake_2D_Gimbal.dir/Core/Src/stm32f1xx_hal_msp.c.obj
                0x0800441c                HAL_MspInit
 .text._sbrk    0x08004480       0x6c CMakeFiles/Cmake_2D_Gimbal.dir/Core/Src/sysmem.c.obj
                0x08004480                _sbrk
 .text._getpid  0x080044ec        0xe CMakeFiles/Cmake_2D_Gimbal.dir/Core/Src/syscalls.c.obj
                0x080044ec                _getpid
 .text._kill    0x080044fa       0x20 CMakeFiles/Cmake_2D_Gimbal.dir/Core/Src/syscalls.c.obj
                0x080044fa                _kill
 .text._exit    0x0800451a       0x16 CMakeFiles/Cmake_2D_Gimbal.dir/Core/Src/syscalls.c.obj
                0x0800451a                _exit
 .text._read    0x08004530       0x3a CMakeFiles/Cmake_2D_Gimbal.dir/Core/Src/syscalls.c.obj
                0x08004530                _read
 .text._write   0x0800456a       0x38 CMakeFiles/Cmake_2D_Gimbal.dir/Core/Src/syscalls.c.obj
                0x0800456a                _write
 .text._close   0x080045a2       0x16 CMakeFiles/Cmake_2D_Gimbal.dir/Core/Src/syscalls.c.obj
                0x080045a2                _close
 .text._fstat   0x080045b8       0x1e CMakeFiles/Cmake_2D_Gimbal.dir/Core/Src/syscalls.c.obj
                0x080045b8                _fstat
 .text._isatty  0x080045d6       0x14 CMakeFiles/Cmake_2D_Gimbal.dir/Core/Src/syscalls.c.obj
                0x080045d6                _isatty
 .text._lseek   0x080045ea       0x18 CMakeFiles/Cmake_2D_Gimbal.dir/Core/Src/syscalls.c.obj
                0x080045ea                _lseek
 *fill*         0x08004602        0x2 
 .text.Reset_Handler
                0x08004604       0x48 CMakeFiles/Cmake_2D_Gimbal.dir/startup_stm32f103xb.s.obj
                0x08004604                Reset_Handler
 .text.Default_Handler
                0x0800464c        0x2 CMakeFiles/Cmake_2D_Gimbal.dir/startup_stm32f103xb.s.obj
                0x0800464c                RTC_Alarm_IRQHandler
                0x0800464c                EXTI2_IRQHandler
                0x0800464c                TIM1_CC_IRQHandler
                0x0800464c                PVD_IRQHandler
                0x0800464c                EXTI3_IRQHandler
                0x0800464c                EXTI0_IRQHandler
                0x0800464c                I2C2_EV_IRQHandler
                0x0800464c                ADC1_2_IRQHandler
                0x0800464c                SPI1_IRQHandler
                0x0800464c                TAMPER_IRQHandler
                0x0800464c                DMA1_Channel4_IRQHandler
                0x0800464c                RTC_IRQHandler
                0x0800464c                DMA1_Channel7_IRQHandler
                0x0800464c                CAN1_RX1_IRQHandler
                0x0800464c                TIM4_IRQHandler
                0x0800464c                I2C1_EV_IRQHandler
                0x0800464c                DMA1_Channel6_IRQHandler
                0x0800464c                RCC_IRQHandler
                0x0800464c                TIM1_TRG_COM_IRQHandler
                0x0800464c                DMA1_Channel1_IRQHandler
                0x0800464c                Default_Handler
                0x0800464c                EXTI15_10_IRQHandler
                0x0800464c                EXTI9_5_IRQHandler
                0x0800464c                SPI2_IRQHandler
                0x0800464c                DMA1_Channel5_IRQHandler
                0x0800464c                EXTI4_IRQHandler
                0x0800464c                USB_LP_CAN1_RX0_IRQHandler
                0x0800464c                USB_HP_CAN1_TX_IRQHandler
                0x0800464c                DMA1_Channel3_IRQHandler
                0x0800464c                TIM1_UP_IRQHandler
                0x0800464c                WWDG_IRQHandler
                0x0800464c                TIM2_IRQHandler
                0x0800464c                TIM1_BRK_IRQHandler
                0x0800464c                EXTI1_IRQHandler
                0x0800464c                I2C2_ER_IRQHandler
                0x0800464c                DMA1_Channel2_IRQHandler
                0x0800464c                CAN1_SCE_IRQHandler
                0x0800464c                FLASH_IRQHandler
                0x0800464c                I2C1_ER_IRQHandler
                0x0800464c                USBWakeUp_IRQHandler
 *fill*         0x0800464e        0x2 
 .text.round    0x08004650       0x8c C:/ST/STM32CubeCLT_1.19.0/GNU-tools-for-STM32/bin/../lib/gcc/arm-none-eabi/13.3.1/../../../../arm-none-eabi/lib/thumb/v7-m/nofp\libm.a(libm_a-s_round.o)
                0x08004650                round
 .text.__cvt    0x080046dc       0xc8 C:/ST/STM32CubeCLT_1.19.0/GNU-tools-for-STM32/bin/../lib/gcc/arm-none-eabi/13.3.1/../../../../arm-none-eabi/lib/thumb/v7-m/nofp\libg_nano.a(libc_a-nano-vfprintf_float.o)
                0x080046dc                __cvt
 .text.__exponent
                0x080047a4       0x74 C:/ST/STM32CubeCLT_1.19.0/GNU-tools-for-STM32/bin/../lib/gcc/arm-none-eabi/13.3.1/../../../../arm-none-eabi/lib/thumb/v7-m/nofp\libg_nano.a(libc_a-nano-vfprintf_float.o)
                0x080047a4                __exponent
 .text._printf_float
                0x08004818      0x458 C:/ST/STM32CubeCLT_1.19.0/GNU-tools-for-STM32/bin/../lib/gcc/arm-none-eabi/13.3.1/../../../../arm-none-eabi/lib/thumb/v7-m/nofp\libg_nano.a(libc_a-nano-vfprintf_float.o)
                0x08004818                _printf_float
 .text._printf_common
                0x08004c70       0xe4 C:/ST/STM32CubeCLT_1.19.0/GNU-tools-for-STM32/bin/../lib/gcc/arm-none-eabi/13.3.1/../../../../arm-none-eabi/lib/thumb/v7-m/nofp\libg_nano.a(libc_a-nano-vfprintf_i.o)
                0x08004c70                _printf_common
 .text._printf_i
                0x08004d54      0x23c C:/ST/STM32CubeCLT_1.19.0/GNU-tools-for-STM32/bin/../lib/gcc/arm-none-eabi/13.3.1/../../../../arm-none-eabi/lib/thumb/v7-m/nofp\libg_nano.a(libc_a-nano-vfprintf_i.o)
                0x08004d54                _printf_i
 .text.std      0x08004f90       0x6c C:/ST/STM32CubeCLT_1.19.0/GNU-tools-for-STM32/bin/../lib/gcc/arm-none-eabi/13.3.1/../../../../arm-none-eabi/lib/thumb/v7-m/nofp\libg_nano.a(libc_a-findfp.o)
 .text.stdio_exit_handler
                0x08004ffc       0x18 C:/ST/STM32CubeCLT_1.19.0/GNU-tools-for-STM32/bin/../lib/gcc/arm-none-eabi/13.3.1/../../../../arm-none-eabi/lib/thumb/v7-m/nofp\libg_nano.a(libc_a-findfp.o)
 .text.cleanup_stdio
                0x08005014       0x40 C:/ST/STM32CubeCLT_1.19.0/GNU-tools-for-STM32/bin/../lib/gcc/arm-none-eabi/13.3.1/../../../../arm-none-eabi/lib/thumb/v7-m/nofp\libg_nano.a(libc_a-findfp.o)
 .text.global_stdio_init.part.0
                0x08005054       0x3c C:/ST/STM32CubeCLT_1.19.0/GNU-tools-for-STM32/bin/../lib/gcc/arm-none-eabi/13.3.1/../../../../arm-none-eabi/lib/thumb/v7-m/nofp\libg_nano.a(libc_a-findfp.o)
 .text.__sfp_lock_acquire
                0x08005090        0xc C:/ST/STM32CubeCLT_1.19.0/GNU-tools-for-STM32/bin/../lib/gcc/arm-none-eabi/13.3.1/../../../../arm-none-eabi/lib/thumb/v7-m/nofp\libg_nano.a(libc_a-findfp.o)
                0x08005090                __sfp_lock_acquire
 .text.__sfp_lock_release
                0x0800509c        0xc C:/ST/STM32CubeCLT_1.19.0/GNU-tools-for-STM32/bin/../lib/gcc/arm-none-eabi/13.3.1/../../../../arm-none-eabi/lib/thumb/v7-m/nofp\libg_nano.a(libc_a-findfp.o)
                0x0800509c                __sfp_lock_release
 .text.__sinit  0x080050a8       0x30 C:/ST/STM32CubeCLT_1.19.0/GNU-tools-for-STM32/bin/../lib/gcc/arm-none-eabi/13.3.1/../../../../arm-none-eabi/lib/thumb/v7-m/nofp\libg_nano.a(libc_a-findfp.o)
                0x080050a8                __sinit
 .text._fwalk_sglue
                0x080050d8       0x3c C:/ST/STM32CubeCLT_1.19.0/GNU-tools-for-STM32/bin/../lib/gcc/arm-none-eabi/13.3.1/../../../../arm-none-eabi/lib/thumb/v7-m/nofp\libg_nano.a(libc_a-fwalk.o)
                0x080050d8                _fwalk_sglue
 .text.__sread  0x08005114       0x22 C:/ST/STM32CubeCLT_1.19.0/GNU-tools-for-STM32/bin/../lib/gcc/arm-none-eabi/13.3.1/../../../../arm-none-eabi/lib/thumb/v7-m/nofp\libg_nano.a(libc_a-stdio.o)
                0x08005114                __sread
 .text.__swrite
                0x08005136       0x38 C:/ST/STM32CubeCLT_1.19.0/GNU-tools-for-STM32/bin/../lib/gcc/arm-none-eabi/13.3.1/../../../../arm-none-eabi/lib/thumb/v7-m/nofp\libg_nano.a(libc_a-stdio.o)
                0x08005136                __swrite
 .text.__sseek  0x0800516e       0x24 C:/ST/STM32CubeCLT_1.19.0/GNU-tools-for-STM32/bin/../lib/gcc/arm-none-eabi/13.3.1/../../../../arm-none-eabi/lib/thumb/v7-m/nofp\libg_nano.a(libc_a-stdio.o)
                0x0800516e                __sseek
 .text.__sclose
                0x08005192        0x8 C:/ST/STM32CubeCLT_1.19.0/GNU-tools-for-STM32/bin/../lib/gcc/arm-none-eabi/13.3.1/../../../../arm-none-eabi/lib/thumb/v7-m/nofp\libg_nano.a(libc_a-stdio.o)
                0x08005192                __sclose
 .text.memset   0x0800519a       0x10 C:/ST/STM32CubeCLT_1.19.0/GNU-tools-for-STM32/bin/../lib/gcc/arm-none-eabi/13.3.1/../../../../arm-none-eabi/lib/thumb/v7-m/nofp\libg_nano.a(libc_a-memset.o)
                0x0800519a                memset
 *fill*         0x080051aa        0x2 
 .text._localeconv_r
                0x080051ac        0x8 C:/ST/STM32CubeCLT_1.19.0/GNU-tools-for-STM32/bin/../lib/gcc/arm-none-eabi/13.3.1/../../../../arm-none-eabi/lib/thumb/v7-m/nofp\libg_nano.a(libc_a-localeconv.o)
                0x080051ac                _localeconv_r
 .text._close_r
                0x080051b4       0x20 C:/ST/STM32CubeCLT_1.19.0/GNU-tools-for-STM32/bin/../lib/gcc/arm-none-eabi/13.3.1/../../../../arm-none-eabi/lib/thumb/v7-m/nofp\libg_nano.a(libc_a-closer.o)
                0x080051b4                _close_r
 .text._lseek_r
                0x080051d4       0x24 C:/ST/STM32CubeCLT_1.19.0/GNU-tools-for-STM32/bin/../lib/gcc/arm-none-eabi/13.3.1/../../../../arm-none-eabi/lib/thumb/v7-m/nofp\libg_nano.a(libc_a-lseekr.o)
                0x080051d4                _lseek_r
 .text._read_r  0x080051f8       0x24 C:/ST/STM32CubeCLT_1.19.0/GNU-tools-for-STM32/bin/../lib/gcc/arm-none-eabi/13.3.1/../../../../arm-none-eabi/lib/thumb/v7-m/nofp\libg_nano.a(libc_a-readr.o)
                0x080051f8                _read_r
 .text._write_r
                0x0800521c       0x24 C:/ST/STM32CubeCLT_1.19.0/GNU-tools-for-STM32/bin/../lib/gcc/arm-none-eabi/13.3.1/../../../../arm-none-eabi/lib/thumb/v7-m/nofp\libg_nano.a(libc_a-writer.o)
                0x0800521c                _write_r
 .text.__errno  0x08005240        0xc C:/ST/STM32CubeCLT_1.19.0/GNU-tools-for-STM32/bin/../lib/gcc/arm-none-eabi/13.3.1/../../../../arm-none-eabi/lib/thumb/v7-m/nofp\libg_nano.a(libc_a-errno.o)
                0x08005240                __errno
 .text.__libc_init_array
                0x0800524c       0x48 C:/ST/STM32CubeCLT_1.19.0/GNU-tools-for-STM32/bin/../lib/gcc/arm-none-eabi/13.3.1/../../../../arm-none-eabi/lib/thumb/v7-m/nofp\libg_nano.a(libc_a-init.o)
                0x0800524c                __libc_init_array
 .text.__retarget_lock_init_recursive
                0x08005294        0x2 C:/ST/STM32CubeCLT_1.19.0/GNU-tools-for-STM32/bin/../lib/gcc/arm-none-eabi/13.3.1/../../../../arm-none-eabi/lib/thumb/v7-m/nofp\libg_nano.a(libc_a-lock.o)
                0x08005294                __retarget_lock_init_recursive
 .text.__retarget_lock_acquire_recursive
                0x08005296        0x2 C:/ST/STM32CubeCLT_1.19.0/GNU-tools-for-STM32/bin/../lib/gcc/arm-none-eabi/13.3.1/../../../../arm-none-eabi/lib/thumb/v7-m/nofp\libg_nano.a(libc_a-lock.o)
                0x08005296                __retarget_lock_acquire_recursive
 .text.__retarget_lock_release_recursive
                0x08005298        0x2 C:/ST/STM32CubeCLT_1.19.0/GNU-tools-for-STM32/bin/../lib/gcc/arm-none-eabi/13.3.1/../../../../arm-none-eabi/lib/thumb/v7-m/nofp\libg_nano.a(libc_a-lock.o)
                0x08005298                __retarget_lock_release_recursive
 .text.memchr   0x0800529a       0x1c C:/ST/STM32CubeCLT_1.19.0/GNU-tools-for-STM32/bin/../lib/gcc/arm-none-eabi/13.3.1/../../../../arm-none-eabi/lib/thumb/v7-m/nofp\libg_nano.a(libc_a-memchr-stub.o)
                0x0800529a                memchr
 .text.memcpy   0x080052b6       0x1c C:/ST/STM32CubeCLT_1.19.0/GNU-tools-for-STM32/bin/../lib/gcc/arm-none-eabi/13.3.1/../../../../arm-none-eabi/lib/thumb/v7-m/nofp\libg_nano.a(libc_a-memcpy-stub.o)
                0x080052b6                memcpy
 .text.quorem   0x080052d2      0x110 C:/ST/STM32CubeCLT_1.19.0/GNU-tools-for-STM32/bin/../lib/gcc/arm-none-eabi/13.3.1/../../../../arm-none-eabi/lib/thumb/v7-m/nofp\libg_nano.a(libc_a-dtoa.o)
 *fill*         0x080053e2        0x6 
 .text._dtoa_r  0x080053e8      0xba8 C:/ST/STM32CubeCLT_1.19.0/GNU-tools-for-STM32/bin/../lib/gcc/arm-none-eabi/13.3.1/../../../../arm-none-eabi/lib/thumb/v7-m/nofp\libg_nano.a(libc_a-dtoa.o)
                0x080053e8                _dtoa_r
 .text._free_r  0x08005f90       0x90 C:/ST/STM32CubeCLT_1.19.0/GNU-tools-for-STM32/bin/../lib/gcc/arm-none-eabi/13.3.1/../../../../arm-none-eabi/lib/thumb/v7-m/nofp\libg_nano.a(libc_a-freer.o)
                0x08005f90                _free_r
 .text.malloc   0x08006020       0x10 C:/ST/STM32CubeCLT_1.19.0/GNU-tools-for-STM32/bin/../lib/gcc/arm-none-eabi/13.3.1/../../../../arm-none-eabi/lib/thumb/v7-m/nofp\libg_nano.a(libc_a-malloc.o)
                0x08006020                malloc
 .text.sbrk_aligned
                0x08006030       0x44 C:/ST/STM32CubeCLT_1.19.0/GNU-tools-for-STM32/bin/../lib/gcc/arm-none-eabi/13.3.1/../../../../arm-none-eabi/lib/thumb/v7-m/nofp\libg_nano.a(libc_a-mallocr.o)
 .text._malloc_r
                0x08006074      0x100 C:/ST/STM32CubeCLT_1.19.0/GNU-tools-for-STM32/bin/../lib/gcc/arm-none-eabi/13.3.1/../../../../arm-none-eabi/lib/thumb/v7-m/nofp\libg_nano.a(libc_a-mallocr.o)
                0x08006074                _malloc_r
 .text.__malloc_lock
                0x08006174        0xc C:/ST/STM32CubeCLT_1.19.0/GNU-tools-for-STM32/bin/../lib/gcc/arm-none-eabi/13.3.1/../../../../arm-none-eabi/lib/thumb/v7-m/nofp\libg_nano.a(libc_a-mlock.o)
                0x08006174                __malloc_lock
 .text.__malloc_unlock
                0x08006180        0xc C:/ST/STM32CubeCLT_1.19.0/GNU-tools-for-STM32/bin/../lib/gcc/arm-none-eabi/13.3.1/../../../../arm-none-eabi/lib/thumb/v7-m/nofp\libg_nano.a(libc_a-mlock.o)
                0x08006180                __malloc_unlock
 .text._Balloc  0x0800618c       0x80 C:/ST/STM32CubeCLT_1.19.0/GNU-tools-for-STM32/bin/../lib/gcc/arm-none-eabi/13.3.1/../../../../arm-none-eabi/lib/thumb/v7-m/nofp\libg_nano.a(libc_a-mprec.o)
                0x0800618c                _Balloc
 .text._Bfree   0x0800620c       0x44 C:/ST/STM32CubeCLT_1.19.0/GNU-tools-for-STM32/bin/../lib/gcc/arm-none-eabi/13.3.1/../../../../arm-none-eabi/lib/thumb/v7-m/nofp\libg_nano.a(libc_a-mprec.o)
                0x0800620c                _Bfree
 .text.__multadd
                0x08006250       0x8c C:/ST/STM32CubeCLT_1.19.0/GNU-tools-for-STM32/bin/../lib/gcc/arm-none-eabi/13.3.1/../../../../arm-none-eabi/lib/thumb/v7-m/nofp\libg_nano.a(libc_a-mprec.o)
                0x08006250                __multadd
 .text.__hi0bits
                0x080062dc       0x3e C:/ST/STM32CubeCLT_1.19.0/GNU-tools-for-STM32/bin/../lib/gcc/arm-none-eabi/13.3.1/../../../../arm-none-eabi/lib/thumb/v7-m/nofp\libg_nano.a(libc_a-mprec.o)
                0x080062dc                __hi0bits
 .text.__lo0bits
                0x0800631a       0x5a C:/ST/STM32CubeCLT_1.19.0/GNU-tools-for-STM32/bin/../lib/gcc/arm-none-eabi/13.3.1/../../../../arm-none-eabi/lib/thumb/v7-m/nofp\libg_nano.a(libc_a-mprec.o)
                0x0800631a                __lo0bits
 .text.__i2b    0x08006374       0x2c C:/ST/STM32CubeCLT_1.19.0/GNU-tools-for-STM32/bin/../lib/gcc/arm-none-eabi/13.3.1/../../../../arm-none-eabi/lib/thumb/v7-m/nofp\libg_nano.a(libc_a-mprec.o)
                0x08006374                __i2b
 .text.__multiply
                0x080063a0      0x144 C:/ST/STM32CubeCLT_1.19.0/GNU-tools-for-STM32/bin/../lib/gcc/arm-none-eabi/13.3.1/../../../../arm-none-eabi/lib/thumb/v7-m/nofp\libg_nano.a(libc_a-mprec.o)
                0x080063a0                __multiply
 .text.__pow5mult
                0x080064e4       0xb4 C:/ST/STM32CubeCLT_1.19.0/GNU-tools-for-STM32/bin/../lib/gcc/arm-none-eabi/13.3.1/../../../../arm-none-eabi/lib/thumb/v7-m/nofp\libg_nano.a(libc_a-mprec.o)
                0x080064e4                __pow5mult
 .text.__lshift
                0x08006598       0xd8 C:/ST/STM32CubeCLT_1.19.0/GNU-tools-for-STM32/bin/../lib/gcc/arm-none-eabi/13.3.1/../../../../arm-none-eabi/lib/thumb/v7-m/nofp\libg_nano.a(libc_a-mprec.o)
                0x08006598                __lshift
 .text.__mcmp   0x08006670       0x36 C:/ST/STM32CubeCLT_1.19.0/GNU-tools-for-STM32/bin/../lib/gcc/arm-none-eabi/13.3.1/../../../../arm-none-eabi/lib/thumb/v7-m/nofp\libg_nano.a(libc_a-mprec.o)
                0x08006670                __mcmp
 *fill*         0x080066a6        0x2 
 .text.__mdiff  0x080066a8      0x128 C:/ST/STM32CubeCLT_1.19.0/GNU-tools-for-STM32/bin/../lib/gcc/arm-none-eabi/13.3.1/../../../../arm-none-eabi/lib/thumb/v7-m/nofp\libg_nano.a(libc_a-mprec.o)
                0x080066a8                __mdiff
 .text.__d2b    0x080067d0       0xb0 C:/ST/STM32CubeCLT_1.19.0/GNU-tools-for-STM32/bin/../lib/gcc/arm-none-eabi/13.3.1/../../../../arm-none-eabi/lib/thumb/v7-m/nofp\libg_nano.a(libc_a-mprec.o)
                0x080067d0                __d2b
 .text.__sflush_r
                0x08006880      0x100 C:/ST/STM32CubeCLT_1.19.0/GNU-tools-for-STM32/bin/../lib/gcc/arm-none-eabi/13.3.1/../../../../arm-none-eabi/lib/thumb/v7-m/nofp\libg_nano.a(libc_a-fflush.o)
                0x08006880                __sflush_r
 .text._fflush_r
                0x08006980       0x50 C:/ST/STM32CubeCLT_1.19.0/GNU-tools-for-STM32/bin/../lib/gcc/arm-none-eabi/13.3.1/../../../../arm-none-eabi/lib/thumb/v7-m/nofp\libg_nano.a(libc_a-fflush.o)
                0x08006980                _fflush_r
 .text._sbrk_r  0x080069d0       0x20 C:/ST/STM32CubeCLT_1.19.0/GNU-tools-for-STM32/bin/../lib/gcc/arm-none-eabi/13.3.1/../../../../arm-none-eabi/lib/thumb/v7-m/nofp\libg_nano.a(libc_a-sbrkr.o)
                0x080069d0                _sbrk_r
 .text.__assert_func
                0x080069f0       0x3c C:/ST/STM32CubeCLT_1.19.0/GNU-tools-for-STM32/bin/../lib/gcc/arm-none-eabi/13.3.1/../../../../arm-none-eabi/lib/thumb/v7-m/nofp\libg_nano.a(libc_a-assert.o)
                0x080069f0                __assert_func
 .text._calloc_r
                0x08006a2c       0x28 C:/ST/STM32CubeCLT_1.19.0/GNU-tools-for-STM32/bin/../lib/gcc/arm-none-eabi/13.3.1/../../../../arm-none-eabi/lib/thumb/v7-m/nofp\libg_nano.a(libc_a-callocr.o)
                0x08006a2c                _calloc_r
 .text.__ascii_mbtowc
                0x08006a54       0x24 C:/ST/STM32CubeCLT_1.19.0/GNU-tools-for-STM32/bin/../lib/gcc/arm-none-eabi/13.3.1/../../../../arm-none-eabi/lib/thumb/v7-m/nofp\libg_nano.a(libc_a-mbtowc_r.o)
                0x08006a54                __ascii_mbtowc
 .text.__ascii_wctomb
                0x08006a78       0x1a C:/ST/STM32CubeCLT_1.19.0/GNU-tools-for-STM32/bin/../lib/gcc/arm-none-eabi/13.3.1/../../../../arm-none-eabi/lib/thumb/v7-m/nofp\libg_nano.a(libc_a-wctomb_r.o)
                0x08006a78                __ascii_wctomb
 *fill*         0x08006a92        0x2 
 .text.fprintf  0x08006a94       0x24 C:/ST/STM32CubeCLT_1.19.0/GNU-tools-for-STM32/bin/../lib/gcc/arm-none-eabi/13.3.1/../../../../arm-none-eabi/lib/thumb/v7-m/nofp\libg_nano.a(libc_a-fprintf.o)
                0x08006a94                fiprintf
                0x08006a94                fprintf
 .text.abort    0x08006ab8        0xe C:/ST/STM32CubeCLT_1.19.0/GNU-tools-for-STM32/bin/../lib/gcc/arm-none-eabi/13.3.1/../../../../arm-none-eabi/lib/thumb/v7-m/nofp\libg_nano.a(libc_a-abort.o)
                0x08006ab8                abort
 .text.__sfputc_r
                0x08006ac6       0x2a C:/ST/STM32CubeCLT_1.19.0/GNU-tools-for-STM32/bin/../lib/gcc/arm-none-eabi/13.3.1/../../../../arm-none-eabi/lib/thumb/v7-m/nofp\libg_nano.a(libc_a-nano-vfprintf.o)
 .text.__sfputs_r
                0x08006af0       0x24 C:/ST/STM32CubeCLT_1.19.0/GNU-tools-for-STM32/bin/../lib/gcc/arm-none-eabi/13.3.1/../../../../arm-none-eabi/lib/thumb/v7-m/nofp\libg_nano.a(libc_a-nano-vfprintf.o)
                0x08006af0                __sfputs_r
 .text._vfprintf_r
                0x08006b14      0x230 C:/ST/STM32CubeCLT_1.19.0/GNU-tools-for-STM32/bin/../lib/gcc/arm-none-eabi/13.3.1/../../../../arm-none-eabi/lib/thumb/v7-m/nofp\libg_nano.a(libc_a-nano-vfprintf.o)
                0x08006b14                _vfprintf_r
                0x08006b14                _vfiprintf_r
 .text.__swbuf_r
                0x08006d44       0x7c C:/ST/STM32CubeCLT_1.19.0/GNU-tools-for-STM32/bin/../lib/gcc/arm-none-eabi/13.3.1/../../../../arm-none-eabi/lib/thumb/v7-m/nofp\libg_nano.a(libc_a-wbuf.o)
                0x08006d44                __swbuf_r
 .text.__swsetup_r
                0x08006dc0       0xac C:/ST/STM32CubeCLT_1.19.0/GNU-tools-for-STM32/bin/../lib/gcc/arm-none-eabi/13.3.1/../../../../arm-none-eabi/lib/thumb/v7-m/nofp\libg_nano.a(libc_a-wsetup.o)
                0x08006dc0                __swsetup_r
 .text._raise_r
                0x08006e6c       0x50 C:/ST/STM32CubeCLT_1.19.0/GNU-tools-for-STM32/bin/../lib/gcc/arm-none-eabi/13.3.1/../../../../arm-none-eabi/lib/thumb/v7-m/nofp\libg_nano.a(libc_a-signal.o)
                0x08006e6c                _raise_r
 .text.raise    0x08006ebc       0x10 C:/ST/STM32CubeCLT_1.19.0/GNU-tools-for-STM32/bin/../lib/gcc/arm-none-eabi/13.3.1/../../../../arm-none-eabi/lib/thumb/v7-m/nofp\libg_nano.a(libc_a-signal.o)
                0x08006ebc                raise
 .text._kill_r  0x08006ecc       0x24 C:/ST/STM32CubeCLT_1.19.0/GNU-tools-for-STM32/bin/../lib/gcc/arm-none-eabi/13.3.1/../../../../arm-none-eabi/lib/thumb/v7-m/nofp\libg_nano.a(libc_a-signalr.o)
                0x08006ecc                _kill_r
 .text._getpid_r
                0x08006ef0        0x4 C:/ST/STM32CubeCLT_1.19.0/GNU-tools-for-STM32/bin/../lib/gcc/arm-none-eabi/13.3.1/../../../../arm-none-eabi/lib/thumb/v7-m/nofp\libg_nano.a(libc_a-signalr.o)
                0x08006ef0                _getpid_r
 .text.__swhatbuf_r
                0x08006ef4       0x4a C:/ST/STM32CubeCLT_1.19.0/GNU-tools-for-STM32/bin/../lib/gcc/arm-none-eabi/13.3.1/../../../../arm-none-eabi/lib/thumb/v7-m/nofp\libg_nano.a(libc_a-makebuf.o)
                0x08006ef4                __swhatbuf_r
 .text.__smakebuf_r
                0x08006f3e       0x78 C:/ST/STM32CubeCLT_1.19.0/GNU-tools-for-STM32/bin/../lib/gcc/arm-none-eabi/13.3.1/../../../../arm-none-eabi/lib/thumb/v7-m/nofp\libg_nano.a(libc_a-makebuf.o)
                0x08006f3e                __smakebuf_r
 *fill*         0x08006fb6        0x2 
 .text._fstat_r
                0x08006fb8       0x24 C:/ST/STM32CubeCLT_1.19.0/GNU-tools-for-STM32/bin/../lib/gcc/arm-none-eabi/13.3.1/../../../../arm-none-eabi/lib/thumb/v7-m/nofp\libg_nano.a(libc_a-fstatr.o)
                0x08006fb8                _fstat_r
 .text._isatty_r
                0x08006fdc       0x20 C:/ST/STM32CubeCLT_1.19.0/GNU-tools-for-STM32/bin/../lib/gcc/arm-none-eabi/13.3.1/../../../../arm-none-eabi/lib/thumb/v7-m/nofp\libg_nano.a(libc_a-isattyr.o)
                0x08006fdc                _isatty_r
 *(.glue_7)
 .glue_7        0x08006ffc        0x0 linker stubs
 *(.glue_7t)
 .glue_7t       0x08006ffc        0x0 linker stubs
 *(.eh_frame)
 .eh_frame      0x08006ffc        0x0 C:/ST/STM32CubeCLT_1.19.0/GNU-tools-for-STM32/bin/../lib/gcc/arm-none-eabi/13.3.1/thumb/v7-m/nofp/crtbegin.o
 *(.init)
 .init          0x08006ffc        0x4 C:/ST/STM32CubeCLT_1.19.0/GNU-tools-for-STM32/bin/../lib/gcc/arm-none-eabi/13.3.1/thumb/v7-m/nofp/crti.o
                0x08006ffc                _init
 .init          0x08007000        0x8 C:/ST/STM32CubeCLT_1.19.0/GNU-tools-for-STM32/bin/../lib/gcc/arm-none-eabi/13.3.1/thumb/v7-m/nofp/crtn.o
 *(.fini)
 .fini          0x08007008        0x4 C:/ST/STM32CubeCLT_1.19.0/GNU-tools-for-STM32/bin/../lib/gcc/arm-none-eabi/13.3.1/thumb/v7-m/nofp/crti.o
                0x08007008                _fini
 .fini          0x0800700c        0x8 C:/ST/STM32CubeCLT_1.19.0/GNU-tools-for-STM32/bin/../lib/gcc/arm-none-eabi/13.3.1/thumb/v7-m/nofp/crtn.o
                0x08007014                        . = ALIGN (0x4)
                0x08007014                        _etext = .

.vfp11_veneer   0x08007014        0x0
 .vfp11_veneer  0x08007014        0x0 linker stubs

.v4_bx          0x08007014        0x0
 .v4_bx         0x08007014        0x0 linker stubs

.iplt           0x08007014        0x0
 .iplt          0x08007014        0x0 C:/ST/STM32CubeCLT_1.19.0/GNU-tools-for-STM32/bin/../lib/gcc/arm-none-eabi/13.3.1/thumb/v7-m/nofp/crtbegin.o

.rodata         0x08007018      0xcc4
                0x08007018                        . = ALIGN (0x4)
 *(.rodata)
 .rodata        0x08007018        0x6 CMakeFiles/Cmake_2D_Gimbal.dir/Core/Src/main.c.obj
 *(.rodata*)
 *fill*         0x0800701e        0x2 
 .rodata.AHBPrescTable
                0x08007020       0x10 cmake/stm32cubemx/CMakeFiles/STM32_Drivers.dir/__/__/Core/Src/system_stm32f1xx.c.obj
                0x08007020                AHBPrescTable
 .rodata.APBPrescTable
                0x08007030        0x8 cmake/stm32cubemx/CMakeFiles/STM32_Drivers.dir/__/__/Core/Src/system_stm32f1xx.c.obj
                0x08007030                APBPrescTable
 .rodata.OLED_F8x16
                0x08007038      0x5f0 CMakeFiles/Cmake_2D_Gimbal.dir/Hardware/OLED_Data.c.obj
                0x08007038                OLED_F8x16
 .rodata.OLED_F6x8
                0x08007628      0x23a CMakeFiles/Cmake_2D_Gimbal.dir/Hardware/OLED_Data.c.obj
                0x08007628                OLED_F6x8
 *fill*         0x08007862        0x2 
 .rodata.OLED_CF16x16
                0x08007864      0x103 CMakeFiles/Cmake_2D_Gimbal.dir/Hardware/OLED_Data.c.obj
                0x08007864                OLED_CF16x16
 .rodata._printf_float.str1.1
                0x08007967      0x171 C:/ST/STM32CubeCLT_1.19.0/GNU-tools-for-STM32/bin/../lib/gcc/arm-none-eabi/13.3.1/../../../../arm-none-eabi/lib/thumb/v7-m/nofp\libg_nano.a(libc_a-nano-vfprintf_float.o)
                                 0x12 (size before relaxing)
 .rodata._printf_i.str1.1
                0x08007ad8       0x22 C:/ST/STM32CubeCLT_1.19.0/GNU-tools-for-STM32/bin/../lib/gcc/arm-none-eabi/13.3.1/../../../../arm-none-eabi/lib/thumb/v7-m/nofp\libg_nano.a(libc_a-nano-vfprintf_i.o)
 .rodata._dtoa_r.str1.1
                0x08007ad8       0x8f C:/ST/STM32CubeCLT_1.19.0/GNU-tools-for-STM32/bin/../lib/gcc/arm-none-eabi/13.3.1/../../../../arm-none-eabi/lib/thumb/v7-m/nofp\libg_nano.a(libc_a-dtoa.o)
 .rodata._Balloc.str1.1
                0x08007ad8       0x70 C:/ST/STM32CubeCLT_1.19.0/GNU-tools-for-STM32/bin/../lib/gcc/arm-none-eabi/13.3.1/../../../../arm-none-eabi/lib/thumb/v7-m/nofp\libg_nano.a(libc_a-mprec.o)
 .rodata.__multadd.str1.1
                0x08007ad8       0x11 C:/ST/STM32CubeCLT_1.19.0/GNU-tools-for-STM32/bin/../lib/gcc/arm-none-eabi/13.3.1/../../../../arm-none-eabi/lib/thumb/v7-m/nofp\libg_nano.a(libc_a-mprec.o)
 .rodata.p05.0  0x08007ad8        0xc C:/ST/STM32CubeCLT_1.19.0/GNU-tools-for-STM32/bin/../lib/gcc/arm-none-eabi/13.3.1/../../../../arm-none-eabi/lib/thumb/v7-m/nofp\libg_nano.a(libc_a-mprec.o)
 *fill*         0x08007ae4        0x4 
 .rodata.__mprec_bigtens
                0x08007ae8       0x28 C:/ST/STM32CubeCLT_1.19.0/GNU-tools-for-STM32/bin/../lib/gcc/arm-none-eabi/13.3.1/../../../../arm-none-eabi/lib/thumb/v7-m/nofp\libg_nano.a(libc_a-mprec.o)
                0x08007ae8                __mprec_bigtens
 .rodata.__mprec_tens
                0x08007b10       0xc8 C:/ST/STM32CubeCLT_1.19.0/GNU-tools-for-STM32/bin/../lib/gcc/arm-none-eabi/13.3.1/../../../../arm-none-eabi/lib/thumb/v7-m/nofp\libg_nano.a(libc_a-mprec.o)
                0x08007b10                __mprec_tens
 .rodata._setlocale_r.str1.1
                0x08007bd8        0x9 C:/ST/STM32CubeCLT_1.19.0/GNU-tools-for-STM32/bin/../lib/gcc/arm-none-eabi/13.3.1/../../../../arm-none-eabi/lib/thumb/v7-m/nofp\libg_nano.a(libc_a-locale.o)
 .rodata.str1.1
                0x08007bd8        0x2 C:/ST/STM32CubeCLT_1.19.0/GNU-tools-for-STM32/bin/../lib/gcc/arm-none-eabi/13.3.1/../../../../arm-none-eabi/lib/thumb/v7-m/nofp\libg_nano.a(libc_a-locale.o)
 .rodata.__assert_func.str1.1
                0x08007bd8       0x3d C:/ST/STM32CubeCLT_1.19.0/GNU-tools-for-STM32/bin/../lib/gcc/arm-none-eabi/13.3.1/../../../../arm-none-eabi/lib/thumb/v7-m/nofp\libg_nano.a(libc_a-assert.o)
 .rodata._ctype_
                0x08007bd8      0x101 C:/ST/STM32CubeCLT_1.19.0/GNU-tools-for-STM32/bin/../lib/gcc/arm-none-eabi/13.3.1/../../../../arm-none-eabi/lib/thumb/v7-m/nofp\libg_nano.a(libc_a-ctype_.o)
                0x08007bd8                _ctype_
 .rodata._vfprintf_r.str1.1
                0x08007cd9       0x11 C:/ST/STM32CubeCLT_1.19.0/GNU-tools-for-STM32/bin/../lib/gcc/arm-none-eabi/13.3.1/../../../../arm-none-eabi/lib/thumb/v7-m/nofp\libg_nano.a(libc_a-nano-vfprintf.o)
                0x08007cec                        . = ALIGN (0x4)
 *fill*         0x08007cd9        0x3 

.ARM.extab      0x08007cdc        0x0
                0x08007cdc                        . = ALIGN (0x4)
 *(.ARM.extab* .gnu.linkonce.armextab.*)
                0x08007cdc                        . = ALIGN (0x4)

.ARM            0x08007cdc        0x8
                0x08007cdc                        . = ALIGN (0x4)
                0x08007cdc                        __exidx_start = .
 *(.ARM.exidx*)
 .ARM.exidx     0x08007cdc        0x8 C:/ST/STM32CubeCLT_1.19.0/GNU-tools-for-STM32/bin/../lib/gcc/arm-none-eabi/13.3.1/../../../../arm-none-eabi/lib/thumb/v7-m/nofp\libg_nano.a(libc_a-strcmp.o)
 .ARM.exidx     0x08007ce4        0x0 C:/ST/STM32CubeCLT_1.19.0/GNU-tools-for-STM32/bin/../lib/gcc/arm-none-eabi/13.3.1/../../../../arm-none-eabi/lib/thumb/v7-m/nofp\libg_nano.a(libc_a-strlen.o)
                                  0x8 (size before relaxing)
                0x08007ce4                        __exidx_end = .
                0x08007ce4                        . = ALIGN (0x4)

.preinit_array  0x08007ce4        0x0
                0x08007ce4                        . = ALIGN (0x4)
                0x08007ce4                        PROVIDE (__preinit_array_start = .)
 *(.preinit_array*)
                0x08007ce4                        PROVIDE (__preinit_array_end = .)
                0x08007ce4                        . = ALIGN (0x4)

.init_array     0x08007ce4        0x4
                0x08007ce4                        . = ALIGN (0x4)
                0x08007ce4                        PROVIDE (__init_array_start = .)
 *(SORT_BY_NAME(.init_array.*))
 *(.init_array*)
 .init_array    0x08007ce4        0x4 C:/ST/STM32CubeCLT_1.19.0/GNU-tools-for-STM32/bin/../lib/gcc/arm-none-eabi/13.3.1/thumb/v7-m/nofp/crtbegin.o
                0x08007ce8                        PROVIDE (__init_array_end = .)
                0x08007ce8                        . = ALIGN (0x4)

.fini_array     0x08007ce8        0x4
                0x08007ce8                        . = ALIGN (0x4)
                [!provide]                        PROVIDE (__fini_array_start = .)
 *(SORT_BY_NAME(.fini_array.*))
 *(.fini_array*)
 .fini_array    0x08007ce8        0x4 C:/ST/STM32CubeCLT_1.19.0/GNU-tools-for-STM32/bin/../lib/gcc/arm-none-eabi/13.3.1/thumb/v7-m/nofp/crtbegin.o
                [!provide]                        PROVIDE (__fini_array_end = .)
                0x08007cec                        . = ALIGN (0x4)
                0x08007cec                        _sidata = LOADADDR (.data)

.rel.dyn        0x08007cec        0x0
 .rel.iplt      0x08007cec        0x0 C:/ST/STM32CubeCLT_1.19.0/GNU-tools-for-STM32/bin/../lib/gcc/arm-none-eabi/13.3.1/thumb/v7-m/nofp/crtbegin.o

.data           0x20000000      0x1d4 load address 0x08007cec
                0x20000000                        . = ALIGN (0x4)
                0x20000000                        _sdata = .
 *(.data)
 *(.data*)
 .data.SystemCoreClock
                0x20000000        0x4 cmake/stm32cubemx/CMakeFiles/STM32_Drivers.dir/__/__/Core/Src/system_stm32f1xx.c.obj
                0x20000000                SystemCoreClock
 .data.uwTickPrio
                0x20000004        0x4 cmake/stm32cubemx/CMakeFiles/STM32_Drivers.dir/__/__/Drivers/STM32F1xx_HAL_Driver/Src/stm32f1xx_hal.c.obj
                0x20000004                uwTickPrio
 .data.uwTickFreq
                0x20000008        0x1 cmake/stm32cubemx/CMakeFiles/STM32_Drivers.dir/__/__/Drivers/STM32F1xx_HAL_Driver/Src/stm32f1xx_hal.c.obj
                0x20000008                uwTickFreq
 .data.DownMoveState
                0x20000009        0x1 CMakeFiles/Cmake_2D_Gimbal.dir/Hardware/Motor.c.obj
                0x20000009                DownMoveState
 *fill*         0x2000000a        0x2 
 .data.__sglue  0x2000000c        0xc C:/ST/STM32CubeCLT_1.19.0/GNU-tools-for-STM32/bin/../lib/gcc/arm-none-eabi/13.3.1/../../../../arm-none-eabi/lib/thumb/v7-m/nofp\libg_nano.a(libc_a-findfp.o)
                0x2000000c                __sglue
 .data._impure_ptr
                0x20000018        0x4 C:/ST/STM32CubeCLT_1.19.0/GNU-tools-for-STM32/bin/../lib/gcc/arm-none-eabi/13.3.1/../../../../arm-none-eabi/lib/thumb/v7-m/nofp\libg_nano.a(libc_a-impure.o)
                0x20000018                _impure_ptr
 .data._impure_data
                0x2000001c       0x4c C:/ST/STM32CubeCLT_1.19.0/GNU-tools-for-STM32/bin/../lib/gcc/arm-none-eabi/13.3.1/../../../../arm-none-eabi/lib/thumb/v7-m/nofp\libg_nano.a(libc_a-impure.o)
                0x2000001c                _impure_data
 .data.__global_locale
                0x20000068      0x16c C:/ST/STM32CubeCLT_1.19.0/GNU-tools-for-STM32/bin/../lib/gcc/arm-none-eabi/13.3.1/../../../../arm-none-eabi/lib/thumb/v7-m/nofp\libg_nano.a(libc_a-locale.o)
                0x20000068                __global_locale
 *(.RamFunc)
 *(.RamFunc*)
                0x200001d4                        . = ALIGN (0x4)

.igot.plt       0x200001d4        0x0 load address 0x08007ec0
 .igot.plt      0x200001d4        0x0 C:/ST/STM32CubeCLT_1.19.0/GNU-tools-for-STM32/bin/../lib/gcc/arm-none-eabi/13.3.1/thumb/v7-m/nofp/crtbegin.o

.tdata          0x200001d4        0x0 load address 0x08007ec0
 *(.tdata .tdata.* .gnu.linkonce.td.*)
                0x200001d4                        . = ALIGN (0x4)
                0x200001d4                        _edata = .
                [!provide]                        PROVIDE (__data_end = .)
                [!provide]                        PROVIDE (__tdata_end = .)
                [!provide]                        PROVIDE (__tdata_start = ADDR (.tdata))
                [!provide]                        PROVIDE (__tdata_size = (__tdata_end - __tdata_start))
                [!provide]                        PROVIDE (__data_start = ADDR (.data))
                [!provide]                        PROVIDE (__data_size = (__data_end - __data_start))
                [!provide]                        PROVIDE (__tdata_source = LOADADDR (.tdata))
                [!provide]                        PROVIDE (__tdata_source_end = (LOADADDR (.tdata) + SIZEOF (.tdata)))
                [!provide]                        PROVIDE (__tdata_source_size = (__tdata_source_end - __tdata_source))
                [!provide]                        PROVIDE (__data_source = LOADADDR (.data))
                [!provide]                        PROVIDE (__data_source_end = __tdata_source_end)
                [!provide]                        PROVIDE (__data_source_size = (__data_source_end - __data_source))

.tbss           0x200001d4        0x0 load address 0x08007ec0
                0x200001d4                        _sbss = .
                0x200001d4                        __bss_start__ = _sbss
 *(.tbss .tbss.*)
                0x200001d4                        . = ALIGN (0x4)
                [!provide]                        PROVIDE (__tbss_end = .)
                [!provide]                        PROVIDE (__tbss_start = ADDR (.tbss))
                [!provide]                        PROVIDE (__tbss_size = (__tbss_end - __tbss_start))
                [!provide]                        PROVIDE (__tbss_offset = (ADDR (.tbss) - ADDR (.tdata)))
                [!provide]                        PROVIDE (__tls_base = __tdata_start)
                [!provide]                        PROVIDE (__tls_end = __tbss_end)
                [!provide]                        PROVIDE (__tls_size = (__tls_end - __tls_base))
                [!provide]                        PROVIDE (__tls_align = MAX (ALIGNOF (.tdata), ALIGNOF (.tbss)))
                [!provide]                        PROVIDE (__tls_size_align = (((__tls_size + __tls_align) - 0x1) & ~ ((__tls_align - 0x1))))
                [!provide]                        PROVIDE (__arm32_tls_tcb_offset = MAX (0x8, __tls_align))
                [!provide]                        PROVIDE (__arm64_tls_tcb_offset = MAX (0x10, __tls_align))

.bss            0x200001d8      0x990 load address 0x08007ec0
 *(.bss)
 .bss           0x200001d8       0x1c C:/ST/STM32CubeCLT_1.19.0/GNU-tools-for-STM32/bin/../lib/gcc/arm-none-eabi/13.3.1/thumb/v7-m/nofp/crtbegin.o
 *(.bss*)
 .bss.uwTick    0x200001f4        0x4 cmake/stm32cubemx/CMakeFiles/STM32_Drivers.dir/__/__/Drivers/STM32F1xx_HAL_Driver/Src/stm32f1xx_hal.c.obj
                0x200001f4                uwTick
 .bss.RxData_Float
                0x200001f8       0x20 CMakeFiles/Cmake_2D_Gimbal.dir/Hardware/Serial.c.obj
                0x200001f8                RxData_Float
 .bss.RxData_Double
                0x20000218       0x20 CMakeFiles/Cmake_2D_Gimbal.dir/Hardware/Serial.c.obj
                0x20000218                RxData_Double
 .bss.RxData_Int
                0x20000238       0x20 CMakeFiles/Cmake_2D_Gimbal.dir/Hardware/Serial.c.obj
                0x20000238                RxData_Int
 .bss.RxData_Uint
                0x20000258       0x20 CMakeFiles/Cmake_2D_Gimbal.dir/Hardware/Serial.c.obj
                0x20000258                RxData_Uint
 .bss.state.5   0x20000278        0x1 CMakeFiles/Cmake_2D_Gimbal.dir/Hardware/Serial.c.obj
 .bss.HeaderRecieveRecord.4
                0x20000279        0x1 CMakeFiles/Cmake_2D_Gimbal.dir/Hardware/Serial.c.obj
 *fill*         0x2000027a        0x2 
 .bss.HeaderRecord.3
                0x2000027c        0x2 CMakeFiles/Cmake_2D_Gimbal.dir/Hardware/Serial.c.obj
 *fill*         0x2000027e        0x2 
 .bss.frame.2   0x20000280       0x58 CMakeFiles/Cmake_2D_Gimbal.dir/Hardware/Serial.c.obj
 .bss.expectedLength.1
                0x200002d8        0x1 CMakeFiles/Cmake_2D_Gimbal.dir/Hardware/Serial.c.obj
 .bss.dataIndex.0
                0x200002d9        0x1 CMakeFiles/Cmake_2D_Gimbal.dir/Hardware/Serial.c.obj
 *fill*         0x200002da        0x2 
 .bss.DownMotorLocation_Array
                0x200002dc        0x6 CMakeFiles/Cmake_2D_Gimbal.dir/Hardware/Motor.c.obj
                0x200002dc                DownMotorLocation_Array
 *fill*         0x200002e2        0x2 
 .bss.DownMotorLocation
                0x200002e4        0x4 CMakeFiles/Cmake_2D_Gimbal.dir/Hardware/Motor.c.obj
                0x200002e4                DownMotorLocation
 .bss.DownMotorLocateDataGetFlag
                0x200002e8        0x1 CMakeFiles/Cmake_2D_Gimbal.dir/Hardware/Motor.c.obj
                0x200002e8                DownMotorLocateDataGetFlag
 *fill*         0x200002e9        0x3 
 .bss.UpMotorLocation_Array
                0x200002ec        0x6 CMakeFiles/Cmake_2D_Gimbal.dir/Hardware/Motor.c.obj
                0x200002ec                UpMotorLocation_Array
 *fill*         0x200002f2        0x2 
 .bss.UpMotorLocation
                0x200002f4        0x4 CMakeFiles/Cmake_2D_Gimbal.dir/Hardware/Motor.c.obj
                0x200002f4                UpMotorLocation
 .bss.UpMotorLocateDataGetFlag
                0x200002f8        0x1 CMakeFiles/Cmake_2D_Gimbal.dir/Hardware/Motor.c.obj
                0x200002f8                UpMotorLocateDataGetFlag
 *fill*         0x200002f9        0x3 
 .bss.DownTagectAngle
                0x200002fc        0x4 CMakeFiles/Cmake_2D_Gimbal.dir/Hardware/Motor.c.obj
                0x200002fc                DownTagectAngle
 .bss.DataRecieveState.3
                0x20000300        0x1 CMakeFiles/Cmake_2D_Gimbal.dir/Hardware/Motor.c.obj
 .bss.RxDataFlag.2
                0x20000301        0x1 CMakeFiles/Cmake_2D_Gimbal.dir/Hardware/Motor.c.obj
 .bss.DataRecieveState.1
                0x20000302        0x1 CMakeFiles/Cmake_2D_Gimbal.dir/Hardware/Motor.c.obj
 .bss.RxDataFlag.0
                0x20000303        0x1 CMakeFiles/Cmake_2D_Gimbal.dir/Hardware/Motor.c.obj
 .bss.OLED_DisplayBuf
                0x20000304      0x400 CMakeFiles/Cmake_2D_Gimbal.dir/Hardware/OLED.c.obj
                0x20000304                OLED_DisplayBuf
 .bss.oledupdate_state
                0x20000704        0x4 CMakeFiles/Cmake_2D_Gimbal.dir/Hardware/Timer.c.obj
                0x20000704                oledupdate_state
 .bss.TurningUpdate_state
                0x20000708        0x4 CMakeFiles/Cmake_2D_Gimbal.dir/Hardware/Timer.c.obj
                0x20000708                TurningUpdate_state
 .bss.last_count.0
                0x2000070c        0x4 CMakeFiles/Cmake_2D_Gimbal.dir/Hardware/Timer.c.obj
 .bss.Usart1    0x20000710       0xe8 CMakeFiles/Cmake_2D_Gimbal.dir/Core/Src/main.c.obj
                0x20000710                Usart1
 .bss.Usart2    0x200007f8       0xe8 CMakeFiles/Cmake_2D_Gimbal.dir/Core/Src/main.c.obj
                0x200007f8                Usart2
 .bss.Usart3    0x200008e0       0xe8 CMakeFiles/Cmake_2D_Gimbal.dir/Core/Src/main.c.obj
                0x200008e0                Usart3
 .bss.DownLocation
                0x200009c8        0x4 CMakeFiles/Cmake_2D_Gimbal.dir/Core/Src/main.c.obj
                0x200009c8                DownLocation
 .bss.UpLocation
                0x200009cc        0x4 CMakeFiles/Cmake_2D_Gimbal.dir/Core/Src/main.c.obj
                0x200009cc                UpLocation
 .bss.htim3     0x200009d0       0x48 CMakeFiles/Cmake_2D_Gimbal.dir/Core/Src/tim.c.obj
                0x200009d0                htim3
 .bss.__sbrk_heap_end
                0x20000a18        0x4 CMakeFiles/Cmake_2D_Gimbal.dir/Core/Src/sysmem.c.obj
 .bss.__sf      0x20000a1c      0x138 C:/ST/STM32CubeCLT_1.19.0/GNU-tools-for-STM32/bin/../lib/gcc/arm-none-eabi/13.3.1/../../../../arm-none-eabi/lib/thumb/v7-m/nofp\libg_nano.a(libc_a-findfp.o)
                0x20000a1c                __sf
 .bss.__stdio_exit_handler
                0x20000b54        0x4 C:/ST/STM32CubeCLT_1.19.0/GNU-tools-for-STM32/bin/../lib/gcc/arm-none-eabi/13.3.1/../../../../arm-none-eabi/lib/thumb/v7-m/nofp\libg_nano.a(libc_a-findfp.o)
                0x20000b54                __stdio_exit_handler
 .bss.errno     0x20000b58        0x4 C:/ST/STM32CubeCLT_1.19.0/GNU-tools-for-STM32/bin/../lib/gcc/arm-none-eabi/13.3.1/../../../../arm-none-eabi/lib/thumb/v7-m/nofp\libg_nano.a(libc_a-reent.o)
                0x20000b58                errno
 .bss.__lock___malloc_recursive_mutex
                0x20000b5c        0x1 C:/ST/STM32CubeCLT_1.19.0/GNU-tools-for-STM32/bin/../lib/gcc/arm-none-eabi/13.3.1/../../../../arm-none-eabi/lib/thumb/v7-m/nofp\libg_nano.a(libc_a-lock.o)
                0x20000b5c                __lock___malloc_recursive_mutex
 .bss.__lock___sfp_recursive_mutex
                0x20000b5d        0x1 C:/ST/STM32CubeCLT_1.19.0/GNU-tools-for-STM32/bin/../lib/gcc/arm-none-eabi/13.3.1/../../../../arm-none-eabi/lib/thumb/v7-m/nofp\libg_nano.a(libc_a-lock.o)
                0x20000b5d                __lock___sfp_recursive_mutex
 *fill*         0x20000b5e        0x2 
 .bss.__malloc_sbrk_start
                0x20000b60        0x4 C:/ST/STM32CubeCLT_1.19.0/GNU-tools-for-STM32/bin/../lib/gcc/arm-none-eabi/13.3.1/../../../../arm-none-eabi/lib/thumb/v7-m/nofp\libg_nano.a(libc_a-mallocr.o)
                0x20000b60                __malloc_sbrk_start
 .bss.__malloc_free_list
                0x20000b64        0x4 C:/ST/STM32CubeCLT_1.19.0/GNU-tools-for-STM32/bin/../lib/gcc/arm-none-eabi/13.3.1/../../../../arm-none-eabi/lib/thumb/v7-m/nofp\libg_nano.a(libc_a-mallocr.o)
                0x20000b64                __malloc_free_list
 *(COMMON)
                0x20000b68                        . = ALIGN (0x4)
                0x20000b68                        _ebss = .
                0x20000b68                        __bss_end__ = _ebss
                [!provide]                        PROVIDE (__bss_end = .)
                [!provide]                        PROVIDE (__non_tls_bss_start = ADDR (.bss))
                [!provide]                        PROVIDE (__bss_start = __tbss_start)
                [!provide]                        PROVIDE (__bss_size = (__bss_end - __bss_start))

._user_heap_stack
                0x20000b68      0x600 load address 0x08007ec0
                0x20000b68                        . = ALIGN (0x8)
                [!provide]                        PROVIDE (end = .)
                0x20000b68                        PROVIDE (_end = .)
                0x20000d68                        . = (. + _Min_Heap_Size)
 *fill*         0x20000b68      0x200 
                0x20001168                        . = (. + _Min_Stack_Size)
 *fill*         0x20000d68      0x400 
                0x20001168                        . = ALIGN (0x8)

/DISCARD/
 libc.a:*(*)
 libm.a:*(*)
 libgcc.a:*(*)
OUTPUT(Cmake_2D_Gimbal.elf elf32-littlearm)
LOAD linker stubs

.ARM.attributes
                0x00000000       0x29
 .ARM.attributes
                0x00000000       0x1d C:/ST/STM32CubeCLT_1.19.0/GNU-tools-for-STM32/bin/../lib/gcc/arm-none-eabi/13.3.1/thumb/v7-m/nofp/crti.o
 .ARM.attributes
                0x0000001d       0x2d C:/ST/STM32CubeCLT_1.19.0/GNU-tools-for-STM32/bin/../lib/gcc/arm-none-eabi/13.3.1/thumb/v7-m/nofp/crtbegin.o
 .ARM.attributes
                0x0000004a       0x2d cmake/stm32cubemx/CMakeFiles/STM32_Drivers.dir/__/__/Core/Src/system_stm32f1xx.c.obj
 .ARM.attributes
                0x00000077       0x2d cmake/stm32cubemx/CMakeFiles/STM32_Drivers.dir/__/__/Drivers/STM32F1xx_HAL_Driver/Src/stm32f1xx_hal_tim.c.obj
 .ARM.attributes
                0x000000a4       0x2d cmake/stm32cubemx/CMakeFiles/STM32_Drivers.dir/__/__/Drivers/STM32F1xx_HAL_Driver/Src/stm32f1xx_hal_tim_ex.c.obj
 .ARM.attributes
                0x000000d1       0x2d cmake/stm32cubemx/CMakeFiles/STM32_Drivers.dir/__/__/Drivers/STM32F1xx_HAL_Driver/Src/stm32f1xx_ll_rcc.c.obj
 .ARM.attributes
                0x000000fe       0x2d cmake/stm32cubemx/CMakeFiles/STM32_Drivers.dir/__/__/Drivers/STM32F1xx_HAL_Driver/Src/stm32f1xx_ll_utils.c.obj
 .ARM.attributes
                0x0000012b       0x2d cmake/stm32cubemx/CMakeFiles/STM32_Drivers.dir/__/__/Drivers/STM32F1xx_HAL_Driver/Src/stm32f1xx_hal.c.obj
 .ARM.attributes
                0x00000158       0x2d cmake/stm32cubemx/CMakeFiles/STM32_Drivers.dir/__/__/Drivers/STM32F1xx_HAL_Driver/Src/stm32f1xx_hal_gpio.c.obj
 .ARM.attributes
                0x00000185       0x2d cmake/stm32cubemx/CMakeFiles/STM32_Drivers.dir/__/__/Drivers/STM32F1xx_HAL_Driver/Src/stm32f1xx_hal_cortex.c.obj
 .ARM.attributes
                0x000001b2       0x2d cmake/stm32cubemx/CMakeFiles/STM32_Drivers.dir/__/__/Drivers/STM32F1xx_HAL_Driver/Src/stm32f1xx_ll_usart.c.obj
 .ARM.attributes
                0x000001df       0x2d cmake/stm32cubemx/CMakeFiles/STM32_Drivers.dir/__/__/Drivers/STM32F1xx_HAL_Driver/Src/stm32f1xx_ll_gpio.c.obj
 .ARM.attributes
                0x0000020c       0x2d CMakeFiles/Cmake_2D_Gimbal.dir/Hardware/Serial.c.obj
 .ARM.attributes
                0x00000239       0x2d CMakeFiles/Cmake_2D_Gimbal.dir/Hardware/Motor.c.obj
 .ARM.attributes
                0x00000266       0x2d CMakeFiles/Cmake_2D_Gimbal.dir/Hardware/OLED_Data.c.obj
 .ARM.attributes
                0x00000293       0x2d CMakeFiles/Cmake_2D_Gimbal.dir/Hardware/OLED.c.obj
 .ARM.attributes
                0x000002c0       0x2d CMakeFiles/Cmake_2D_Gimbal.dir/Hardware/Timer.c.obj
 .ARM.attributes
                0x000002ed       0x2d CMakeFiles/Cmake_2D_Gimbal.dir/Core/Src/main.c.obj
 .ARM.attributes
                0x0000031a       0x2d CMakeFiles/Cmake_2D_Gimbal.dir/Core/Src/gpio.c.obj
 .ARM.attributes
                0x00000347       0x2d CMakeFiles/Cmake_2D_Gimbal.dir/Core/Src/tim.c.obj
 .ARM.attributes
                0x00000374       0x2d CMakeFiles/Cmake_2D_Gimbal.dir/Core/Src/usart.c.obj
 .ARM.attributes
                0x000003a1       0x2d CMakeFiles/Cmake_2D_Gimbal.dir/Core/Src/stm32f1xx_it.c.obj
 .ARM.attributes
                0x000003ce       0x2d CMakeFiles/Cmake_2D_Gimbal.dir/Core/Src/stm32f1xx_hal_msp.c.obj
 .ARM.attributes
                0x000003fb       0x2d CMakeFiles/Cmake_2D_Gimbal.dir/Core/Src/sysmem.c.obj
 .ARM.attributes
                0x00000428       0x2d CMakeFiles/Cmake_2D_Gimbal.dir/Core/Src/syscalls.c.obj
 .ARM.attributes
                0x00000455       0x21 CMakeFiles/Cmake_2D_Gimbal.dir/startup_stm32f103xb.s.obj
 .ARM.attributes
                0x00000476       0x2d C:/ST/STM32CubeCLT_1.19.0/GNU-tools-for-STM32/bin/../lib/gcc/arm-none-eabi/13.3.1/../../../../arm-none-eabi/lib/thumb/v7-m/nofp\libm.a(libm_a-s_round.o)
 .ARM.attributes
                0x000004a3       0x1d C:/ST/STM32CubeCLT_1.19.0/GNU-tools-for-STM32/bin/../lib/gcc/arm-none-eabi/13.3.1/thumb/v7-m/nofp\libgcc.a(_arm_addsubdf3.o)
 .ARM.attributes
                0x000004c0       0x1d C:/ST/STM32CubeCLT_1.19.0/GNU-tools-for-STM32/bin/../lib/gcc/arm-none-eabi/13.3.1/thumb/v7-m/nofp\libgcc.a(_arm_muldivdf3.o)
 .ARM.attributes
                0x000004dd       0x1d C:/ST/STM32CubeCLT_1.19.0/GNU-tools-for-STM32/bin/../lib/gcc/arm-none-eabi/13.3.1/thumb/v7-m/nofp\libgcc.a(_arm_cmpdf2.o)
 .ARM.attributes
                0x000004fa       0x1d C:/ST/STM32CubeCLT_1.19.0/GNU-tools-for-STM32/bin/../lib/gcc/arm-none-eabi/13.3.1/thumb/v7-m/nofp\libgcc.a(_arm_fixdfsi.o)
 .ARM.attributes
                0x00000517       0x1d C:/ST/STM32CubeCLT_1.19.0/GNU-tools-for-STM32/bin/../lib/gcc/arm-none-eabi/13.3.1/thumb/v7-m/nofp\libgcc.a(_arm_fixunsdfsi.o)
 .ARM.attributes
                0x00000534       0x1d C:/ST/STM32CubeCLT_1.19.0/GNU-tools-for-STM32/bin/../lib/gcc/arm-none-eabi/13.3.1/thumb/v7-m/nofp\libgcc.a(_arm_addsubsf3.o)
 .ARM.attributes
                0x00000551       0x1d C:/ST/STM32CubeCLT_1.19.0/GNU-tools-for-STM32/bin/../lib/gcc/arm-none-eabi/13.3.1/thumb/v7-m/nofp\libgcc.a(_arm_muldivsf3.o)
 .ARM.attributes
                0x0000056e       0x1d C:/ST/STM32CubeCLT_1.19.0/GNU-tools-for-STM32/bin/../lib/gcc/arm-none-eabi/13.3.1/thumb/v7-m/nofp\libgcc.a(_arm_cmpsf2.o)
 .ARM.attributes
                0x0000058b       0x2d C:/ST/STM32CubeCLT_1.19.0/GNU-tools-for-STM32/bin/../lib/gcc/arm-none-eabi/13.3.1/../../../../arm-none-eabi/lib/thumb/v7-m/nofp\libg_nano.a(libc_a-nano-vfprintf_float.o)
 .ARM.attributes
                0x000005b8       0x2d C:/ST/STM32CubeCLT_1.19.0/GNU-tools-for-STM32/bin/../lib/gcc/arm-none-eabi/13.3.1/../../../../arm-none-eabi/lib/thumb/v7-m/nofp\libg_nano.a(libc_a-nano-vfprintf_i.o)
 .ARM.attributes
                0x000005e5       0x2d C:/ST/STM32CubeCLT_1.19.0/GNU-tools-for-STM32/bin/../lib/gcc/arm-none-eabi/13.3.1/../../../../arm-none-eabi/lib/thumb/v7-m/nofp\libg_nano.a(libc_a-findfp.o)
 .ARM.attributes
                0x00000612       0x2d C:/ST/STM32CubeCLT_1.19.0/GNU-tools-for-STM32/bin/../lib/gcc/arm-none-eabi/13.3.1/../../../../arm-none-eabi/lib/thumb/v7-m/nofp\libg_nano.a(libc_a-fwalk.o)
 .ARM.attributes
                0x0000063f       0x2d C:/ST/STM32CubeCLT_1.19.0/GNU-tools-for-STM32/bin/../lib/gcc/arm-none-eabi/13.3.1/../../../../arm-none-eabi/lib/thumb/v7-m/nofp\libg_nano.a(libc_a-stdio.o)
 .ARM.attributes
                0x0000066c       0x2d C:/ST/STM32CubeCLT_1.19.0/GNU-tools-for-STM32/bin/../lib/gcc/arm-none-eabi/13.3.1/../../../../arm-none-eabi/lib/thumb/v7-m/nofp\libg_nano.a(libc_a-memset.o)
 .ARM.attributes
                0x00000699       0x2d C:/ST/STM32CubeCLT_1.19.0/GNU-tools-for-STM32/bin/../lib/gcc/arm-none-eabi/13.3.1/../../../../arm-none-eabi/lib/thumb/v7-m/nofp\libg_nano.a(libc_a-localeconv.o)
 .ARM.attributes
                0x000006c6       0x2d C:/ST/STM32CubeCLT_1.19.0/GNU-tools-for-STM32/bin/../lib/gcc/arm-none-eabi/13.3.1/../../../../arm-none-eabi/lib/thumb/v7-m/nofp\libg_nano.a(libc_a-closer.o)
 .ARM.attributes
                0x000006f3       0x2d C:/ST/STM32CubeCLT_1.19.0/GNU-tools-for-STM32/bin/../lib/gcc/arm-none-eabi/13.3.1/../../../../arm-none-eabi/lib/thumb/v7-m/nofp\libg_nano.a(libc_a-reent.o)
 .ARM.attributes
                0x00000720       0x2d C:/ST/STM32CubeCLT_1.19.0/GNU-tools-for-STM32/bin/../lib/gcc/arm-none-eabi/13.3.1/../../../../arm-none-eabi/lib/thumb/v7-m/nofp\libg_nano.a(libc_a-impure.o)
 .ARM.attributes
                0x0000074d       0x2d C:/ST/STM32CubeCLT_1.19.0/GNU-tools-for-STM32/bin/../lib/gcc/arm-none-eabi/13.3.1/../../../../arm-none-eabi/lib/thumb/v7-m/nofp\libg_nano.a(libc_a-lseekr.o)
 .ARM.attributes
                0x0000077a       0x2d C:/ST/STM32CubeCLT_1.19.0/GNU-tools-for-STM32/bin/../lib/gcc/arm-none-eabi/13.3.1/../../../../arm-none-eabi/lib/thumb/v7-m/nofp\libg_nano.a(libc_a-readr.o)
 .ARM.attributes
                0x000007a7       0x2d C:/ST/STM32CubeCLT_1.19.0/GNU-tools-for-STM32/bin/../lib/gcc/arm-none-eabi/13.3.1/../../../../arm-none-eabi/lib/thumb/v7-m/nofp\libg_nano.a(libc_a-writer.o)
 .ARM.attributes
                0x000007d4       0x2d C:/ST/STM32CubeCLT_1.19.0/GNU-tools-for-STM32/bin/../lib/gcc/arm-none-eabi/13.3.1/../../../../arm-none-eabi/lib/thumb/v7-m/nofp\libg_nano.a(libc_a-errno.o)
 .ARM.attributes
                0x00000801       0x2d C:/ST/STM32CubeCLT_1.19.0/GNU-tools-for-STM32/bin/../lib/gcc/arm-none-eabi/13.3.1/../../../../arm-none-eabi/lib/thumb/v7-m/nofp\libg_nano.a(libc_a-init.o)
 .ARM.attributes
                0x0000082e       0x2d C:/ST/STM32CubeCLT_1.19.0/GNU-tools-for-STM32/bin/../lib/gcc/arm-none-eabi/13.3.1/../../../../arm-none-eabi/lib/thumb/v7-m/nofp\libg_nano.a(libc_a-lock.o)
 .ARM.attributes
                0x0000085b       0x1b C:/ST/STM32CubeCLT_1.19.0/GNU-tools-for-STM32/bin/../lib/gcc/arm-none-eabi/13.3.1/../../../../arm-none-eabi/lib/thumb/v7-m/nofp\libg_nano.a(libc_a-strcmp.o)
 .ARM.attributes
                0x00000876       0x2d C:/ST/STM32CubeCLT_1.19.0/GNU-tools-for-STM32/bin/../lib/gcc/arm-none-eabi/13.3.1/../../../../arm-none-eabi/lib/thumb/v7-m/nofp\libg_nano.a(libc_a-memchr-stub.o)
 .ARM.attributes
                0x000008a3       0x2d C:/ST/STM32CubeCLT_1.19.0/GNU-tools-for-STM32/bin/../lib/gcc/arm-none-eabi/13.3.1/../../../../arm-none-eabi/lib/thumb/v7-m/nofp\libg_nano.a(libc_a-memcpy-stub.o)
 .ARM.attributes
                0x000008d0       0x17 C:/ST/STM32CubeCLT_1.19.0/GNU-tools-for-STM32/bin/../lib/gcc/arm-none-eabi/13.3.1/../../../../arm-none-eabi/lib/thumb/v7-m/nofp\libg_nano.a(libc_a-strlen.o)
 .ARM.attributes
                0x000008e7       0x2d C:/ST/STM32CubeCLT_1.19.0/GNU-tools-for-STM32/bin/../lib/gcc/arm-none-eabi/13.3.1/../../../../arm-none-eabi/lib/thumb/v7-m/nofp\libg_nano.a(libc_a-dtoa.o)
 .ARM.attributes
                0x00000914       0x2d C:/ST/STM32CubeCLT_1.19.0/GNU-tools-for-STM32/bin/../lib/gcc/arm-none-eabi/13.3.1/../../../../arm-none-eabi/lib/thumb/v7-m/nofp\libg_nano.a(libc_a-freer.o)
 .ARM.attributes
                0x00000941       0x2d C:/ST/STM32CubeCLT_1.19.0/GNU-tools-for-STM32/bin/../lib/gcc/arm-none-eabi/13.3.1/../../../../arm-none-eabi/lib/thumb/v7-m/nofp\libg_nano.a(libc_a-malloc.o)
 .ARM.attributes
                0x0000096e       0x2d C:/ST/STM32CubeCLT_1.19.0/GNU-tools-for-STM32/bin/../lib/gcc/arm-none-eabi/13.3.1/../../../../arm-none-eabi/lib/thumb/v7-m/nofp\libg_nano.a(libc_a-mallocr.o)
 .ARM.attributes
                0x0000099b       0x2d C:/ST/STM32CubeCLT_1.19.0/GNU-tools-for-STM32/bin/../lib/gcc/arm-none-eabi/13.3.1/../../../../arm-none-eabi/lib/thumb/v7-m/nofp\libg_nano.a(libc_a-mlock.o)
 .ARM.attributes
                0x000009c8       0x2d C:/ST/STM32CubeCLT_1.19.0/GNU-tools-for-STM32/bin/../lib/gcc/arm-none-eabi/13.3.1/../../../../arm-none-eabi/lib/thumb/v7-m/nofp\libg_nano.a(libc_a-mprec.o)
 .ARM.attributes
                0x000009f5       0x2d C:/ST/STM32CubeCLT_1.19.0/GNU-tools-for-STM32/bin/../lib/gcc/arm-none-eabi/13.3.1/../../../../arm-none-eabi/lib/thumb/v7-m/nofp\libg_nano.a(libc_a-fflush.o)
 .ARM.attributes
                0x00000a22       0x2d C:/ST/STM32CubeCLT_1.19.0/GNU-tools-for-STM32/bin/../lib/gcc/arm-none-eabi/13.3.1/../../../../arm-none-eabi/lib/thumb/v7-m/nofp\libg_nano.a(libc_a-locale.o)
 .ARM.attributes
                0x00000a4f       0x2d C:/ST/STM32CubeCLT_1.19.0/GNU-tools-for-STM32/bin/../lib/gcc/arm-none-eabi/13.3.1/../../../../arm-none-eabi/lib/thumb/v7-m/nofp\libg_nano.a(libc_a-sbrkr.o)
 .ARM.attributes
                0x00000a7c       0x2d C:/ST/STM32CubeCLT_1.19.0/GNU-tools-for-STM32/bin/../lib/gcc/arm-none-eabi/13.3.1/../../../../arm-none-eabi/lib/thumb/v7-m/nofp\libg_nano.a(libc_a-assert.o)
 .ARM.attributes
                0x00000aa9       0x2d C:/ST/STM32CubeCLT_1.19.0/GNU-tools-for-STM32/bin/../lib/gcc/arm-none-eabi/13.3.1/../../../../arm-none-eabi/lib/thumb/v7-m/nofp\libg_nano.a(libc_a-callocr.o)
 .ARM.attributes
                0x00000ad6       0x2d C:/ST/STM32CubeCLT_1.19.0/GNU-tools-for-STM32/bin/../lib/gcc/arm-none-eabi/13.3.1/../../../../arm-none-eabi/lib/thumb/v7-m/nofp\libg_nano.a(libc_a-mbtowc_r.o)
 .ARM.attributes
                0x00000b03       0x2d C:/ST/STM32CubeCLT_1.19.0/GNU-tools-for-STM32/bin/../lib/gcc/arm-none-eabi/13.3.1/../../../../arm-none-eabi/lib/thumb/v7-m/nofp\libg_nano.a(libc_a-wctomb_r.o)
 .ARM.attributes
                0x00000b30       0x2d C:/ST/STM32CubeCLT_1.19.0/GNU-tools-for-STM32/bin/../lib/gcc/arm-none-eabi/13.3.1/../../../../arm-none-eabi/lib/thumb/v7-m/nofp\libg_nano.a(libc_a-ctype_.o)
 .ARM.attributes
                0x00000b5d       0x2d C:/ST/STM32CubeCLT_1.19.0/GNU-tools-for-STM32/bin/../lib/gcc/arm-none-eabi/13.3.1/../../../../arm-none-eabi/lib/thumb/v7-m/nofp\libg_nano.a(libc_a-fprintf.o)
 .ARM.attributes
                0x00000b8a       0x2d C:/ST/STM32CubeCLT_1.19.0/GNU-tools-for-STM32/bin/../lib/gcc/arm-none-eabi/13.3.1/../../../../arm-none-eabi/lib/thumb/v7-m/nofp\libg_nano.a(libc_a-abort.o)
 .ARM.attributes
                0x00000bb7       0x2d C:/ST/STM32CubeCLT_1.19.0/GNU-tools-for-STM32/bin/../lib/gcc/arm-none-eabi/13.3.1/../../../../arm-none-eabi/lib/thumb/v7-m/nofp\libg_nano.a(libc_a-nano-vfprintf.o)
 .ARM.attributes