Archive member included to satisfy reference by file (symbol)

C:/ST/STM32CubeCLT_1.19.0/GNU-tools-for-STM32/bin/../lib/gcc/arm-none-eabi/13.3.1/../../../../arm-none-eabi/lib/thumb/v7-m/nofp\libg_nano.a(libc_a-exit.o)
                              C:/ST/STM32CubeCLT_1.19.0/GNU-tools-for-STM32/bin/../lib/gcc/arm-none-eabi/13.3.1/../../../../arm-none-eabi/lib/thumb/v7-m/nofp/crt0.o (exit)
C:/ST/STM32CubeCLT_1.19.0/GNU-tools-for-STM32/bin/../lib/gcc/arm-none-eabi/13.3.1/../../../../arm-none-eabi/lib/thumb/v7-m/nofp\libg_nano.a(libc_a-findfp.o)
                              C:/ST/STM32CubeCLT_1.19.0/GNU-tools-for-STM32/bin/../lib/gcc/arm-none-eabi/13.3.1/../../../../arm-none-eabi/lib/thumb/v7-m/nofp\libg_nano.a(libc_a-exit.o) (__stdio_exit_handler)
C:/ST/STM32CubeCLT_1.19.0/GNU-tools-for-STM32/bin/../lib/gcc/arm-none-eabi/13.3.1/../../../../arm-none-eabi/lib/thumb/v7-m/nofp\libg_nano.a(libc_a-fwalk.o)
                              C:/ST/STM32CubeCLT_1.19.0/GNU-tools-for-STM32/bin/../lib/gcc/arm-none-eabi/13.3.1/../../../../arm-none-eabi/lib/thumb/v7-m/nofp\libg_nano.a(libc_a-findfp.o) (_fwalk_sglue)
C:/ST/STM32CubeCLT_1.19.0/GNU-tools-for-STM32/bin/../lib/gcc/arm-none-eabi/13.3.1/../../../../arm-none-eabi/lib/thumb/v7-m/nofp\libg_nano.a(libc_a-sprintf.o)
                              CMakeFiles/Cmake_2D_Gimbal.dir/Hardware/Serial.c.obj (sprintf)
C:/ST/STM32CubeCLT_1.19.0/GNU-tools-for-STM32/bin/../lib/gcc/arm-none-eabi/13.3.1/../../../../arm-none-eabi/lib/thumb/v7-m/nofp\libg_nano.a(libc_a-stdio.o)
                              C:/ST/STM32CubeCLT_1.19.0/GNU-tools-for-STM32/bin/../lib/gcc/arm-none-eabi/13.3.1/../../../../arm-none-eabi/lib/thumb/v7-m/nofp\libg_nano.a(libc_a-findfp.o) (__sread)
C:/ST/STM32CubeCLT_1.19.0/GNU-tools-for-STM32/bin/../lib/gcc/arm-none-eabi/13.3.1/../../../../arm-none-eabi/lib/thumb/v7-m/nofp\libg_nano.a(libc_a-vsprintf.o)
                              CMakeFiles/Cmake_2D_Gimbal.dir/Hardware/Serial.c.obj (vsprintf)
C:/ST/STM32CubeCLT_1.19.0/GNU-tools-for-STM32/bin/../lib/gcc/arm-none-eabi/13.3.1/../../../../arm-none-eabi/lib/thumb/v7-m/nofp\libg_nano.a(libc_a-memset.o)
                              C:/ST/STM32CubeCLT_1.19.0/GNU-tools-for-STM32/bin/../lib/gcc/arm-none-eabi/13.3.1/../../../../arm-none-eabi/lib/thumb/v7-m/nofp/crt0.o (memset)
C:/ST/STM32CubeCLT_1.19.0/GNU-tools-for-STM32/bin/../lib/gcc/arm-none-eabi/13.3.1/../../../../arm-none-eabi/lib/thumb/v7-m/nofp\libg_nano.a(libc_a-closer.o)
                              C:/ST/STM32CubeCLT_1.19.0/GNU-tools-for-STM32/bin/../lib/gcc/arm-none-eabi/13.3.1/../../../../arm-none-eabi/lib/thumb/v7-m/nofp\libg_nano.a(libc_a-stdio.o) (_close_r)
C:/ST/STM32CubeCLT_1.19.0/GNU-tools-for-STM32/bin/../lib/gcc/arm-none-eabi/13.3.1/../../../../arm-none-eabi/lib/thumb/v7-m/nofp\libg_nano.a(libc_a-reent.o)
                              C:/ST/STM32CubeCLT_1.19.0/GNU-tools-for-STM32/bin/../lib/gcc/arm-none-eabi/13.3.1/../../../../arm-none-eabi/lib/thumb/v7-m/nofp\libg_nano.a(libc_a-closer.o) (errno)
C:/ST/STM32CubeCLT_1.19.0/GNU-tools-for-STM32/bin/../lib/gcc/arm-none-eabi/13.3.1/../../../../arm-none-eabi/lib/thumb/v7-m/nofp\libg_nano.a(libc_a-impure.o)
                              C:/ST/STM32CubeCLT_1.19.0/GNU-tools-for-STM32/bin/../lib/gcc/arm-none-eabi/13.3.1/../../../../arm-none-eabi/lib/thumb/v7-m/nofp\libg_nano.a(libc_a-sprintf.o) (_impure_ptr)
C:/ST/STM32CubeCLT_1.19.0/GNU-tools-for-STM32/bin/../lib/gcc/arm-none-eabi/13.3.1/../../../../arm-none-eabi/lib/thumb/v7-m/nofp\libg_nano.a(libc_a-lseekr.o)
                              C:/ST/STM32CubeCLT_1.19.0/GNU-tools-for-STM32/bin/../lib/gcc/arm-none-eabi/13.3.1/../../../../arm-none-eabi/lib/thumb/v7-m/nofp\libg_nano.a(libc_a-stdio.o) (_lseek_r)
C:/ST/STM32CubeCLT_1.19.0/GNU-tools-for-STM32/bin/../lib/gcc/arm-none-eabi/13.3.1/../../../../arm-none-eabi/lib/thumb/v7-m/nofp\libg_nano.a(libc_a-readr.o)
                              C:/ST/STM32CubeCLT_1.19.0/GNU-tools-for-STM32/bin/../lib/gcc/arm-none-eabi/13.3.1/../../../../arm-none-eabi/lib/thumb/v7-m/nofp\libg_nano.a(libc_a-stdio.o) (_read_r)
C:/ST/STM32CubeCLT_1.19.0/GNU-tools-for-STM32/bin/../lib/gcc/arm-none-eabi/13.3.1/../../../../arm-none-eabi/lib/thumb/v7-m/nofp\libg_nano.a(libc_a-writer.o)
                              C:/ST/STM32CubeCLT_1.19.0/GNU-tools-for-STM32/bin/../lib/gcc/arm-none-eabi/13.3.1/../../../../arm-none-eabi/lib/thumb/v7-m/nofp\libg_nano.a(libc_a-stdio.o) (_write_r)
C:/ST/STM32CubeCLT_1.19.0/GNU-tools-for-STM32/bin/../lib/gcc/arm-none-eabi/13.3.1/../../../../arm-none-eabi/lib/thumb/v7-m/nofp\libg_nano.a(libc_a-errno.o)
                              CMakeFiles/Cmake_2D_Gimbal.dir/Core/Src/sysmem.c.obj (__errno)
C:/ST/STM32CubeCLT_1.19.0/GNU-tools-for-STM32/bin/../lib/gcc/arm-none-eabi/13.3.1/../../../../arm-none-eabi/lib/thumb/v7-m/nofp\libg_nano.a(libc_a-init.o)
[...]
Memory Configuration

Name             Origin             Length             Attributes
RAM              0x20000000         0x00005000         xrw
FLASH            0x08000000         0x00010000         xr
*default*        0x00000000         0xffffffff

Linker script and memory map

LOAD C:/ST/STM32CubeCLT_1.19.0/GNU-tools-for-STM32/bin/../lib/gcc/arm-none-eabi/13.3.1/thumb/v7-m/nofp/crti.o
LOAD C:/ST/STM32CubeCLT_1.19.0/GNU-tools-for-STM32/bin/../lib/gcc/arm-none-eabi/13.3.1/thumb/v7-m/nofp/crtbegin.o
LOAD C:/ST/STM32CubeCLT_1.19.0/GNU-tools-for-STM32/bin/../lib/gcc/arm-none-eabi/13.3.1/../../../../arm-none-eabi/lib/thumb/v7-m/nofp/crt0.o
LOAD cmake/stm32cubemx/CMakeFiles/STM32_Drivers.dir/__/__/Core/Src/system_stm32f1xx.c.obj
LOAD cmake/stm32cubemx/CMakeFiles/STM32_Drivers.dir/__/__/Drivers/STM32F1xx_HAL_Driver/Src/stm32f1xx_ll_gpio.c.obj
LOAD cmake/stm32cubemx/CMakeFiles/STM32_Drivers.dir/__/__/Drivers/STM32F1xx_HAL_Driver/Src/stm32f1xx_ll_pwr.c.obj
LOAD cmake/stm32cubemx/CMakeFiles/STM32_Drivers.dir/__/__/Drivers/STM32F1xx_HAL_Driver/Src/stm32f1xx_ll_exti.c.obj
LOAD cmake/stm32cubemx/CMakeFiles/STM32_Drivers.dir/__/__/Drivers/STM32F1xx_HAL_Driver/Src/stm32f1xx_ll_usart.c.obj
LOAD cmake/stm32cubemx/CMakeFiles/STM32_Drivers.dir/__/__/Drivers/STM32F1xx_HAL_Driver/Src/stm32f1xx_ll_dma.c.obj
LOAD cmake/stm32cubemx/CMakeFiles/STM32_Drivers.dir/__/__/Drivers/STM32F1xx_HAL_Driver/Src/stm32f1xx_ll_rcc.c.obj
LOAD cmake/stm32cubemx/CMakeFiles/STM32_Drivers.dir/__/__/Drivers/STM32F1xx_HAL_Driver/Src/stm32f1xx_ll_utils.c.obj
LOAD CMakeFiles/Cmake_2D_Gimbal.dir/Hardware/Serial.c.obj
LOAD CMakeFiles/Cmake_2D_Gimbal.dir/Hardware/Motor.c.obj
LOAD CMakeFiles/Cmake_2D_Gimbal.dir/Core/Src/main.c.obj
LOAD CMakeFiles/Cmake_2D_Gimbal.dir/Core/Src/gpio.c.obj
LOAD CMakeFiles/Cmake_2D_Gimbal.dir/Core/Src/usart.c.obj
LOAD CMakeFiles/Cmake_2D_Gimbal.dir/Core/Src/stm32f1xx_it.c.obj
LOAD CMakeFiles/Cmake_2D_Gimbal.dir/Core/Src/sysmem.c.obj
LOAD CMakeFiles/Cmake_2D_Gimbal.dir/Core/Src/syscalls.c.obj
LOAD CMakeFiles/Cmake_2D_Gimbal.dir/startup_stm32f103xb.s.obj
LOAD C:/ST/STM32CubeCLT_1.19.0/GNU-tools-for-STM32/bin/../lib/gcc/arm-none-eabi/13.3.1/../../../../arm-none-eabi/lib/thumb/v7-m/nofp\libm.a
START GROUP
LOAD C:/ST/STM32CubeCLT_1.19.0/GNU-tools-for-STM32/bin/../lib/gcc/arm-none-eabi/13.3.1/thumb/v7-m/nofp\libgcc.a
LOAD C:/ST/STM32CubeCLT_1.19.0/GNU-tools-for-STM32/bin/../lib/gcc/arm-none-eabi/13.3.1/../../../../arm-none-eabi/lib/thumb/v7-m/nofp\libg_nano.a
LOAD C:/ST/STM32CubeCLT_1.19.0/GNU-tools-for-STM32/bin/../lib/gcc/arm-none-eabi/13.3.1/../../../../arm-none-eabi/lib/thumb/v7-m/nofp\libc_nano.a
END GROUP
START GROUP
LOAD C:/ST/STM32CubeCLT_1.19.0/GNU-tools-for-STM32/bin/../lib/gcc/arm-none-eabi/13.3.1/thumb/v7-m/nofp\libgcc.a
LOAD C:/ST/STM32CubeCLT_1.19.0/GNU-tools-for-STM32/bin/../lib/gcc/arm-none-eabi/13.3.1/../../../../arm-none-eabi/lib/thumb/v7-m/nofp\libc_nano.a
END GROUP
LOAD C:/ST/STM32CubeCLT_1.19.0/GNU-tools-for-STM32/bin/../lib/gcc/arm-none-eabi/13.3.1/thumb/v7-m/nofp/crtend.o
LOAD C:/ST/STM32CubeCLT_1.19.0/GNU-tools-for-STM32/bin/../lib/gcc/arm-none-eabi/13.3.1/thumb/v7-m/nofp/crtn.o
                0x20005000                        _estack = (ORIGIN (RAM) + LENGTH (RAM))
                0x00000200                        _Min_Heap_Size = 0x200
                0x00000400                        _Min_Stack_Size = 0x400

.isr_vector     0x08000000      0x10c
                0x08000000                        . = ALIGN (0x4)
 *(.isr_vector)
 .isr_vector    0x08000000      0x10c CMakeFiles/Cmake_2D_Gimbal.dir/startup_stm32f103xb.s.obj
                0x08000000                g_pfnVectors
                0x0800010c                        . = ALIGN (0x4)

.text           0x0800010c     0x1278
                0x0800010c                        . = ALIGN (0x4)
 *(.text)
 .text          0x0800010c       0x40 C:/ST/STM32CubeCLT_1.19.0/GNU-tools-for-STM32/bin/../lib/gcc/arm-none-eabi/13.3.1/thumb/v7-m/nofp/crtbegin.o
 *(.text*)
 .text.SystemInit
                0x0800014c        0xc cmake/stm32cubemx/CMakeFiles/STM32_Drivers.dir/__/__/Core/Src/system_stm32f1xx.c.obj
                0x0800014c                SystemInit
 .text.LL_GPIO_SetPinMode
                0x08000158       0x64 cmake/stm32cubemx/CMakeFiles/STM32_Drivers.dir/__/__/Drivers/STM32F1xx_HAL_Driver/Src/stm32f1xx_ll_gpio.c.obj
 .text.LL_GPIO_SetPinSpeed
                0x080001bc       0x64 cmake/stm32cubemx/CMakeFiles/STM32_Drivers.dir/__/__/Drivers/STM32F1xx_HAL_Driver/Src/stm32f1xx_ll_gpio.c.obj
 .text.LL_GPIO_SetPinOutputType
                0x08000220       0x64 cmake/stm32cubemx/CMakeFiles/STM32_Drivers.dir/__/__/Drivers/STM32F1xx_HAL_Driver/Src/stm32f1xx_ll_gpio.c.obj
 .text.LL_GPIO_SetPinPull
                0x08000284       0x44 cmake/stm32cubemx/CMakeFiles/STM32_Drivers.dir/__/__/Drivers/STM32F1xx_HAL_Driver/Src/stm32f1xx_ll_gpio.c.obj
 .text.LL_GPIO_Init
                0x080002c8       0xcc cmake/stm32cubemx/CMakeFiles/STM32_Drivers.dir/__/__/Drivers/STM32F1xx_HAL_Driver/Src/stm32f1xx_ll_gpio.c.obj
                0x080002c8                LL_GPIO_Init
 .text.LL_USART_IsEnabled
                0x08000394       0x26 cmake/stm32cubemx/CMakeFiles/STM32_Drivers.dir/__/__/Drivers/STM32F1xx_HAL_Driver/Src/stm32f1xx_ll_usart.c.obj
 .text.LL_USART_SetStopBitsLength
                0x080003ba       0x24 cmake/stm32cubemx/CMakeFiles/STM32_Drivers.dir/__/__/Drivers/STM32F1xx_HAL_Driver/Src/stm32f1xx_ll_usart.c.obj
 .text.LL_USART_SetHWFlowCtrl
                0x080003de       0x24 cmake/stm32cubemx/CMakeFiles/STM32_Drivers.dir/__/__/Drivers/STM32F1xx_HAL_Driver/Src/stm32f1xx_ll_usart.c.obj
 *fill*         0x08000402        0x2 
 .text.LL_USART_SetBaudRate
                0x08000404       0xbc cmake/stm32cubemx/CMakeFiles/STM32_Drivers.dir/__/__/Drivers/STM32F1xx_HAL_Driver/Src/stm32f1xx_ll_usart.c.obj
 .text.LL_USART_Init
                0x080004c0       0xc0 cmake/stm32cubemx/CMakeFiles/STM32_Drivers.dir/__/__/Drivers/STM32F1xx_HAL_Driver/Src/stm32f1xx_ll_usart.c.obj
                0x080004c0                LL_USART_Init
 .text.LL_RCC_GetSysClkSource
                0x08000580       0x18 cmake/stm32cubemx/CMakeFiles/STM32_Drivers.dir/__/__/Drivers/STM32F1xx_HAL_Driver/Src/stm32f1xx_ll_rcc.c.obj
 .text.LL_RCC_GetAHBPrescaler
                0x08000598       0x18 cmake/stm32cubemx/CMakeFiles/STM32_Drivers.dir/__/__/Drivers/STM32F1xx_HAL_Driver/Src/stm32f1xx_ll_rcc.c.obj
 .text.LL_RCC_GetAPB1Prescaler
                0x080005b0       0x18 cmake/stm32cubemx/CMakeFiles/STM32_Drivers.dir/__/__/Drivers/STM32F1xx_HAL_Driver/Src/stm32f1xx_ll_rcc.c.obj
 .text.LL_RCC_GetAPB2Prescaler
                0x080005c8       0x18 cmake/stm32cubemx/CMakeFiles/STM32_Drivers.dir/__/__/Drivers/STM32F1xx_HAL_Driver/Src/stm32f1xx_ll_rcc.c.obj
 .text.LL_RCC_PLL_GetMainSource
                0x080005e0       0x18 cmake/stm32cubemx/CMakeFiles/STM32_Drivers.dir/__/__/Drivers/STM32F1xx_HAL_Driver/Src/stm32f1xx_ll_rcc.c.obj
 .text.LL_RCC_PLL_GetMultiplicator
                0x080005f8       0x18 cmake/stm32cubemx/CMakeFiles/STM32_Drivers.dir/__/__/Drivers/STM32F1xx_HAL_Driver/Src/stm32f1xx_ll_rcc.c.obj
 .text.LL_RCC_PLL_GetPrediv
                0x08000610       0x1c cmake/stm32cubemx/CMakeFiles/STM32_Drivers.dir/__/__/Drivers/STM32F1xx_HAL_Driver/Src/stm32f1xx_ll_rcc.c.obj
 .text.LL_RCC_GetSystemClocksFreq
                0x0800062c       0x4a cmake/stm32cubemx/CMakeFiles/STM32_Drivers.dir/__/__/Drivers/STM32F1xx_HAL_Driver/Src/stm32f1xx_ll_rcc.c.obj
                0x0800062c                LL_RCC_GetSystemClocksFreq
 *fill*         0x08000676        0x2 
 .text.RCC_GetSystemClockFreq
                0x08000678       0x4c cmake/stm32cubemx/CMakeFiles/STM32_Drivers.dir/__/__/Drivers/STM32F1xx_HAL_Driver/Src/stm32f1xx_ll_rcc.c.obj
                0x08000678                RCC_GetSystemClockFreq
 .text.RCC_GetHCLKClockFreq
                0x080006c4       0x2c cmake/stm32cubemx/CMakeFiles/STM32_Drivers.dir/__/__/Drivers/STM32F1xx_HAL_Driver/Src/stm32f1xx_ll_rcc.c.obj
                0x080006c4                RCC_GetHCLKClockFreq
 .text.RCC_GetPCLK1ClockFreq
                0x080006f0       0x28 cmake/stm32cubemx/CMakeFiles/STM32_Drivers.dir/__/__/Drivers/STM32F1xx_HAL_Driver/Src/stm32f1xx_ll_rcc.c.obj
                0x080006f0                RCC_GetPCLK1ClockFreq
 .text.RCC_GetPCLK2ClockFreq
                0x08000718       0x28 cmake/stm32cubemx/CMakeFiles/STM32_Drivers.dir/__/__/Drivers/STM32F1xx_HAL_Driver/Src/stm32f1xx_ll_rcc.c.obj
                0x08000718                RCC_GetPCLK2ClockFreq
 .text.RCC_PLL_GetFreqDomain_SYS
                0x08000740       0x64 cmake/stm32cubemx/CMakeFiles/STM32_Drivers.dir/__/__/Drivers/STM32F1xx_HAL_Driver/Src/stm32f1xx_ll_rcc.c.obj
                0x08000740                RCC_PLL_GetFreqDomain_SYS
 .text.LL_InitTick
                0x080007a4       0x34 cmake/stm32cubemx/CMakeFiles/STM32_Drivers.dir/__/__/Drivers/STM32F1xx_HAL_Driver/Src/stm32f1xx_ll_utils.c.obj
 .text.LL_Init1msTick
                0x080007d8       0x1a cmake/stm32cubemx/CMakeFiles/STM32_Drivers.dir/__/__/Drivers/STM32F1xx_HAL_Driver/Src/stm32f1xx_ll_utils.c.obj
                0x080007d8                LL_Init1msTick
 *fill*         0x080007f2        0x2 
 .text.LL_SetSystemCoreClock
                0x080007f4       0x1c cmake/stm32cubemx/CMakeFiles/STM32_Drivers.dir/__/__/Drivers/STM32F1xx_HAL_Driver/Src/stm32f1xx_ll_utils.c.obj
                0x080007f4                LL_SetSystemCoreClock
 .text.LL_USART_IsActiveFlag_RXNE
                0x08000810       0x24 CMakeFiles/Cmake_2D_Gimbal.dir/Hardware/Serial.c.obj
 .text.LL_USART_IsActiveFlag_TXE
                0x08000834       0x24 CMakeFiles/Cmake_2D_Gimbal.dir/Hardware/Serial.c.obj
 .text.LL_USART_ReceiveData8
                0x08000858       0x18 CMakeFiles/Cmake_2D_Gimbal.dir/Hardware/Serial.c.obj
 .text.LL_USART_TransmitData8
                0x08000870       0x1c CMakeFiles/Cmake_2D_Gimbal.dir/Hardware/Serial.c.obj
 .text.Serial_Registration
                0x0800088c       0x1a CMakeFiles/Cmake_2D_Gimbal.dir/Hardware/Serial.c.obj
                0x0800088c                Serial_Registration
 .text.Serial_PackTranAgrDecide
                0x080008a6       0x40 CMakeFiles/Cmake_2D_Gimbal.dir/Hardware/Serial.c.obj
                0x080008a6                Serial_PackTranAgrDecide
 .text.Serial_SendByte
                0x080008e6       0x34 CMakeFiles/Cmake_2D_Gimbal.dir/Hardware/Serial.c.obj
                0x080008e6                Serial_SendByte
 .text.Serial_SendArray
                0x0800091a       0x3c CMakeFiles/Cmake_2D_Gimbal.dir/Hardware/Serial.c.obj
                0x0800091a                Serial_SendArray
 .text.Serial_SendPacket_float
                0x08000956       0xb8 CMakeFiles/Cmake_2D_Gimbal.dir/Hardware/Serial.c.obj
                0x08000956                Serial_SendPacket_float
 *fill*         0x08000a0e        0x2 
 .text.USART1_IRQHandler
                0x08000a10      0x1ac CMakeFiles/Cmake_2D_Gimbal.dir/Hardware/Serial.c.obj
                0x08000a10                USART1_IRQHandler
 .text.__NVIC_SetPriorityGrouping
                0x08000bbc       0x48 CMakeFiles/Cmake_2D_Gimbal.dir/Core/Src/main.c.obj
 .text.__NVIC_GetPriorityGrouping
                0x08000c04       0x1c CMakeFiles/Cmake_2D_Gimbal.dir/Core/Src/main.c.obj
 .text.__NVIC_SetPriority
                0x08000c20       0x54 CMakeFiles/Cmake_2D_Gimbal.dir/Core/Src/main.c.obj
 .text.NVIC_EncodePriority
                0x08000c74       0x64 CMakeFiles/Cmake_2D_Gimbal.dir/Core/Src/main.c.obj
 .text.LL_RCC_HSI_Enable
                0x08000cd8       0x1c CMakeFiles/Cmake_2D_Gimbal.dir/Core/Src/main.c.obj
 .text.LL_RCC_HSI_IsReady
                0x08000cf4       0x24 CMakeFiles/Cmake_2D_Gimbal.dir/Core/Src/main.c.obj
 .text.LL_RCC_HSI_SetCalibTrimming
                0x08000d18       0x28 CMakeFiles/Cmake_2D_Gimbal.dir/Core/Src/main.c.obj
 .text.LL_RCC_SetSysClkSource
                0x08000d40       0x28 CMakeFiles/Cmake_2D_Gimbal.dir/Core/Src/main.c.obj
 .text.LL_RCC_GetSysClkSource
                0x08000d68       0x18 CMakeFiles/Cmake_2D_Gimbal.dir/Core/Src/main.c.obj
 .text.LL_RCC_SetAHBPrescaler
                0x08000d80       0x28 CMakeFiles/Cmake_2D_Gimbal.dir/Core/Src/main.c.obj
 .text.LL_RCC_SetAPB1Prescaler
                0x08000da8       0x28 CMakeFiles/Cmake_2D_Gimbal.dir/Core/Src/main.c.obj
 .text.LL_RCC_SetAPB2Prescaler
                0x08000dd0       0x28 CMakeFiles/Cmake_2D_Gimbal.dir/Core/Src/main.c.obj
 .text.LL_APB1_GRP1_EnableClock
                0x08000df8       0x30 CMakeFiles/Cmake_2D_Gimbal.dir/Core/Src/main.c.obj
 .text.LL_APB2_GRP1_EnableClock
                0x08000e28       0x30 CMakeFiles/Cmake_2D_Gimbal.dir/Core/Src/main.c.obj
 .text.LL_FLASH_SetLatency
                0x08000e58       0x28 CMakeFiles/Cmake_2D_Gimbal.dir/Core/Src/main.c.obj
 .text.LL_FLASH_GetLatency
                0x08000e80       0x18 CMakeFiles/Cmake_2D_Gimbal.dir/Core/Src/main.c.obj
 .text.LL_GPIO_AF_Remap_SWJ_NOJTAG
                0x08000e98       0x20 CMakeFiles/Cmake_2D_Gimbal.dir/Core/Src/main.c.obj
 .text.main     0x08000eb8       0xa8 CMakeFiles/Cmake_2D_Gimbal.dir/Core/Src/main.c.obj
                0x08000eb8                main
 .text.SystemClock_Config
                0x08000f60       0x64 CMakeFiles/Cmake_2D_Gimbal.dir/Core/Src/main.c.obj
                0x08000f60                SystemClock_Config
 .text.LL_APB2_GRP1_EnableClock
                0x08000fc4       0x30 CMakeFiles/Cmake_2D_Gimbal.dir/Core/Src/gpio.c.obj
 .text.MX_GPIO_Init
                0x08000ff4       0x1a CMakeFiles/Cmake_2D_Gimbal.dir/Core/Src/gpio.c.obj
                0x08000ff4                MX_GPIO_Init
 *fill*         0x0800100e        0x2 
 .text.__NVIC_GetPriorityGrouping
                0x08001010       0x1c CMakeFiles/Cmake_2D_Gimbal.dir/Core/Src/usart.c.obj
 .text.__NVIC_EnableIRQ
                0x0800102c       0x38 CMakeFiles/Cmake_2D_Gimbal.dir/Core/Src/usart.c.obj
 .text.__NVIC_SetPriority
                0x08001064       0x54 CMakeFiles/Cmake_2D_Gimbal.dir/Core/Src/usart.c.obj
 .text.NVIC_EncodePriority
                0x080010b8       0x64 CMakeFiles/Cmake_2D_Gimbal.dir/Core/Src/usart.c.obj
 .text.LL_APB2_GRP1_EnableClock
                0x0800111c       0x30 CMakeFiles/Cmake_2D_Gimbal.dir/Core/Src/usart.c.obj
 .text.LL_USART_Enable
                0x0800114c       0x1e CMakeFiles/Cmake_2D_Gimbal.dir/Core/Src/usart.c.obj
 .text.LL_USART_ConfigAsyncMode
                0x0800116a       0x2a CMakeFiles/Cmake_2D_Gimbal.dir/Core/Src/usart.c.obj
 .text.MX_USART1_UART_Init
                0x08001194       0xd0 CMakeFiles/Cmake_2D_Gimbal.dir/Core/Src/usart.c.obj
                0x08001194                MX_USART1_UART_Init
 .text.NMI_Handler
                0x08001264        0x8 CMakeFiles/Cmake_2D_Gimbal.dir/Core/Src/stm32f1xx_it.c.obj
                0x08001264                NMI_Handler
 .text.HardFault_Handler
                0x0800126c        0x8 CMakeFiles/Cmake_2D_Gimbal.dir/Core/Src/stm32f1xx_it.c.obj
                0x0800126c                HardFault_Handler
 .text.MemManage_Handler
                0x08001274        0x8 CMakeFiles/Cmake_2D_Gimbal.dir/Core/Src/stm32f1xx_it.c.obj
                0x08001274                MemManage_Handler
 .text.BusFault_Handler
                0x0800127c        0x8 CMakeFiles/Cmake_2D_Gimbal.dir/Core/Src/stm32f1xx_it.c.obj
                0x0800127c                BusFault_Handler
 .text.UsageFault_Handler
                0x08001284        0x8 CMakeFiles/Cmake_2D_Gimbal.dir/Core/Src/stm32f1xx_it.c.obj
                0x08001284                UsageFault_Handler
 .text.SVC_Handler
                0x0800128c        0xc CMakeFiles/Cmake_2D_Gimbal.dir/Core/Src/stm32f1xx_it.c.obj
                0x0800128c                SVC_Handler
 .text.DebugMon_Handler
                0x08001298        0xc CMakeFiles/Cmake_2D_Gimbal.dir/Core/Src/stm32f1xx_it.c.obj
                0x08001298                DebugMon_Handler
 .text.PendSV_Handler
                0x080012a4        0xc CMakeFiles/Cmake_2D_Gimbal.dir/Core/Src/stm32f1xx_it.c.obj
                0x080012a4                PendSV_Handler
 .text.SysTick_Handler
                0x080012b0        0xc CMakeFiles/Cmake_2D_Gimbal.dir/Core/Src/stm32f1xx_it.c.obj
                0x080012b0                SysTick_Handler
 .text.Reset_Handler
                0x080012bc       0x48 CMakeFiles/Cmake_2D_Gimbal.dir/startup_stm32f103xb.s.obj
                0x080012bc                Reset_Handler
 .text.Default_Handler
                0x08001304        0x2 CMakeFiles/Cmake_2D_Gimbal.dir/startup_stm32f103xb.s.obj
                0x08001304                RTC_Alarm_IRQHandler
                0x08001304                EXTI2_IRQHandler
                0x08001304                TIM1_CC_IRQHandler
                0x08001304                PVD_IRQHandler
                0x08001304                EXTI3_IRQHandler
                0x08001304                EXTI0_IRQHandler
                0x08001304                I2C2_EV_IRQHandler
                0x08001304                ADC1_2_IRQHandler
                0x08001304                SPI1_IRQHandler
                0x08001304                TAMPER_IRQHandler
                0x08001304                DMA1_Channel4_IRQHandler
                0x08001304                USART3_IRQHandler
                0x08001304                RTC_IRQHandler
                0x08001304                DMA1_Channel7_IRQHandler
                0x08001304                CAN1_RX1_IRQHandler
                0x08001304                TIM4_IRQHandler
                0x08001304                I2C1_EV_IRQHandler
                0x08001304                DMA1_Channel6_IRQHandler
                0x08001304                TIM3_IRQHandler
                0x08001304                RCC_IRQHandler
                0x08001304                TIM1_TRG_COM_IRQHandler
                0x08001304                DMA1_Channel1_IRQHandler
                0x08001304                Default_Handler
                0x08001304                EXTI15_10_IRQHandler
                0x08001304                EXTI9_5_IRQHandler
                0x08001304                SPI2_IRQHandler
                0x08001304                DMA1_Channel5_IRQHandler
                0x08001304                EXTI4_IRQHandler
                0x08001304                USB_LP_CAN1_RX0_IRQHandler
                0x08001304                USB_HP_CAN1_TX_IRQHandler
                0x08001304                DMA1_Channel3_IRQHandler
                0x08001304                TIM1_UP_IRQHandler
                0x08001304                WWDG_IRQHandler
                0x08001304                TIM2_IRQHandler
                0x08001304                TIM1_BRK_IRQHandler
                0x08001304                EXTI1_IRQHandler
                0x08001304                USART2_IRQHandler
                0x08001304                I2C2_ER_IRQHandler
                0x08001304                DMA1_Channel2_IRQHandler
                0x08001304                CAN1_SCE_IRQHandler
                0x08001304                FLASH_IRQHandler
                0x08001304                I2C1_ER_IRQHandler
                0x08001304                USBWakeUp_IRQHandler
 *fill*         0x08001306        0x2 
 .text.__libc_init_array
                0x08001308       0x48 C:/ST/STM32CubeCLT_1.19.0/GNU-tools-for-STM32/bin/../lib/gcc/arm-none-eabi/13.3.1/../../../../arm-none-eabi/lib/thumb/v7-m/nofp\libg_nano.a(libc_a-init.o)
                0x08001308                __libc_init_array
 .text.memcpy   0x08001350       0x1c C:/ST/STM32CubeCLT_1.19.0/GNU-tools-for-STM32/bin/../lib/gcc/arm-none-eabi/13.3.1/../../../../arm-none-eabi/lib/thumb/v7-m/nofp\libg_nano.a(libc_a-memcpy-stub.o)
                0x08001350                memcpy
 *(.glue_7)
 .glue_7        0x0800136c        0x0 linker stubs
 *(.glue_7t)
 .glue_7t       0x0800136c        0x0 linker stubs
 *(.eh_frame)
 .eh_frame      0x0800136c        0x0 C:/ST/STM32CubeCLT_1.19.0/GNU-tools-for-STM32/bin/../lib/gcc/arm-none-eabi/13.3.1/thumb/v7-m/nofp/crtbegin.o
 *(.init)
 .init          0x0800136c        0x4 C:/ST/STM32CubeCLT_1.19.0/GNU-tools-for-STM32/bin/../lib/gcc/arm-none-eabi/13.3.1/thumb/v7-m/nofp/crti.o
                0x0800136c                _init
 .init          0x08001370        0x8 C:/ST/STM32CubeCLT_1.19.0/GNU-tools-for-STM32/bin/../lib/gcc/arm-none-eabi/13.3.1/thumb/v7-m/nofp/crtn.o
 *(.fini)
 .fini          0x08001378        0x4 C:/ST/STM32CubeCLT_1.19.0/GNU-tools-for-STM32/bin/../lib/gcc/arm-none-eabi/13.3.1/thumb/v7-m/nofp/crti.o
                0x08001378                _fini
 .fini          0x0800137c        0x8 C:/ST/STM32CubeCLT_1.19.0/GNU-tools-for-STM32/bin/../lib/gcc/arm-none-eabi/13.3.1/thumb/v7-m/nofp/crtn.o
                0x08001384                        . = ALIGN (0x4)
                0x08001384                        _etext = .

.vfp11_veneer   0x08001384        0x0
 .vfp11_veneer  0x08001384        0x0 linker stubs

.v4_bx          0x08001384        0x0
 .v4_bx         0x08001384        0x0 linker stubs

.iplt           0x08001384        0x0
 .iplt          0x08001384        0x0 C:/ST/STM32CubeCLT_1.19.0/GNU-tools-for-STM32/bin/../lib/gcc/arm-none-eabi/13.3.1/thumb/v7-m/nofp/crtbegin.o

.rodata         0x08001384       0x24
                0x08001384                        . = ALIGN (0x4)
 *(.rodata)
 .rodata        0x08001384        0xc CMakeFiles/Cmake_2D_Gimbal.dir/Core/Src/main.c.obj
 *(.rodata*)
 .rodata.AHBPrescTable
                0x08001390       0x10 cmake/stm32cubemx/CMakeFiles/STM32_Drivers.dir/__/__/Core/Src/system_stm32f1xx.c.obj
                0x08001390                AHBPrescTable
 .rodata.APBPrescTable
                0x080013a0        0x8 cmake/stm32cubemx/CMakeFiles/STM32_Drivers.dir/__/__/Core/Src/system_stm32f1xx.c.obj
                0x080013a0                APBPrescTable
                0x080013a8                        . = ALIGN (0x4)

.ARM.extab      0x080013a8        0x0
                0x080013a8                        . = ALIGN (0x4)
 *(.ARM.extab* .gnu.linkonce.armextab.*)
                0x080013a8                        . = ALIGN (0x4)

.ARM            0x080013a8        0x0
                0x080013a8                        . = ALIGN (0x4)
                0x080013a8                        __exidx_start = .
 *(.ARM.exidx*)
                0x080013a8                        __exidx_end = .
                0x080013a8                        . = ALIGN (0x4)

.preinit_array  0x080013a8        0x0
                0x080013a8                        . = ALIGN (0x4)
                0x080013a8                        PROVIDE (__preinit_array_start = .)
 *(.preinit_array*)
                0x080013a8                        PROVIDE (__preinit_array_end = .)
                0x080013a8                        . = ALIGN (0x4)

.init_array     0x080013a8        0x4
                0x080013a8                        . = ALIGN (0x4)
                0x080013a8                        PROVIDE (__init_array_start = .)
 *(SORT_BY_NAME(.init_array.*))
 *(.init_array*)
 .init_array    0x080013a8        0x4 C:/ST/STM32CubeCLT_1.19.0/GNU-tools-for-STM32/bin/../lib/gcc/arm-none-eabi/13.3.1/thumb/v7-m/nofp/crtbegin.o
                0x080013ac                        PROVIDE (__init_array_end = .)
                0x080013ac                        . = ALIGN (0x4)

.fini_array     0x080013ac        0x4
                0x080013ac                        . = ALIGN (0x4)
                [!provide]                        PROVIDE (__fini_array_start = .)
 *(SORT_BY_NAME(.fini_array.*))
 *(.fini_array*)
 .fini_array    0x080013ac        0x4 C:/ST/STM32CubeCLT_1.19.0/GNU-tools-for-STM32/bin/../lib/gcc/arm-none-eabi/13.3.1/thumb/v7-m/nofp/crtbegin.o
                [!provide]                        PROVIDE (__fini_array_end = .)
                0x080013b0                        . = ALIGN (0x4)
                0x080013b0                        _sidata = LOADADDR (.data)

.rel.dyn        0x080013b0        0x0
 .rel.iplt      0x080013b0        0x0 C:/ST/STM32CubeCLT_1.19.0/GNU-tools-for-STM32/bin/../lib/gcc/arm-none-eabi/13.3.1/thumb/v7-m/nofp/crtbegin.o

.data           0x20000000        0x4 load address 0x080013b0
                0x20000000                        . = ALIGN (0x4)
                0x20000000                        _sdata = .
 *(.data)
 *(.data*)
 .data.SystemCoreClock
                0x20000000        0x4 cmake/stm32cubemx/CMakeFiles/STM32_Drivers.dir/__/__/Core/Src/system_stm32f1xx.c.obj
                0x20000000                SystemCoreClock
 *(.RamFunc)
 *(.RamFunc*)
                0x20000004                        . = ALIGN (0x4)

.igot.plt       0x20000004        0x0 load address 0x080013b4
 .igot.plt      0x20000004        0x0 C:/ST/STM32CubeCLT_1.19.0/GNU-tools-for-STM32/bin/../lib/gcc/arm-none-eabi/13.3.1/thumb/v7-m/nofp/crtbegin.o

.tdata          0x20000004        0x0 load address 0x080013b4
 *(.tdata .tdata.* .gnu.linkonce.td.*)
                0x20000004                        . = ALIGN (0x4)
                0x20000004                        _edata = .
                [!provide]                        PROVIDE (__data_end = .)
                [!provide]                        PROVIDE (__tdata_end = .)
                [!provide]                        PROVIDE (__tdata_start = ADDR (.tdata))
                [!provide]                        PROVIDE (__tdata_size = (__tdata_end - __tdata_start))
                [!provide]                        PROVIDE (__data_start = ADDR (.data))
                [!provide]                        PROVIDE (__data_size = (__data_end - __data_start))
                [!provide]                        PROVIDE (__tdata_source = LOADADDR (.tdata))
                [!provide]                        PROVIDE (__tdata_source_end = (LOADADDR (.tdata) + SIZEOF (.tdata)))
                [!provide]                        PROVIDE (__tdata_source_size = (__tdata_source_end - __tdata_source))
                [!provide]                        PROVIDE (__data_source = LOADADDR (.data))
                [!provide]                        PROVIDE (__data_source_end = __tdata_source_end)
                [!provide]                        PROVIDE (__data_source_size = (__data_source_end - __data_source))

.tbss           0x20000004        0x0 load address 0x080013b4
                0x20000004                        _sbss = .
                0x20000004                        __bss_start__ = _sbss
 *(.tbss .tbss.*)
                0x20000004                        . = ALIGN (0x4)
                [!provide]                        PROVIDE (__tbss_end = .)
                [!provide]                        PROVIDE (__tbss_start = ADDR (.tbss))
                [!provide]                        PROVIDE (__tbss_size = (__tbss_end - __tbss_start))
                [!provide]                        PROVIDE (__tbss_offset = (ADDR (.tbss) - ADDR (.tdata)))
                [!provide]                        PROVIDE (__tls_base = __tdata_start)
                [!provide]                        PROVIDE (__tls_end = __tbss_end)
                [!provide]                        PROVIDE (__tls_size = (__tls_end - __tls_base))
                [!provide]                        PROVIDE (__tls_align = MAX (ALIGNOF (.tdata), ALIGNOF (.tbss)))
                [!provide]                        PROVIDE (__tls_size_align = (((__tls_size + __tls_align) - 0x1) & ~ ((__tls_align - 0x1))))
                [!provide]                        PROVIDE (__arm32_tls_tcb_offset = MAX (0x8, __tls_align))
                [!provide]                        PROVIDE (__arm64_tls_tcb_offset = MAX (0x10, __tls_align))

.bss            0x20000008       0xe4 load address 0x080013b4
 *(.bss)
 .bss           0x20000008       0x1c C:/ST/STM32CubeCLT_1.19.0/GNU-tools-for-STM32/bin/../lib/gcc/arm-none-eabi/13.3.1/thumb/v7-m/nofp/crtbegin.o
 *(.bss*)
 .bss.RxData_Float
                0x20000024       0x20 CMakeFiles/Cmake_2D_Gimbal.dir/Hardware/Serial.c.obj
                0x20000024                RxData_Float
 .bss.RxData_Double
                0x20000044       0x20 CMakeFiles/Cmake_2D_Gimbal.dir/Hardware/Serial.c.obj
                0x20000044                RxData_Double
 .bss.RxData_Int
                0x20000064       0x20 CMakeFiles/Cmake_2D_Gimbal.dir/Hardware/Serial.c.obj
                0x20000064                RxData_Int
 .bss.RxData_Uint
                0x20000084       0x20 CMakeFiles/Cmake_2D_Gimbal.dir/Hardware/Serial.c.obj
                0x20000084                RxData_Uint
 .bss.state.5   0x200000a4        0x1 CMakeFiles/Cmake_2D_Gimbal.dir/Hardware/Serial.c.obj
 .bss.HeaderRecieveRecord.4
                0x200000a5        0x1 CMakeFiles/Cmake_2D_Gimbal.dir/Hardware/Serial.c.obj
 *fill*         0x200000a6        0x2 
 .bss.HeaderRecord.3
                0x200000a8        0x2 CMakeFiles/Cmake_2D_Gimbal.dir/Hardware/Serial.c.obj
 *fill*         0x200000aa        0x6 
 .bss.frame.2   0x200000b0       0x38 CMakeFiles/Cmake_2D_Gimbal.dir/Hardware/Serial.c.obj
 .bss.expectedLength.1
                0x200000e8        0x1 CMakeFiles/Cmake_2D_Gimbal.dir/Hardware/Serial.c.obj
 .bss.dataIndex.0
                0x200000e9        0x1 CMakeFiles/Cmake_2D_Gimbal.dir/Hardware/Serial.c.obj
 *(COMMON)
                0x200000ec                        . = ALIGN (0x4)
 *fill*         0x200000ea        0x2 
                0x200000ec                        _ebss = .
                0x200000ec                        __bss_end__ = _ebss
                [!provide]                        PROVIDE (__bss_end = .)
                [!provide]                        PROVIDE (__non_tls_bss_start = ADDR (.bss))
                [!provide]                        PROVIDE (__bss_start = __tbss_start)
                [!provide]                        PROVIDE (__bss_size = (__bss_end - __bss_start))

._user_heap_stack
                0x200000ec      0x604 load address 0x080013b4
                0x200000f0                        . = ALIGN (0x8)
 *fill*         0x200000ec        0x4 
                [!provide]                        PROVIDE (end = .)
                0x200000f0                        PROVIDE (_end = .)
                0x200002f0                        . = (. + _Min_Heap_Size)
 *fill*         0x200000f0      0x200 
                0x200006f0                        . = (. + _Min_Stack_Size)
 *fill*         0x200002f0      0x400 
                0x200006f0                        . = ALIGN (0x8)

/DISCARD/
 libc.a:*(*)
 libm.a:*(*)
 libgcc.a:*(*)
OUTPUT(Cmake_2D_Gimbal.elf elf32-littlearm)
LOAD linker stubs

.ARM.attributes
                0x00000000       0x29
 .ARM.attributes
                0x00000000       0x1d C:/ST/STM32CubeCLT_1.19.0/GNU-tools-for-STM32/bin/../lib/gcc/arm-none-eabi/13.3.1/thumb/v7-m/nofp/crti.o
 .ARM.attributes
                0x0000001d       0x2d C:/ST/STM32CubeCLT_1.19.0/GNU-tools-for-STM32/bin/../lib/gcc/arm-none-eabi/13.3.1/thumb/v7-m/nofp/crtbegin.o
 .ARM.attributes
                0x0000004a       0x2d cmake/stm32cubemx/CMakeFiles/STM32_Drivers.dir/__/__/Core/Src/system_stm32f1xx.c.obj
 .ARM.attributes
                0x00000077       0x2d cmake/stm32cubemx/CMakeFiles/STM32_Drivers.dir/__/__/Drivers/STM32F1xx_HAL_Driver/Src/stm32f1xx_ll_gpio.c.obj
 .ARM.attributes
                0x000000a4       0x2d cmake/stm32cubemx/CMakeFiles/STM32_Drivers.dir/__/__/Drivers/STM32F1xx_HAL_Driver/Src/stm32f1xx_ll_usart.c.obj
 .ARM.attributes
                0x000000d1       0x2d cmake/stm32cubemx/CMakeFiles/STM32_Drivers.dir/__/__/Drivers/STM32F1xx_HAL_Driver/Src/stm32f1xx_ll_rcc.c.obj
 .ARM.attributes
                0x000000fe       0x2d cmake/stm32cubemx/CMakeFiles/STM32_Drivers.dir/__/__/Drivers/STM32F1xx_HAL_Driver/Src/stm32f1xx_ll_utils.c.obj
 .ARM.attributes
                0x0000012b       0x2d CMakeFiles/Cmake_2D_Gimbal.dir/Hardware/Serial.c.obj
 .ARM.attributes
                0x00000158       0x2d CMakeFiles/Cmake_2D_Gimbal.dir/Core/Src/main.c.obj
 .ARM.attributes
                0x00000185       0x2d CMakeFiles/Cmake_2D_Gimbal.dir/Core/Src/gpio.c.obj
 .ARM.attributes
                0x000001b2       0x2d CMakeFiles/Cmake_2D_Gimbal.dir/Core/Src/usart.c.obj
 .ARM.attributes
                0x000001df       0x2d CMakeFiles/Cmake_2D_Gimbal.dir/Core/Src/stm32f1xx_it.c.obj
 .ARM.attributes
                0x0000020c       0x21 CMakeFiles/Cmake_2D_Gimbal.dir/startup_stm32f103xb.s.obj
 .ARM.attributes
                0x0000022d       0x2d C:/ST/STM32CubeCLT_1.19.0/GNU-tools-for-STM32/bin/../lib/gcc/arm-none-eabi/13.3.1/../../../../arm-none-eabi/lib/thumb/v7-m/nofp\libg_nano.a(libc_a-init.o)
 .ARM.attributes
                0x0000025a       0x2d C:/ST/STM32CubeCLT_1.19.0/GNU-tools-for-STM32/bin/../lib/gcc/arm-none-eabi/13.3.1/../../../../arm-none-eabi/lib/thumb/v7-m/nofp\libg_nano.a(libc_a-memcpy-stub.o)
 .ARM.attributes
                0x00000287       0x1d C:/ST/STM32CubeCLT_1.19.0/GNU-tools-for-STM32/bin/../lib/gcc/arm-none-eabi/13.3.1/thumb/v7-m/nofp/crtn.o

.comment        0x00000000       0x43
 .comment       0x00000000       0x43 cmake/stm32cubemx/CMakeFiles/STM32_Drivers.dir/__/__/Core/Src/system_stm32f1xx.c.obj
                                 0x44 (size before relaxing)
 .comment       0x00000043       0x44 cmake/stm32cubemx/CMakeFiles/STM32_Drivers.dir/__/__/Drivers/STM32F1xx_HAL_Driver/Src/stm32f1xx_ll_gpio.c.obj
 .comment       0x00000043       0x44 cmake/stm32cubemx/CMakeFiles/STM32_Drivers.dir/__/__/Drivers/STM32F1xx_HAL_Driver/Src/stm32f1xx_ll_usart.c.obj
 .comment       0x00000043       0x44 cmake/stm32cubemx/CMakeFiles/STM32_Drivers.dir/__/__/Drivers/STM32F1xx_HAL_Driver/Src/stm32f1xx_ll_rcc.c.obj
 .comment       0x00000043       0x44 cmake/stm32cubemx/CMakeFiles/STM32_Drivers.dir/__/__/Drivers/STM32F1xx_HAL_Driver/Src/stm32f1xx_ll_utils.c.obj
 .comment       0x00000043       0x44 CMakeFiles/Cmake_2D_Gimbal.dir/Hardware/Serial.c.obj
 .comment       0x00000043       0x44 CMakeFiles/Cmake_2D_Gimbal.dir/Core/Src/main.c.obj
 .comment       0x00000043       0x44 CMakeFiles/Cmake_2D_Gimbal.dir/Core/Src/gpio.c.obj
 .comment       0x00000043       0x44 CMakeFiles/Cmake_2D_Gimbal.dir/Core/Src/usart.c.obj
 .comment       0x00000043       0x44 CMakeFiles/Cmake_2D_Gimbal.dir/Core/Src/stm32f1xx_it.c.obj
 .comment       0x00000043       0x44 C:/ST/STM32CubeCLT_1.19.0/GNU-tools-for-STM32/bin/../lib/gcc/arm-none-eabi/13.3.1/../../../../arm-none-eabi/lib/thumb/v7-m/nofp\libg_nano.a(libc_a-init.o)
 .comment       0x00000043       0x44 C:/ST/STM32CubeCLT_1.19.0/GNU-tools-for-STM32/bin/../lib/gcc/arm-none-eabi/13.3.1/../../../../arm-none-eabi/lib/thumb/v7-m/nofp\libg_nano.a(libc_a-memcpy-stub.o)

.debug_info     0x00000000     0x4125
 .debug_info    0x00000000      0x21b cmake/stm32cubemx/CMakeFiles/STM32_Drivers.dir/__/__/Core/Src/system_stm32f1xx.c.obj
 .debug_info    0x0000021b      0x59a cmake/stm32cubemx/CMakeFiles/STM32_Drivers.dir/__/__/Drivers/STM32F1xx_HAL_Driver/Src/stm32f1xx_ll_gpio.c.obj
 .debug_info    0x000007b5      0x5c2 cmake/stm32cubemx/CMakeFiles/STM32_Drivers.dir/__/__/Drivers/STM32F1xx_HAL_Driver/Src/stm32f1xx_ll_usart.c.obj
 .debug_info    0x00000d77      0x54b cmake/stm32cubemx/CMakeFiles/STM32_Drivers.dir/__/__/Drivers/STM32F1xx_HAL_Driver/Src/stm32f1xx_ll_rcc.c.obj
 .debug_info    0x000012c2      0x7e1 cmake/stm32cubemx/CMakeFiles/STM32_Drivers.dir/__/__/Drivers/STM32F1xx_HAL_Driver/Src/stm32f1xx_ll_utils.c.obj
 .debug_info    0x00001aa3      0xb06 CMakeFiles/Cmake_2D_Gimbal.dir/Hardware/Serial.c.obj
 .debug_info    0x000025a9      0xcb1 CMakeFiles/Cmake_2D_Gimbal.dir/Core/Src/main.c.obj
 .debug_info    0x0000325a      0x1a7 CMakeFiles/Cmake_2D_Gimbal.dir/Core/Src/gpio.c.obj
 .debug_info    0x00003401      0x983 CMakeFiles/Cmake_2D_Gimbal.dir/Core/Src/usart.c.obj
 .debug_info    0x00003d84      0x145 CMakeFiles/Cmake_2D_Gimbal.dir/Core/Src/stm32f1xx_it.c.obj
 .debug_info    0x00003ec9       0x30 CMakeFiles/Cmake_2D_Gimbal.dir/startup_stm32f103xb.s.obj
 .debug_info    0x00003ef9      0x10b C:/ST/STM32CubeCLT_1.19.0/GNU-tools-for-STM32/bin/../lib/gcc/arm-none-eabi/13.3.1/../../../../arm-none-eabi/lib/thumb/v7-m/nofp\libg_nano.a(libc_a-init.o)
 .debug_info    0x00004004      0x121 C:/ST/STM32CubeCLT_1.19.0/GNU-tools-for-STM32/bin/../lib/gcc/arm-none-eabi/13.3.1/../../../../arm-none-eabi/lib/thumb/v7-m/nofp\libg_nano.a(libc_a-memcpy-stub.o)

.debug_abbrev   0x00000000     0x146d
 .debug_abbrev  0x00000000      0x13f cmake/stm32cubemx/CMakeFiles/STM32_Drivers.dir/__/__/Core/Src/system_stm32f1xx.c.obj
 .debug_abbrev  0x0000013f      0x20d cmake/stm32cubemx/CMakeFiles/STM32_Drivers.dir/__/__/Drivers/STM32F1xx_HAL_Driver/Src/stm32f1xx_ll_gpio.c.obj
 .debug_abbrev  0x0000034c      0x1c7 cmake/stm32cubemx/CMakeFiles/STM32_Drivers.dir/__/__/Drivers/STM32F1xx_HAL_Driver/Src/stm32f1xx_ll_usart.c.obj
 .debug_abbrev  0x00000513      0x273 cmake/stm32cubemx/CMakeFiles/STM32_Drivers.dir/__/__/Drivers/STM32F1xx_HAL_Driver/Src/stm32f1xx_ll_rcc.c.obj
 .debug_abbrev  0x00000786      0x24e cmake/stm32cubemx/CMakeFiles/STM32_Drivers.dir/__/__/Drivers/STM32F1xx_HAL_Driver/Src/stm32f1xx_ll_utils.c.obj
 .debug_abbrev  0x000009d4      0x2d1 CMakeFiles/Cmake_2D_Gimbal.dir/Hardware/Serial.c.obj
 .debug_abbrev  0x00000ca5      0x2a1 CMakeFiles/Cmake_2D_Gimbal.dir/Core/Src/main.c.obj
 .debug_abbrev  0x00000f46      0x102 CMakeFiles/Cmake_2D_Gimbal.dir/Core/Src/gpio.c.obj
 .debug_abbrev  0x00001048      0x1f7 CMakeFiles/Cmake_2D_Gimbal.dir/Core/Src/usart.c.obj
 .debug_abbrev  0x0000123f       0x80 CMakeFiles/Cmake_2D_Gimbal.dir/Core/Src/stm32f1xx_it.c.obj
 .debug_abbrev  0x000012bf       0x24 CMakeFiles/Cmake_2D_Gimbal.dir/startup_stm32f103xb.s.obj
 .debug_abbrev  0x000012e3       0xc9 C:/ST/STM32CubeCLT_1.19.0/GNU-tools-for-STM32/bin/../lib/gcc/arm-none-eabi/13.3.1/../../../../arm-none-eabi/lib/thumb/v7-m/nofp\libg_nano.a(libc_a-init.o)
 .debug_abbrev  0x000013ac       0xc1 C:/ST/STM32CubeCLT_1.19.0/GNU-tools-for-STM32/bin/../lib/gcc/arm-none-eabi/13.3.1/../../../../arm-none-eabi/lib/thumb/v7-m/nofp\libg_nano.a(libc_a-memcpy-stub.o)

.debug_aranges  0x00000000      0x5a8
 .debug_aranges
                0x00000000       0x28 cmake/stm32cubemx/CMakeFiles/STM32_Drivers.dir/__/__/Core/Src/system_stm32f1xx.c.obj
 .debug_aranges
                0x00000028       0x60 cmake/stm32cubemx/CMakeFiles/STM32_Drivers.dir/__/__/Drivers/STM32F1xx_HAL_Driver/Src/stm32f1xx_ll_gpio.c.obj
 .debug_aranges
                0x00000088       0x88 cmake/stm32cubemx/CMakeFiles/STM32_Drivers.dir/__/__/Drivers/STM32F1xx_HAL_Driver/Src/stm32f1xx_ll_usart.c.obj
 .debug_aranges
                0x00000110       0xd8 cmake/stm32cubemx/CMakeFiles/STM32_Drivers.dir/__/__/Drivers/STM32F1xx_HAL_Driver/Src/stm32f1xx_ll_rcc.c.obj
 .debug_aranges
                0x000001e8       0xf8 cmake/stm32cubemx/CMakeFiles/STM32_Drivers.dir/__/__/Drivers/STM32F1xx_HAL_Driver/Src/stm32f1xx_ll_utils.c.obj
 .debug_aranges
                0x000002e0       0xc8 CMakeFiles/Cmake_2D_Gimbal.dir/Hardware/Serial.c.obj
 .debug_aranges
                0x000003a8       0xb8 CMakeFiles/Cmake_2D_Gimbal.dir/Core/Src/main.c.obj
 .debug_aranges
                0x00000460       0x28 CMakeFiles/Cmake_2D_Gimbal.dir/Core/Src/gpio.c.obj
 .debug_aranges
                0x00000488       0x58 CMakeFiles/Cmake_2D_Gimbal.dir/Core/Src/usart.c.obj
 .debug_aranges
                0x000004e0       0x60 CMakeFiles/Cmake_2D_Gimbal.dir/Core/Src/stm32f1xx_it.c.obj
 .debug_aranges
                0x00000540       0x28 CMakeFiles/Cmake_2D_Gimbal.dir/startup_stm32f103xb.s.obj
 .debug_aranges
                0x00000568       0x20 C:/ST/STM32CubeCLT_1.19.0/GNU-tools-for-STM32/bin/../lib/gcc/arm-none-eabi/13.3.1/../../../../arm-none-eabi/lib/thumb/v7-m/nofp\libg_nano.a(libc_a-init.o)
 .debug_aranges
                0x00000588       0x20 C:/ST/STM32CubeCLT_1.19.0/GNU-tools-for-STM32/bin/../lib/gcc/arm-none-eabi/13.3.1/../../../../arm-none-eabi/lib/thumb/v7-m/nofp\libg_nano.a(libc_a-memcpy-stub.o)

.debug_rnglists
                0x00000000      0x408
 .debug_rnglists
                0x00000000       0x1a cmake/stm32cubemx/CMakeFiles/STM32_Drivers.dir/__/__/Core/Src/system_stm32f1xx.c.obj
 .debug_rnglists
                0x0000001a       0x45 cmake/stm32cubemx/CMakeFiles/STM32_Drivers.dir/__/__/Drivers/STM32F1xx_HAL_Driver/Src/stm32f1xx_ll_gpio.c.obj
 .debug_rnglists
                0x0000005f       0x63 cmake/stm32cubemx/CMakeFiles/STM32_Drivers.dir/__/__/Drivers/STM32F1xx_HAL_Driver/Src/stm32f1xx_ll_usart.c.obj
 .debug_rnglists
                0x000000c2       0x9d cmake/stm32cubemx/CMakeFiles/STM32_Drivers.dir/__/__/Drivers/STM32F1xx_HAL_Driver/Src/stm32f1xx_ll_rcc.c.obj
 .debug_rnglists
                0x0000015f       0xb7 cmake/stm32cubemx/CMakeFiles/STM32_Drivers.dir/__/__/Drivers/STM32F1xx_HAL_Driver/Src/stm32f1xx_ll_utils.c.obj
 .debug_rnglists
                0x00000216       0x93 CMakeFiles/Cmake_2D_Gimbal.dir/Hardware/Serial.c.obj
 .debug_rnglists
                0x000002a9       0x86 CMakeFiles/Cmake_2D_Gimbal.dir/Core/Src/main.c.obj
 .debug_rnglists
                0x0000032f       0x19 CMakeFiles/Cmake_2D_Gimbal.dir/Core/Src/gpio.c.obj
 .debug_rnglists
                0x00000348       0x3e CMakeFiles/Cmake_2D_Gimbal.dir/Core/Src/usart.c.obj
 .debug_rnglists
                0x00000386       0x43 CMakeFiles/Cmake_2D_Gimbal.dir/Core/Src/stm32f1xx_it.c.obj
 .debug_rnglists
                0x000003c9       0x19 CMakeFiles/Cmake_2D_Gimbal.dir/startup_stm32f103xb.s.obj
 .debug_rnglists
                0x000003e2       0x13 C:/ST/STM32CubeCLT_1.19.0/GNU-tools-for-STM32/bin/../lib/gcc/arm-none-eabi/13.3.1/../../../../arm-none-eabi/lib/thumb/v7-m/nofp\libg_nano.a(libc_a-init.o)
 .debug_rnglists
                0x000003f5       0x13 C:/ST/STM32CubeCLT_1.19.0/GNU-tools-for-STM32/bin/../lib/gcc/arm-none-eabi/13.3.1/../../../../arm-none-eabi/lib/thumb/v7-m/nofp\libg_nano.a(libc_a-memcpy-stub.o)

.debug_macro    0x00000000    0x12a89
 .debug_macro   0x00000000       0xbc cmake/stm32cubemx/CMakeFiles/STM32_Drivers.dir/__/__/Core/Src/system_stm32f1xx.c.obj
 .debug_macro   0x000000bc      0xafc cmake/stm32cubemx/CMakeFiles/STM32_Drivers.dir/__/__/Core/Src/system_stm32f1xx.c.obj
 .debug_macro   0x00000bb8       0x2e cmake/stm32cubemx/CMakeFiles/STM32_Drivers.dir/__/__/Core/Src/system_stm32f1xx.c.obj
 .debug_macro   0x00000be6       0x22 cmake/stm32cubemx/CMakeFiles/STM32_Drivers.dir/__/__/Core/Src/system_stm32f1xx.c.obj
 .debug_macro   0x00000c08       0x22 cmake/stm32cubemx/CMakeFiles/STM32_Drivers.dir/__/__/Core/Src/system_stm32f1xx.c.obj
 .debug_macro   0x00000c2a       0x8e cmake/stm32cubemx/CMakeFiles/STM32_Drivers.dir/__/__/Core/Src/system_stm32f1xx.c.obj
 .debug_macro   0x00000cb8       0x51 cmake/stm32cubemx/CMakeFiles/STM32_Drivers.dir/__/__/Core/Src/system_stm32f1xx.c.obj
 .debug_macro   0x00000d09      0x103 cmake/stm32cubemx/CMakeFiles/STM32_Drivers.dir/__/__/Core/Src/system_stm32f1xx.c.obj
 .debug_macro   0x00000e0c       0x6a cmake/stm32cubemx/CMakeFiles/STM32_Drivers.dir/__/__/Core/Src/system_stm32f1xx.c.obj
 .debug_macro   0x00000e76      0x1df cmake/stm32cubemx/CMakeFiles/STM32_Drivers.dir/__/__/Core/Src/system_stm32f1xx.c.obj
 .debug_macro   0x00001055       0x1c cmake/stm32cubemx/CMakeFiles/STM32_Drivers.dir/__/__/Core/Src/system_stm32f1xx.c.obj
 .debug_macro   0x00001071       0x22 cmake/stm32cubemx/CMakeFiles/STM32_Drivers.dir/__/__/Core/Src/system_stm32f1xx.c.obj
 .debug_macro   0x00001093       0xbd cmake/stm32cubemx/CMakeFiles/STM32_Drivers.dir/__/__/Core/Src/system_stm32f1xx.c.obj
 .debug_macro   0x00001150      0xd23 cmake/stm32cubemx/CMakeFiles/STM32_Drivers.dir/__/__/Core/Src/system_stm32f1xx.c.obj
 .debug_macro   0x00001e73     0xe09e cmake/stm32cubemx/CMakeFiles/STM32_Drivers.dir/__/__/Core/Src/system_stm32f1xx.c.obj
 .debug_macro   0x0000ff11       0x6d cmake/stm32cubemx/CMakeFiles/STM32_Drivers.dir/__/__/Core/Src/system_stm32f1xx.c.obj
 .debug_macro   0x0000ff7e       0xf8 cmake/stm32cubemx/CMakeFiles/STM32_Drivers.dir/__/__/Drivers/STM32F1xx_HAL_Driver/Src/stm32f1xx_ll_gpio.c.obj
 .debug_macro   0x00010076      0x223 cmake/stm32cubemx/CMakeFiles/STM32_Drivers.dir/__/__/Drivers/STM32F1xx_HAL_Driver/Src/stm32f1xx_ll_gpio.c.obj
 .debug_macro   0x00010299       0xd7 cmake/stm32cubemx/CMakeFiles/STM32_Drivers.dir/__/__/Drivers/STM32F1xx_HAL_Driver/Src/stm32f1xx_ll_gpio.c.obj
 .debug_macro   0x00010370      0x12b cmake/stm32cubemx/CMakeFiles/STM32_Drivers.dir/__/__/Drivers/STM32F1xx_HAL_Driver/Src/stm32f1xx_ll_usart.c.obj
 .debug_macro   0x0001049b      0x1ae cmake/stm32cubemx/CMakeFiles/STM32_Drivers.dir/__/__/Drivers/STM32F1xx_HAL_Driver/Src/stm32f1xx_ll_usart.c.obj
 .debug_macro   0x00010649      0x2be cmake/stm32cubemx/CMakeFiles/STM32_Drivers.dir/__/__/Drivers/STM32F1xx_HAL_Driver/Src/stm32f1xx_ll_usart.c.obj
 .debug_macro   0x00010907       0xdd cmake/stm32cubemx/CMakeFiles/STM32_Drivers.dir/__/__/Drivers/STM32F1xx_HAL_Driver/Src/stm32f1xx_ll_rcc.c.obj
 .debug_macro   0x000109e4      0x2b8 cmake/stm32cubemx/CMakeFiles/STM32_Drivers.dir/__/__/Drivers/STM32F1xx_HAL_Driver/Src/stm32f1xx_ll_rcc.c.obj
 .debug_macro   0x00010c9c      0x139 cmake/stm32cubemx/CMakeFiles/STM32_Drivers.dir/__/__/Drivers/STM32F1xx_HAL_Driver/Src/stm32f1xx_ll_utils.c.obj
 .debug_macro   0x00010dd5       0x2a cmake/stm32cubemx/CMakeFiles/STM32_Drivers.dir/__/__/Drivers/STM32F1xx_HAL_Driver/Src/stm32f1xx_ll_utils.c.obj
 .debug_macro   0x00010dff       0x74 cmake/stm32cubemx/CMakeFiles/STM32_Drivers.dir/__/__/Drivers/STM32F1xx_HAL_Driver/Src/stm32f1xx_ll_utils.c.obj
 .debug_macro   0x00010e73      0x23b CMakeFiles/Cmake_2D_Gimbal.dir/Hardware/Serial.c.obj
 .debug_macro   0x000110ae       0xd0 CMakeFiles/Cmake_2D_Gimbal.dir/Hardware/Serial.c.obj
 .debug_macro   0x0001117e       0x28 CMakeFiles/Cmake_2D_Gimbal.dir/Hardware/Serial.c.obj
 .debug_macro   0x000111a6       0x90 CMakeFiles/Cmake_2D_Gimbal.dir/Hardware/Serial.c.obj
 .debug_macro   0x00011236      0x287 CMakeFiles/Cmake_2D_Gimbal.dir/Hardware/Serial.c.obj
 .debug_macro   0x000114bd      0x1b4 CMakeFiles/Cmake_2D_Gimbal.dir/Hardware/Serial.c.obj
 .debug_macro   0x00011671      0x229 CMakeFiles/Cmake_2D_Gimbal.dir/Hardware/Serial.c.obj
 .debug_macro   0x0001189a       0x22 CMakeFiles/Cmake_2D_Gimbal.dir/Hardware/Serial.c.obj
 .debug_macro   0x000118bc       0x22 CMakeFiles/Cmake_2D_Gimbal.dir/Hardware/Serial.c.obj
 .debug_macro   0x000118de       0x58 CMakeFiles/Cmake_2D_Gimbal.dir/Hardware/Serial.c.obj
 .debug_macro   0x00011936       0x74 CMakeFiles/Cmake_2D_Gimbal.dir/Hardware/Serial.c.obj
 .debug_macro   0x000119aa       0x24 CMakeFiles/Cmake_2D_Gimbal.dir/Hardware/Serial.c.obj
 .debug_macro   0x000119ce       0x3c CMakeFiles/Cmake_2D_Gimbal.dir/Hardware/Serial.c.obj
 .debug_macro   0x00011a0a       0x34 CMakeFiles/Cmake_2D_Gimbal.dir/Hardware/Serial.c.obj
 .debug_macro   0x00011a3e       0x16 CMakeFiles/Cmake_2D_Gimbal.dir/Hardware/Serial.c.obj
 .debug_macro   0x00011a54       0x9e CMakeFiles/Cmake_2D_Gimbal.dir/Hardware/Serial.c.obj
 .debug_macro   0x00011af2      0x370 CMakeFiles/Cmake_2D_Gimbal.dir/Hardware/Serial.c.obj
 .debug_macro   0x00011e62      0x112 CMakeFiles/Cmake_2D_Gimbal.dir/Hardware/Serial.c.obj
 .debug_macro   0x00011f74       0x16 CMakeFiles/Cmake_2D_Gimbal.dir/Hardware/Serial.c.obj
 .debug_macro   0x00011f8a       0x4a CMakeFiles/Cmake_2D_Gimbal.dir/Hardware/Serial.c.obj
 .debug_macro   0x00011fd4       0x34 CMakeFiles/Cmake_2D_Gimbal.dir/Hardware/Serial.c.obj
 .debug_macro   0x00012008       0x10 CMakeFiles/Cmake_2D_Gimbal.dir/Hardware/Serial.c.obj
 .debug_macro   0x00012018       0x58 CMakeFiles/Cmake_2D_Gimbal.dir/Hardware/Serial.c.obj
 .debug_macro   0x00012070      0x1e5 CMakeFiles/Cmake_2D_Gimbal.dir/Hardware/Serial.c.obj
 .debug_macro   0x00012255       0x16 CMakeFiles/Cmake_2D_Gimbal.dir/Hardware/Serial.c.obj
 .debug_macro   0x0001226b       0x16 CMakeFiles/Cmake_2D_Gimbal.dir/Hardware/Serial.c.obj
 .debug_macro   0x00012281      0x170 CMakeFiles/Cmake_2D_Gimbal.dir/Hardware/Serial.c.obj
 .debug_macro   0x000123f1       0x16 CMakeFiles/Cmake_2D_Gimbal.dir/Hardware/Serial.c.obj
 .debug_macro   0x00012407       0x3c CMakeFiles/Cmake_2D_Gimbal.dir/Hardware/Serial.c.obj
 .debug_macro   0x00012443       0x20 CMakeFiles/Cmake_2D_Gimbal.dir/Hardware/Serial.c.obj
 .debug_macro   0x00012463       0x34 CMakeFiles/Cmake_2D_Gimbal.dir/Hardware/Serial.c.obj
 .debug_macro   0x00012497      0x253 CMakeFiles/Cmake_2D_Gimbal.dir/Core/Src/main.c.obj
 .debug_macro   0x000126ea      0x135 CMakeFiles/Cmake_2D_Gimbal.dir/Core/Src/gpio.c.obj
 .debug_macro   0x0001281f      0x135 CMakeFiles/Cmake_2D_Gimbal.dir/Core/Src/usart.c.obj
 .debug_macro   0x00012954      0x135 CMakeFiles/Cmake_2D_Gimbal.dir/Core/Src/stm32f1xx_it.c.obj

.debug_line     0x00000000     0x51c3
 .debug_line    0x00000000      0x4b0 cmake/stm32cubemx/CMakeFiles/STM32_Drivers.dir/__/__/Core/Src/system_stm32f1xx.c.obj
 .debug_line    0x000004b0      0x76a cmake/stm32cubemx/CMakeFiles/STM32_Drivers.dir/__/__/Drivers/STM32F1xx_HAL_Driver/Src/stm32f1xx_ll_gpio.c.obj
 .debug_line    0x00000c1a      0x6e6 cmake/stm32cubemx/CMakeFiles/STM32_Drivers.dir/__/__/Drivers/STM32F1xx_HAL_Driver/Src/stm32f1xx_ll_usart.c.obj
 .debug_line    0x00001300      0x899 cmake/stm32cubemx/CMakeFiles/STM32_Drivers.dir/__/__/Drivers/STM32F1xx_HAL_Driver/Src/stm32f1xx_ll_rcc.c.obj
 .debug_line    0x00001b99      0x942 cmake/stm32cubemx/CMakeFiles/STM32_Drivers.dir/__/__/Drivers/STM32F1xx_HAL_Driver/Src/stm32f1xx_ll_utils.c.obj
 .debug_line    0x000024db      0xae7 CMakeFiles/Cmake_2D_Gimbal.dir/Hardware/Serial.c.obj
 .debug_line    0x00002fc2      0xa16 CMakeFiles/Cmake_2D_Gimbal.dir/Core/Src/main.c.obj
 .debug_line    0x000039d8      0x612 CMakeFiles/Cmake_2D_Gimbal.dir/Core/Src/gpio.c.obj
 .debug_line    0x00003fea      0x75a CMakeFiles/Cmake_2D_Gimbal.dir/Core/Src/usart.c.obj
 .debug_line    0x00004744      0x69b CMakeFiles/Cmake_2D_Gimbal.dir/Core/Src/stm32f1xx_it.c.obj
 .debug_line    0x00004ddf       0x78 CMakeFiles/Cmake_2D_Gimbal.dir/startup_stm32f103xb.s.obj
 .debug_line    0x00004e57      0x165 C:/ST/STM32CubeCLT_1.19.0/GNU-tools-for-STM32/bin/../lib/gcc/arm-none-eabi/13.3.1/../../../../arm-none-eabi/lib/thumb/v7-m/nofp\libg_nano.a(libc_a-init.o)
 .debug_line    0x00004fbc      0x207 C:/ST/STM32CubeCLT_1.19.0/GNU-tools-for-STM32/bin/../lib/gcc/arm-none-eabi/13.3.1/../../../../arm-none-eabi/lib/thumb/v7-m/nofp\libg_nano.a(libc_a-memcpy-stub.o)

.debug_str      0x00000000    0x5fb1e
 .debug_str     0x00000000    0x5fb1e cmake/stm32cubemx/CMakeFiles/STM32_Drivers.dir/__/__/Core/Src/system_stm32f1xx.c.obj
                              0x547ff (size before relaxing)
 .debug_str     0x0005fb1e    0x56142 cmake/stm32cubemx/CMakeFiles/STM32_Drivers.dir/__/__/Drivers/STM32F1xx_HAL_Driver/Src/stm32f1xx_ll_gpio.c.obj
 .debug_str     0x0005fb1e    0x5754a cmake/stm32cubemx/CMakeFiles/STM32_Drivers.dir/__/__/Drivers/STM32F1xx_HAL_Driver/Src/stm32f1xx_ll_usart.c.obj
 .debug_str     0x0005fb1e    0x55cc9 cmake/stm32cubemx/CMakeFiles/STM32_Drivers.dir/__/__/Drivers/STM32F1xx_HAL_Driver/Src/stm32f1xx_ll_rcc.c.obj
 .debug_str     0x0005fb1e    0x569be cmake/stm32cubemx/CMakeFiles/STM32_Drivers.dir/__/__/Drivers/STM32F1xx_HAL_Driver/Src/stm32f1xx_ll_utils.c.obj
 .debug_str     0x0005fb1e    0x5d6fb CMakeFiles/Cmake_2D_Gimbal.dir/Hardware/Serial.c.obj
 .debug_str     0x0005fb1e    0x5da87 CMakeFiles/Cmake_2D_Gimbal.dir/Core/Src/main.c.obj
 .debug_str     0x0005fb1e    0x59b42 CMakeFiles/Cmake_2D_Gimbal.dir/Core/Src/gpio.c.obj
 .debug_str     0x0005fb1e    0x5a0fd CMakeFiles/Cmake_2D_Gimbal.dir/Core/Src/usart.c.obj
 .debug_str     0x0005fb1e    0x59b58 CMakeFiles/Cmake_2D_Gimbal.dir/Core/Src/stm32f1xx_it.c.obj
 .debug_str     0x0005fb1e       0xbc CMakeFiles/Cmake_2D_Gimbal.dir/startup_stm32f103xb.s.obj
 .debug_str     0x0005fb1e      0x26a C:/ST/STM32CubeCLT_1.19.0/GNU-tools-for-STM32/bin/../lib/gcc/arm-none-eabi/13.3.1/../../../../arm-none-eabi/lib/thumb/v7-m/nofp\libg_nano.a(libc_a-init.o)
 .debug_str     0x0005fb1e      0x227 C:/ST/STM32CubeCLT_1.19.0/GNU-tools-for-STM32/bin/../lib/gcc/arm-none-eabi/13.3.1/../../../../arm-none-eabi/lib/thumb/v7-m/nofp\libg_nano.a(libc_a-memcpy-stub.o)

.debug_frame    0x00000000     0x14b4
 .debug_frame   0x00000000       0x58 cmake/stm32cubemx/CMakeFiles/STM32_Drivers.dir/__/__/Core/Src/system_stm32f1xx.c.obj
 .debug_frame   0x00000058      0x170 cmake/stm32cubemx/CMakeFiles/STM32_Drivers.dir/__/__/Drivers/STM32F1xx_HAL_Driver/Src/stm32f1xx_ll_gpio.c.obj
 .debug_frame   0x000001c8      0x234 cmake/stm32cubemx/CMakeFiles/STM32_Drivers.dir/__/__/Drivers/STM32F1xx_HAL_Driver/Src/stm32f1xx_ll_usart.c.obj
 .debug_frame   0x000003fc      0x34c cmake/stm32cubemx/CMakeFiles/STM32_Drivers.dir/__/__/Drivers/STM32F1xx_HAL_Driver/Src/stm32f1xx_ll_rcc.c.obj
 .debug_frame   0x00000748      0x400 cmake/stm32cubemx/CMakeFiles/STM32_Drivers.dir/__/__/Drivers/STM32F1xx_HAL_Driver/Src/stm32f1xx_ll_utils.c.obj
 .debug_frame   0x00000b48      0x39c CMakeFiles/Cmake_2D_Gimbal.dir/Hardware/Serial.c.obj
 .debug_frame   0x00000ee4      0x2dc CMakeFiles/Cmake_2D_Gimbal.dir/Core/Src/main.c.obj
 .debug_frame   0x000011c0       0x54 CMakeFiles/Cmake_2D_Gimbal.dir/Core/Src/gpio.c.obj
 .debug_frame   0x00001214      0x144 CMakeFiles/Cmake_2D_Gimbal.dir/Core/Src/usart.c.obj
 .debug_frame   0x00001358      0x108 CMakeFiles/Cmake_2D_Gimbal.dir/Core/Src/stm32f1xx_it.c.obj
 .debug_frame   0x00001460       0x2c C:/ST/STM32CubeCLT_1.19.0/GNU-tools-for-STM32/bin/../lib/gcc/arm-none-eabi/13.3.1/../../../../arm-none-eabi/lib/thumb/v7-m/nofp\libg_nano.a(libc_a-init.o)
 .debug_frame   0x0000148c       0x28 C:/ST/STM32CubeCLT_1.19.0/GNU-tools-for-STM32/bin/../lib/gcc/arm-none-eabi/13.3.1/../../../../arm-none-eabi/lib/thumb/v7-m/nofp\libg_nano.a(libc_a-memcpy-stub.o)

.debug_line_str
                0x00000000       0xa0
 .debug_line_str
                0x00000000       0xa0 CMakeFiles/Cmake_2D_Gimbal.dir/startup_stm32f103xb.s.obj

.debug_loclists
                0x00000000       0xe1
 .debug_loclists
                0x00000000       0x34 C:/ST/STM32CubeCLT_1.19.0/GNU-tools-for-STM32/bin/../lib/gcc/arm-none-eabi/13.3.1/../../../../arm-none-eabi/lib/thumb/v7-m/nofp\libg_nano.a(libc_a-init.o)
 .debug_loclists
                0x00000034       0xad C:/ST/STM32CubeCLT_1.19.0/GNU-tools-for-STM32/bin/../lib/gcc/arm-none-eabi/13.3.1/../../../../arm-none-eabi/lib/thumb/v7-m/nofp\libg_nano.a(libc_a-memcpy-stub.o)
